Archive member included to satisfy reference by file (symbol)

../../lib/libdwm.a(ble-server.o)
                              ../../lib/dwm.o (ble_add_shell_cmds)
../../lib/libdwm.a(ble_srv_common.o)
                              ../../lib/libdwm.a(ble-server.o) (ble_srv_is_notification_enabled)
../../lib/libdwm.a(dw1000.o)  ../../lib/libdwm.a(ble-server.o) (dw_rand)
../../lib/libdwm.a(dwm-math.o)
                              ../../lib/libdwm.a(dw1000.o) (flog10)
../../lib/libdwm.a(dwm.o)     obj/dwm-simple.o (dwm_systime_us_get)
../../lib/libdwm.a(env-tlv.o)
                              ../../lib/dwm.o (env_load)
../../lib/libdwm.a(fwup.o)    ../../lib/libdwm.a(ble-server.o) (fwup_rcvr_in_progress)
../../lib/libdwm.a(hal.o)     ../../lib/libdwm.a(dwm.o) (is_user_app_pin)
../../lib/libdwm.a(misc.o)    ../../lib/libdwm.a(ble-server.o) (utoa_base16)
../../lib/libdwm.a(pm.o)      ../../lib/libdwm.a(ble-server.o) (pm_task_lock)
../../lib/libdwm.a(process-ble.o)
                              ../../lib/libdwm.a(ble-server.o) (ble_server_thread_start)
../../lib/libdwm.a(process-le.o)
                              ../../lib/dwm.o (le_init)
../../lib/libdwm.a(process-pm.o)
                              ../../lib/dwm.o (hal_pm_init)
../../lib/libdwm.a(process-svc.o)
                              ../../lib/dwm.o (svc_init)
../../lib/libdwm.a(process-uwb.o)
                              ../../lib/libdwm.a(process-svc.o) (uwb_fsm)
../../lib/libdwm.a(shell-api.o)
                              ../../lib/dwm.o (api_commands)
../../lib/libdwm.a(shell-ble.o)
                              ../../lib/libdwm.a(ble-server.o) (ble_commands)
../../lib/libdwm.a(shell-le.o)
                              ../../lib/dwm.o (le_commands)
../../lib/libdwm.a(shell.o)   ../../lib/dwm.o (dwm_shell_init)
../../lib/libdwm.a(shell-sys.o)
                              ../../lib/libdwm.a(shell.o) (sys_commands)
../../lib/libdwm.a(shell-uwbmac.o)
                              ../../lib/dwm.o (uwbmac_commands)
../../lib/libdwm.a(shell-uwb.o)
                              ../../lib/dwm.o (uwb_commands)
../../lib/libdwm.a(softdevice_handler.o)
                              ../../lib/libdwm.a(ble-server.o) (softdevice_handler_is_enabled)
../../lib/libdwm.a(stats.o)   ../../lib/dwm.o (stats_get_data)
../../lib/libdwm.a(sys-cfg.o)
                              ../../lib/libdwm.a(ble-server.o) (sys_cfg_node_get)
../../lib/libdwm.a(uwb-fsm-utils.o)
                              ../../lib/libdwm.a(process-uwb.o) (uwb_fsm_run)
../../lib/libdwm.a(uwbmac-an.o)
                              ../../lib/libdwm.a(process-svc.o) (uwbmac_an_init)
../../lib/libdwm.a(uwbmac-frm.o)
                              ../../lib/libdwm.a(process-uwb.o) (uwbmac_frm_init)
../../lib/libdwm.a(uwbmac-fwup.o)
                              ../../lib/libdwm.a(uwbmac-an.o) (uwbmac_fwup_get_peer)
../../lib/libdwm.a(uwbmac-nodes.o)
                              ../../lib/libdwm.a(uwbmac-an.o) (uwbmac_node_list_init)
../../lib/libdwm.a(uwbmac.o)  ../../lib/libdwm.a(ble-server.o) (uwbmac_loc_cb_register)
../../lib/libdwm.a(uwbmac_priv.o)
                              ../../lib/libdwm.a(process-le.o) (_uwbmac)
../../lib/libdwm.a(uwbmac-tdma.o)
                              ../../lib/libdwm.a(uwbmac-an.o) (tdma_get_off_devt)
../../lib/libdwm.a(uwbmac-tdoa.o)
                              ../../lib/libdwm.a(shell-uwbmac.o) (uwbmac_tdoa_send_blink)
../../lib/libdwm.a(uwbmac-tn.o)
                              ../../lib/libdwm.a(uwbmac.o) (uwbmac_tn_reinit)
../../lib/libdwm.a(uwbmac-twr.o)
                              ../../lib/libdwm.a(uwbmac-an.o) (uwbmac_twr_fsm_inr_entry)
../../lib/libdwm.a(uwbmac-utils.o)
                              ../../lib/libdwm.a(uwbmac-an.o) (uwbmac_frm_build_cl_join_cfm)
../../lib/libdwm.a(lis2dx.o)  ../../lib/libdwm.a(uwbmac.o) (acc_get_data)
../../lib/libdwm.a(shell-sens.o)
                              ../../lib/dwm.o (sens_commands)
../../lib/libdwm.a(process-api.o)
                              ../../lib/dwm.o (api_thread_start)
../../lib/libdwm.a(serial.o)  ../../lib/libdwm.a(shell.o) (serial_sleep)
../../lib/libdwm.a(uwbmac-pn.o)
                              ../../lib/libdwm.a(process-uwb.o) (uwbmac_pn_init)
../../lib/libdwm.a(autopos.o)
                              ../../lib/libdwm.a(uwbmac-an.o) (autopos_free)
../../lib/libdwm.a(ble_advdata.o)
                              ../../lib/libdwm.a(ble-server.o) (ble_advdata_set)
../../lib/libdwm.a(ble_advertising.o)
                              ../../lib/libdwm.a(ble-server.o) (ble_advertising_init)
../../lib/libdwm.a(ble_conn_params.o)
                              ../../lib/libdwm.a(ble-server.o) (ble_conn_params_init)
../../lib/libdwm.a(ble-sd.o)  ../../lib/libdwm.a(softdevice_handler.o) (app_error_fault_handler)
../../lib/libdwm.a(crc32.o)   ../../lib/libdwm.a(env-tlv.o) (crc32)
../../lib/libdwm.a(deca_device.o)
                              ../../lib/libdwm.a(dw1000.o) (dwt_getpartid)
[...]
Memory Configuration

Name             Origin             Length             Attributes
sram             0x200035e0         0x0000ba20
flash            0x00044000         0x0003c000
*default*        0x00000000         0xffffffff

Linker script and memory map

LOAD ../..//lib/vectors.o
LOAD obj/dwm-simple.o
LOAD ../../lib/dwm.o
LOAD ../../lib/libdwm.a
LOAD /data/tools/gcc-arm-none-eabi/bin/../lib/gcc/arm-none-eabi/5.4.1/../../../../arm-none-eabi/lib/armv7e-m/fpu/libm.a
LOAD /data/tools/gcc-arm-none-eabi/bin/../lib/gcc/arm-none-eabi/5.4.1/armv7e-m/fpu/libgcc.a
LOAD /data/tools/gcc-arm-none-eabi/bin/../lib/gcc/arm-none-eabi/5.4.1/../../../../arm-none-eabi/lib/armv7e-m/fpu/libc.a
LOAD /data/tools/gcc-arm-none-eabi/bin/../lib/gcc/arm-none-eabi/5.4.1/../../../../arm-none-eabi/lib/armv7e-m/fpu/libnosys.a
LOAD ../..//lib/extras.o
START GROUP
LOAD ../..//lib/libtarget.a
LOAD /data/tools/gcc-arm-none-eabi/bin/../lib/gcc/arm-none-eabi/5.4.1/armv7e-m/fpu/libgcc.a
LOAD /data/tools/gcc-arm-none-eabi/bin/../lib/gcc/arm-none-eabi/5.4.1/../../../../arm-none-eabi/lib/armv7e-m/fpu/libsupc++.a
END GROUP

.debug_aranges  0x00000000       0x40
 *(.debug_aranges)
 .debug_aranges
                0x00000000       0x40 obj/dwm-simple.o

.debug_pubnames
 *(.debug_pubnames)

.debug_info     0x00000000      0xac0
 *(.debug_info)
 .debug_info    0x00000000      0xac0 obj/dwm-simple.o

.debug_abbrev   0x00000000      0x263
 *(.debug_abbrev)
 .debug_abbrev  0x00000000      0x263 obj/dwm-simple.o

.debug_line     0x00000000      0x21b
 *(.debug_line)
 .debug_line    0x00000000      0x21b obj/dwm-simple.o

.debug_frame    0x00000000     0x1600
 *(.debug_frame)
 .debug_frame   0x00000000       0xa4 obj/dwm-simple.o
 .debug_frame   0x000000a4       0x30 /data/tools/gcc-arm-none-eabi/bin/../lib/gcc/arm-none-eabi/5.4.1/../../../../arm-none-eabi/lib/armv7e-m/fpu/libm.a(lib_a-s_ceil.o)
 .debug_frame   0x000000d4       0x30 /data/tools/gcc-arm-none-eabi/bin/../lib/gcc/arm-none-eabi/5.4.1/../../../../arm-none-eabi/lib/armv7e-m/fpu/libm.a(lib_a-s_floor.o)
 .debug_frame   0x00000104       0x58 /data/tools/gcc-arm-none-eabi/bin/../lib/gcc/arm-none-eabi/5.4.1/../../../../arm-none-eabi/lib/armv7e-m/fpu/libm.a(lib_a-w_sqrt.o)
 .debug_frame   0x0000015c       0x30 /data/tools/gcc-arm-none-eabi/bin/../lib/gcc/arm-none-eabi/5.4.1/../../../../arm-none-eabi/lib/armv7e-m/fpu/libm.a(lib_a-e_sqrt.o)
 .debug_frame   0x0000018c       0x20 /data/tools/gcc-arm-none-eabi/bin/../lib/gcc/arm-none-eabi/5.4.1/../../../../arm-none-eabi/lib/armv7e-m/fpu/libm.a(lib_a-s_matherr.o)
 .debug_frame   0x000001ac       0x44 /data/tools/gcc-arm-none-eabi/bin/../lib/gcc/arm-none-eabi/5.4.1/armv7e-m/fpu/libgcc.a(_aeabi_ldivmod.o)
 .debug_frame   0x000001f0       0x2c /data/tools/gcc-arm-none-eabi/bin/../lib/gcc/arm-none-eabi/5.4.1/armv7e-m/fpu/libgcc.a(_aeabi_uldivmod.o)
 .debug_frame   0x0000021c       0x28 /data/tools/gcc-arm-none-eabi/bin/../lib/gcc/arm-none-eabi/5.4.1/armv7e-m/fpu/libgcc.a(_fixsfdi.o)
 .debug_frame   0x00000244       0x2c /data/tools/gcc-arm-none-eabi/bin/../lib/gcc/arm-none-eabi/5.4.1/armv7e-m/fpu/libgcc.a(_fixunssfdi.o)
 .debug_frame   0x00000270       0x2c /data/tools/gcc-arm-none-eabi/bin/../lib/gcc/arm-none-eabi/5.4.1/armv7e-m/fpu/libgcc.a(_fixunsdfdi.o)
 .debug_frame   0x0000029c       0x34 /data/tools/gcc-arm-none-eabi/bin/../lib/gcc/arm-none-eabi/5.4.1/armv7e-m/fpu/libgcc.a(_udivmoddi4.o)
 .debug_frame   0x000002d0       0x20 /data/tools/gcc-arm-none-eabi/bin/../lib/gcc/arm-none-eabi/5.4.1/../../../../arm-none-eabi/lib/armv7e-m/fpu/libc.a(lib_a-errno.o)
 .debug_frame   0x000002f0       0x6c /data/tools/gcc-arm-none-eabi/bin/../lib/gcc/arm-none-eabi/5.4.1/../../../../arm-none-eabi/lib/armv7e-m/fpu/libc.a(lib_a-fflush.o)
 .debug_frame   0x0000035c      0x124 /data/tools/gcc-arm-none-eabi/bin/../lib/gcc/arm-none-eabi/5.4.1/../../../../arm-none-eabi/lib/armv7e-m/fpu/libc.a(lib_a-findfp.o)
 .debug_frame   0x00000480       0x74 /data/tools/gcc-arm-none-eabi/bin/../lib/gcc/arm-none-eabi/5.4.1/../../../../arm-none-eabi/lib/armv7e-m/fpu/libc.a(lib_a-freer.o)
 .debug_frame   0x000004f4       0x54 /data/tools/gcc-arm-none-eabi/bin/../lib/gcc/arm-none-eabi/5.4.1/../../../../arm-none-eabi/lib/armv7e-m/fpu/libc.a(lib_a-fwalk.o)
 .debug_frame   0x00000548       0x30 /data/tools/gcc-arm-none-eabi/bin/../lib/gcc/arm-none-eabi/5.4.1/../../../../arm-none-eabi/lib/armv7e-m/fpu/libc.a(lib_a-malloc.o)
 .debug_frame   0x00000578       0x58 /data/tools/gcc-arm-none-eabi/bin/../lib/gcc/arm-none-eabi/5.4.1/../../../../arm-none-eabi/lib/armv7e-m/fpu/libc.a(lib_a-mallocr.o)
 .debug_frame   0x000005d0       0x38 /data/tools/gcc-arm-none-eabi/bin/../lib/gcc/arm-none-eabi/5.4.1/../../../../arm-none-eabi/lib/armv7e-m/fpu/libc.a(lib_a-memcmp.o)
 .debug_frame   0x00000608       0x34 /data/tools/gcc-arm-none-eabi/bin/../lib/gcc/arm-none-eabi/5.4.1/../../../../arm-none-eabi/lib/armv7e-m/fpu/libc.a(lib_a-memset.o)
 .debug_frame   0x0000063c       0x30 /data/tools/gcc-arm-none-eabi/bin/../lib/gcc/arm-none-eabi/5.4.1/../../../../arm-none-eabi/lib/armv7e-m/fpu/libc.a(lib_a-mlock.o)
 .debug_frame   0x0000066c       0x80 /data/tools/gcc-arm-none-eabi/bin/../lib/gcc/arm-none-eabi/5.4.1/../../../../arm-none-eabi/lib/armv7e-m/fpu/libc.a(lib_a-mstats.o)
 .debug_frame   0x000006ec       0x74 /data/tools/gcc-arm-none-eabi/bin/../lib/gcc/arm-none-eabi/5.4.1/../../../../arm-none-eabi/lib/armv7e-m/fpu/libc.a(lib_a-printf.o)
 .debug_frame   0x00000760       0x30 /data/tools/gcc-arm-none-eabi/bin/../lib/gcc/arm-none-eabi/5.4.1/../../../../arm-none-eabi/lib/armv7e-m/fpu/libc.a(lib_a-putchar.o)
 .debug_frame   0x00000790       0x48 /data/tools/gcc-arm-none-eabi/bin/../lib/gcc/arm-none-eabi/5.4.1/../../../../arm-none-eabi/lib/armv7e-m/fpu/libc.a(lib_a-puts.o)
 .debug_frame   0x000007d8       0x2c /data/tools/gcc-arm-none-eabi/bin/../lib/gcc/arm-none-eabi/5.4.1/../../../../arm-none-eabi/lib/armv7e-m/fpu/libc.a(lib_a-sbrkr.o)
 .debug_frame   0x00000804       0xd0 /data/tools/gcc-arm-none-eabi/bin/../lib/gcc/arm-none-eabi/5.4.1/../../../../arm-none-eabi/lib/armv7e-m/fpu/libc.a(lib_a-snprintf.o)
 .debug_frame   0x000008d4       0x88 /data/tools/gcc-arm-none-eabi/bin/../lib/gcc/arm-none-eabi/5.4.1/../../../../arm-none-eabi/lib/armv7e-m/fpu/libc.a(lib_a-stdio.o)
 .debug_frame   0x0000095c       0x98 /data/tools/gcc-arm-none-eabi/bin/../lib/gcc/arm-none-eabi/5.4.1/../../../../arm-none-eabi/lib/armv7e-m/fpu/libc.a(lib_a-strtoul.o)
 .debug_frame   0x000009f4       0x44 /data/tools/gcc-arm-none-eabi/bin/../lib/gcc/arm-none-eabi/5.4.1/../../../../arm-none-eabi/lib/armv7e-m/fpu/libc.a(lib_a-svfprintf.o)
 .debug_frame   0x00000a38       0x88 /data/tools/gcc-arm-none-eabi/bin/../lib/gcc/arm-none-eabi/5.4.1/../../../../arm-none-eabi/lib/armv7e-m/fpu/libc.a(lib_a-vfprintf.o)
 .debug_frame   0x00000ac0       0x2c /data/tools/gcc-arm-none-eabi/bin/../lib/gcc/arm-none-eabi/5.4.1/../../../../arm-none-eabi/lib/armv7e-m/fpu/libc.a(lib_a-writer.o)
 .debug_frame   0x00000aec       0x2c /data/tools/gcc-arm-none-eabi/bin/../lib/gcc/arm-none-eabi/5.4.1/../../../../arm-none-eabi/lib/armv7e-m/fpu/libc.a(lib_a-wsetup.o)
 .debug_frame   0x00000b18       0x2c /data/tools/gcc-arm-none-eabi/bin/../lib/gcc/arm-none-eabi/5.4.1/../../../../arm-none-eabi/lib/armv7e-m/fpu/libc.a(lib_a-closer.o)
 .debug_frame   0x00000b44       0x88 /data/tools/gcc-arm-none-eabi/bin/../lib/gcc/arm-none-eabi/5.4.1/../../../../arm-none-eabi/lib/armv7e-m/fpu/libc.a(lib_a-dtoa.o)
 .debug_frame   0x00000bcc       0x44 /data/tools/gcc-arm-none-eabi/bin/../lib/gcc/arm-none-eabi/5.4.1/../../../../arm-none-eabi/lib/armv7e-m/fpu/libc.a(lib_a-fclose.o)
 .debug_frame   0x00000c10       0x68 /data/tools/gcc-arm-none-eabi/bin/../lib/gcc/arm-none-eabi/5.4.1/../../../../arm-none-eabi/lib/armv7e-m/fpu/libc.a(lib_a-fvwrite.o)
 .debug_frame   0x00000c78       0x84 /data/tools/gcc-arm-none-eabi/bin/../lib/gcc/arm-none-eabi/5.4.1/../../../../arm-none-eabi/lib/armv7e-m/fpu/libc.a(lib_a-locale.o)
 .debug_frame   0x00000cfc       0x40 /data/tools/gcc-arm-none-eabi/bin/../lib/gcc/arm-none-eabi/5.4.1/../../../../arm-none-eabi/lib/armv7e-m/fpu/libc.a(lib_a-localeconv.o)
 .debug_frame   0x00000d3c       0x2c /data/tools/gcc-arm-none-eabi/bin/../lib/gcc/arm-none-eabi/5.4.1/../../../../arm-none-eabi/lib/armv7e-m/fpu/libc.a(lib_a-lseekr.o)
 .debug_frame   0x00000d68       0x68 /data/tools/gcc-arm-none-eabi/bin/../lib/gcc/arm-none-eabi/5.4.1/../../../../arm-none-eabi/lib/armv7e-m/fpu/libc.a(lib_a-makebuf.o)
 .debug_frame   0x00000dd0       0x50 /data/tools/gcc-arm-none-eabi/bin/../lib/gcc/arm-none-eabi/5.4.1/../../../../arm-none-eabi/lib/armv7e-m/fpu/libc.a(lib_a-mallinfor.o)
 .debug_frame   0x00000e20       0x4c /data/tools/gcc-arm-none-eabi/bin/../lib/gcc/arm-none-eabi/5.4.1/../../../../arm-none-eabi/lib/armv7e-m/fpu/libc.a(lib_a-mbtowc_r.o)
 .debug_frame   0x00000e6c       0x30 /data/tools/gcc-arm-none-eabi/bin/../lib/gcc/arm-none-eabi/5.4.1/../../../../arm-none-eabi/lib/armv7e-m/fpu/libc.a(lib_a-memmove.o)
 .debug_frame   0x00000e9c      0x264 /data/tools/gcc-arm-none-eabi/bin/../lib/gcc/arm-none-eabi/5.4.1/../../../../arm-none-eabi/lib/armv7e-m/fpu/libc.a(lib_a-mprec.o)
 .debug_frame   0x00001100       0x58 /data/tools/gcc-arm-none-eabi/bin/../lib/gcc/arm-none-eabi/5.4.1/../../../../arm-none-eabi/lib/armv7e-m/fpu/libc.a(lib_a-putc.o)
 .debug_frame   0x00001158       0x2c /data/tools/gcc-arm-none-eabi/bin/../lib/gcc/arm-none-eabi/5.4.1/../../../../arm-none-eabi/lib/armv7e-m/fpu/libc.a(lib_a-readr.o)
 .debug_frame   0x00001184       0x60 /data/tools/gcc-arm-none-eabi/bin/../lib/gcc/arm-none-eabi/5.4.1/../../../../arm-none-eabi/lib/armv7e-m/fpu/libc.a(lib_a-reallocr.o)
 .debug_frame   0x000011e4       0x58 /data/tools/gcc-arm-none-eabi/bin/../lib/gcc/arm-none-eabi/5.4.1/../../../../arm-none-eabi/lib/armv7e-m/fpu/libc.a(lib_a-reent.o)
 .debug_frame   0x0000123c       0x78 /data/tools/gcc-arm-none-eabi/bin/../lib/gcc/arm-none-eabi/5.4.1/../../../../arm-none-eabi/lib/armv7e-m/fpu/libc.a(lib_a-svfiprintf.o)
 .debug_frame   0x000012b4       0xc8 /data/tools/gcc-arm-none-eabi/bin/../lib/gcc/arm-none-eabi/5.4.1/../../../../arm-none-eabi/lib/armv7e-m/fpu/libc.a(lib_a-vfiprintf.o)
 .debug_frame   0x0000137c       0x40 /data/tools/gcc-arm-none-eabi/bin/../lib/gcc/arm-none-eabi/5.4.1/../../../../arm-none-eabi/lib/armv7e-m/fpu/libc.a(lib_a-wbuf.o)
 .debug_frame   0x000013bc       0x3c /data/tools/gcc-arm-none-eabi/bin/../lib/gcc/arm-none-eabi/5.4.1/../../../../arm-none-eabi/lib/armv7e-m/fpu/libc.a(lib_a-wctomb_r.o)
 .debug_frame   0x000013f8       0x28 /data/tools/gcc-arm-none-eabi/bin/../lib/gcc/arm-none-eabi/5.4.1/../../../../arm-none-eabi/lib/armv7e-m/fpu/libc.a(lib_a-callocr.o)
 .debug_frame   0x00001420       0x8c /data/tools/gcc-arm-none-eabi/bin/../lib/gcc/arm-none-eabi/5.4.1/../../../../arm-none-eabi/lib/armv7e-m/fpu/libc.a(lib_a-fputwc.o)
 .debug_frame   0x000014ac       0x2c /data/tools/gcc-arm-none-eabi/bin/../lib/gcc/arm-none-eabi/5.4.1/../../../../arm-none-eabi/lib/armv7e-m/fpu/libc.a(lib_a-fstatr.o)
 .debug_frame   0x000014d8       0x2c /data/tools/gcc-arm-none-eabi/bin/../lib/gcc/arm-none-eabi/5.4.1/../../../../arm-none-eabi/lib/armv7e-m/fpu/libc.a(lib_a-isattyr.o)
 .debug_frame   0x00001504       0x5c /data/tools/gcc-arm-none-eabi/bin/../lib/gcc/arm-none-eabi/5.4.1/../../../../arm-none-eabi/lib/armv7e-m/fpu/libc.a(lib_a-wcrtomb.o)
 .debug_frame   0x00001560       0x20 /data/tools/gcc-arm-none-eabi/bin/../lib/gcc/arm-none-eabi/5.4.1/../../../../arm-none-eabi/lib/armv7e-m/fpu/libnosys.a(close.o)
 .debug_frame   0x00001580       0x20 /data/tools/gcc-arm-none-eabi/bin/../lib/gcc/arm-none-eabi/5.4.1/../../../../arm-none-eabi/lib/armv7e-m/fpu/libnosys.a(fstat.o)
 .debug_frame   0x000015a0       0x20 /data/tools/gcc-arm-none-eabi/bin/../lib/gcc/arm-none-eabi/5.4.1/../../../../arm-none-eabi/lib/armv7e-m/fpu/libnosys.a(isatty.o)
 .debug_frame   0x000015c0       0x20 /data/tools/gcc-arm-none-eabi/bin/../lib/gcc/arm-none-eabi/5.4.1/../../../../arm-none-eabi/lib/armv7e-m/fpu/libnosys.a(lseek.o)
 .debug_frame   0x000015e0       0x20 /data/tools/gcc-arm-none-eabi/bin/../lib/gcc/arm-none-eabi/5.4.1/../../../../arm-none-eabi/lib/armv7e-m/fpu/libsupc++.a(atexit_arm.o)

.debug_str      0x00000000      0x53a
 *(.debug_str)
 .debug_str     0x00000000      0x53a obj/dwm-simple.o
                                0x5d1 (size before relaxing)

.debug_loc      0x00000000       0xde
 *(.debug_loc)
 .debug_loc     0x00000000       0xde obj/dwm-simple.o

.debug_macinfo
 *(.debug_macinfo)

.note.arm.ident
 *(.note.arm.ident)

/DISCARD/
 *(.fini_array*)

.rom_vectors    0x00044000        0x8
                0x00044000                __rom_vectors_vma = ABSOLUTE (.)
                0x00044000                . = .
 *(.vectors)
 .vectors       0x00044000        0x8 ../..//lib/vectors.o
                0x00044000                __rom_vectors_lma = LOADADDR (.rom_vectors)

.rel.text
 *(.rel.text)
 *(.rel.text.*)
 *(.rel.gnu.linkonce.t*)

.rela.text
 *(.rela.text)
 *(.rela.text.*)
 *(.rela.gnu.linkonce.t*)

.rel.data
 *(.rel.data)
 *(.rel.data.*)
 *(.rel.gnu.linkonce.d*)

.rela.data
 *(.rela.data)
 *(.rela.data.*)
 *(.rela.gnu.linkonce.d*)

.rel.rodata
 *(.rel.rodata)
 *(.rel.rodata.*)
 *(.rel.gnu.linkonce.r*)

.rela.rodata
 *(.rela.rodata)
 *(.rela.rodata.*)
 *(.rela.gnu.linkonce.r*)

.rel.got
 *(.rel.got)

.rela.got
 *(.rela.got)

.rel.ctors
 *(.rel.ctors)

.rela.ctors
 *(.rela.ctors)

.rel.dtors
 *(.rel.dtors)

.rela.dtors
 *(.rela.dtors)

.rel.init
 *(.rel.init)

.rela.init
 *(.rela.init)

.rel.fini
 *(.rel.fini)

.rela.fini
 *(.rela.fini)

.rel.bss
 *(.rel.bss)

.rela.bss
 *(.rela.bss)

.rel.plt
 *(.rel.plt)

.rela.plt
 *(.rela.plt)

.rel.dyn        0x00044008        0x0
 *(.rel.dyn)
 .rel.iplt      0x00044008        0x0 ../..//lib/vectors.o

.ARM.extab      0x00044008        0x0
                [!provide]                PROVIDE (__stext, ABSOLUTE (.))
                0x00044008                _stext = ABSOLUTE (.)
                0x00044008                . = .
 *(.ARM.extab* .gnu.linkonce.armextab.*)
                0x00044008                . = ALIGN (0x8)
                0x00044008                __exidx_start = ABSOLUTE (.)

.ARM.exidx      0x00044008        0x8
 *(.ARM.exidx* .gnu.linkonce.armexidx.*)
 .ARM.exidx     0x00044008        0x8 /data/tools/gcc-arm-none-eabi/bin/../lib/gcc/arm-none-eabi/5.4.1/armv7e-m/fpu/libgcc.a(_udivmoddi4.o)
 .ARM.exidx.text.__aeabi_atexit
                0x00044010        0x0 /data/tools/gcc-arm-none-eabi/bin/../lib/gcc/arm-none-eabi/5.4.1/../../../../arm-none-eabi/lib/armv7e-m/fpu/libsupc++.a(atexit_arm.o)
                                  0x8 (size before relaxing)
                0x00044010                . = .
                0x00044010                __exidx_end = ABSOLUTE (.)

.text           0x00044010    0x23a20
 *(.text*)
 .text          0x00044010       0xec ../..//lib/vectors.o
                0x00044010                reset_vector
                0x0004401c                hal_switch_state_vsr
                0x0004403c                hal_default_exception_vsr
                0x0004406e                hal_default_interrupt_vsr
                0x00044082                hal_pendable_svc_vsr
                0x000440a8                hal_interrupt_end_done
                0x000440ac                hal_interrupt_end_vsr
                0x000440ba                hal_call_dsrs_vsr
                0x000440be                hal_default_svc_vsr
                0x000440cc                hal_usagefault_exception_vsr
                0x000440f4                hal_boot_jump_asm
 .text.on_dwm_evt
                0x000440fc       0xa0 obj/dwm-simple.o
                0x000440fc                on_dwm_evt
 .text.acc_setup
                0x0004419c       0x64 obj/dwm-simple.o
                0x0004419c                acc_setup
 .text.acc_val  0x00044200       0x58 obj/dwm-simple.o
                0x00044200                acc_val
 .text.app_thread_entry
                0x00044258      0x140 obj/dwm-simple.o
                0x00044258                app_thread_entry
 .text.dwm_user_start
                0x00044398       0x48 obj/dwm-simple.o
                0x00044398                dwm_user_start
 .text.user_thread_create
                0x000443e0       0x84 ../../lib/dwm.o
                0x000443e0                user_thread_create
 .text.user_thread_resume
                0x00044464       0x38 ../../lib/dwm.o
                0x00044464                user_thread_resume
 .text.dwm_shell_add_commands
                0x0004449c       0x5c ../../lib/dwm.o
                0x0004449c                dwm_shell_add_commands
 .text.cyg_user_start
                0x000444f8      0x108 ../../lib/dwm.o
                0x000444f8                cyg_user_start
 .text.sd_ble_gap_addr_set
                0x00044600        0x4 ../../lib/libdwm.a(ble-server.o)
 .text.sd_ble_gap_addr_get
                0x00044604        0x4 ../../lib/libdwm.a(ble-server.o)
 .text.sd_ble_gap_disconnect
                0x00044608        0x4 ../../lib/libdwm.a(ble-server.o)
 .text.sd_ble_gap_device_name_set
                0x0004460c        0x4 ../../lib/libdwm.a(ble-server.o)
 .text.sd_ble_gatts_service_add
                0x00044610        0x4 ../../lib/libdwm.a(ble-server.o)
 .text.sd_ble_gatts_characteristic_add
                0x00044614        0x4 ../../lib/libdwm.a(ble-server.o)
 .text.sd_ble_gatts_value_set
                0x00044618        0x4 ../../lib/libdwm.a(ble-server.o)
 .text.sd_ble_gatts_value_get
                0x0004461c        0x4 ../../lib/libdwm.a(ble-server.o)
 .text.sd_ble_gatts_hvx
                0x00044620        0x4 ../../lib/libdwm.a(ble-server.o)
 .text.sd_ble_gatts_exchange_mtu_reply
                0x00044624        0x4 ../../lib/libdwm.a(ble-server.o)
 .text.sd_ble_tx_packet_count_get
                0x00044628        0x4 ../../lib/libdwm.a(ble-server.o)
 .text.sd_ble_uuid_vs_add
                0x0004462c        0x4 ../../lib/libdwm.a(ble-server.o)
 .text.NVIC_SystemReset
                0x00044630       0x24 ../../lib/libdwm.a(ble-server.o)
 .text.sd_clock_hfclk_release
                0x00044654        0x4 ../../lib/libdwm.a(ble-server.o)
 .text.sd_clock_hfclk_is_running
                0x00044658        0x4 ../../lib/libdwm.a(ble-server.o)
 .text.sd_softdevice_disable
                0x0004465c        0x4 ../../lib/libdwm.a(ble-server.o)
 .text.opt_flag_set
                0x00044660       0x18 ../../lib/libdwm.a(ble-server.o)
 .text.opt_flag_clear
                0x00044678       0x18 ../../lib/libdwm.a(ble-server.o)
 .text.ch_read  0x00044690       0x34 ../../lib/libdwm.a(ble-server.o)
 .text.ch_write
                0x000446c4       0x16 ../../lib/libdwm.a(ble-server.o)
 *fill*         0x000446da        0x2 
 .text._ble_mac_stat_set
                0x000446dc       0x50 ../../lib/libdwm.a(ble-server.o)
 .text.advertising_counter_inc
                0x0004472c       0x40 ../../lib/libdwm.a(ble-server.o)
 .text.ble_pm_suspend
                0x0004476c       0x48 ../../lib/libdwm.a(ble-server.o)
 .text.on_advertising_evt
                0x000447b4        0x8 ../../lib/libdwm.a(ble-server.o)
 .text._ble_addr_set
                0x000447bc       0x18 ../../lib/libdwm.a(ble-server.o)
 .text._add_shell_cmds
                0x000447d4       0x10 ../../lib/libdwm.a(ble-server.o)
 .text.on_advertising_error
                0x000447e4       0x14 ../../lib/libdwm.a(ble-server.o)
 .text.conn_params_error_handler
                0x000447f8       0x14 ../../lib/libdwm.a(ble-server.o)
 .text.ch_notify
                0x0004480c       0x58 ../../lib/libdwm.a(ble-server.o)
 .text.fwup_resp_notify
                0x00044864       0x60 ../../lib/libdwm.a(ble-server.o)
 .text.encode_dist.part.3
                0x000448c4       0x62 ../../lib/libdwm.a(ble-server.o)
 *fill*         0x00044926        0x2 
 .text._ble_proxy_set
                0x00044928       0xa0 ../../lib/libdwm.a(ble-server.o)
                0x00044928                _ble_proxy_set
 .text._ble_ur_set
                0x000449c8       0x60 ../../lib/libdwm.a(ble-server.o)
 .text.on_conn_params_evt
                0x00044a28       0x78 ../../lib/libdwm.a(ble-server.o)
 .text._ble_an_list_set
                0x00044aa0       0x68 ../../lib/libdwm.a(ble-server.o)
 .text._ble_mac_cl_info_set
                0x00044b08       0x58 ../../lib/libdwm.a(ble-server.o)
 .text._ble_addr_get
                0x00044b60       0x54 ../../lib/libdwm.a(ble-server.o)
 .text._ble_stop
                0x00044bb4       0x1a ../../lib/libdwm.a(ble-server.o)
 *fill*         0x00044bce        0x2 
 .text._ble_start
                0x00044bd0       0x5c ../../lib/libdwm.a(ble-server.o)
 .text.ch_uuid_vs_add.isra.22
                0x00044c2c      0x108 ../../lib/libdwm.a(ble-server.o)
 .text.gpio_ble_wakeup_intr
                0x00044d34       0x1e ../../lib/libdwm.a(ble-server.o)
 *fill*         0x00044d52        0x2 
 .text.ble_adv_is_enabled
                0x00044d54        0xc ../../lib/libdwm.a(ble-server.o)
                0x00044d54                ble_adv_is_enabled
 .text.ble_add_shell_cmds
                0x00044d60       0x10 ../../lib/libdwm.a(ble-server.o)
                0x00044d60                ble_add_shell_cmds
 .text.ble_start
                0x00044d70       0x10 ../../lib/libdwm.a(ble-server.o)
                0x00044d70                ble_start
 .text.ble_stop
                0x00044d80       0x10 ../../lib/libdwm.a(ble-server.o)
                0x00044d80                ble_stop
 .text.ble_pos_dist_set
                0x00044d90      0x15c ../../lib/libdwm.a(ble-server.o)
                0x00044d90                ble_pos_dist_set
 .text.loc_data_cb
                0x00044eec       0x90 ../../lib/libdwm.a(ble-server.o)
 .text.ble_ur_set
                0x00044f7c       0x10 ../../lib/libdwm.a(ble-server.o)
                0x00044f7c                ble_ur_set
 .text.ble_addr_set
                0x00044f8c       0x14 ../../lib/libdwm.a(ble-server.o)
                0x00044f8c                ble_addr_set
 .text.ble_addr_get
                0x00044fa0       0x14 ../../lib/libdwm.a(ble-server.o)
                0x00044fa0                ble_addr_get
 .text._ble_sys_info
                0x00044fb4       0x90 ../../lib/libdwm.a(ble-server.o)
 .text.ble_an_list_set
                0x00045044       0x10 ../../lib/libdwm.a(ble-server.o)
                0x00045044                ble_an_list_set
 .text.ble_mac_cl_info_set
                0x00045054       0x10 ../../lib/libdwm.a(ble-server.o)
                0x00045054                ble_mac_cl_info_set
 .text.ble_mac_stat_set
                0x00045064       0x10 ../../lib/libdwm.a(ble-server.o)
                0x00045064                ble_mac_stat_set
 .text.ble_proxy_set
                0x00045074       0x14 ../../lib/libdwm.a(ble-server.o)
                0x00045074                ble_proxy_set
 .text.ble_advertising_enable
                0x00045088       0x70 ../../lib/libdwm.a(ble-server.o)
                0x00045088                ble_advertising_enable
 .text.ble_server_on_ble_evt
                0x000450f8      0x9dc ../../lib/libdwm.a(ble-server.o)
                0x000450f8                ble_server_on_ble_evt
 .text.ble_sys_info
                0x00045ad4       0x10 ../../lib/libdwm.a(ble-server.o)
                0x00045ad4                ble_sys_info
 .text.ble_compile
                0x00045ae4       0xa4 ../../lib/libdwm.a(ble-server.o)
                0x00045ae4                ble_compile
 .text.ble_server_init
                0x00045b88      0x714 ../../lib/libdwm.a(ble-server.o)
                0x00045b88                ble_server_init
 .text.ble_server_uninit
                0x0004629c       0x18 ../../lib/libdwm.a(ble-server.o)
                0x0004629c                ble_server_uninit
 .text.ble_srv_is_notification_enabled
                0x000462b4        0x8 ../../lib/libdwm.a(ble_srv_common.o)
                0x000462b4                ble_srv_is_notification_enabled
 *fill*         0x000462bc        0x4 
 .text.dw_usec_to_devt
                0x000462c0       0x20 ../../lib/libdwm.a(dw1000.o)
                0x000462c0                dw_usec_to_devt
 .text.dw_read_sys_time
                0x000462e0       0x40 ../../lib/libdwm.a(dw1000.o)
                0x000462e0                dw_read_sys_time
 .text.dw_rand  0x00046320       0x18 ../../lib/libdwm.a(dw1000.o)
                0x00046320                dw_rand
 .text.dw_near_timeout
                0x00046338       0x50 ../../lib/libdwm.a(dw1000.o)
                0x00046338                dw_near_timeout
 .text.dw_tx_reset
                0x00046388       0x3a ../../lib/libdwm.a(dw1000.o)
                0x00046388                dw_tx_reset
 .text.dw_buf_write
                0x000463c2       0xd4 ../../lib/libdwm.a(dw1000.o)
                0x000463c2                dw_buf_write
 .text.dw_buf_start
                0x00046496       0x90 ../../lib/libdwm.a(dw1000.o)
                0x00046496                dw_buf_start
 .text.dw_buf_await_send
                0x00046526       0x5c ../../lib/libdwm.a(dw1000.o)
                0x00046526                dw_buf_await_send
 .text.dw_buf_send
                0x00046582       0x1e ../../lib/libdwm.a(dw1000.o)
                0x00046582                dw_buf_send
 .text.dw_rx_on
                0x000465a0       0x20 ../../lib/libdwm.a(dw1000.o)
                0x000465a0                dw_rx_on
 .text.dw_rxto_on
                0x000465c0       0x40 ../../lib/libdwm.a(dw1000.o)
                0x000465c0                dw_rxto_on
 .text.dw_get_preamble_len
                0x00046600       0x18 ../../lib/libdwm.a(dw1000.o)
                0x00046600                dw_get_preamble_len
 .text.dw_get_frame_len
                0x00046618      0x124 ../../lib/libdwm.a(dw1000.o)
                0x00046618                dw_get_frame_len
 *fill*         0x0004673c        0x4 
 .text.dw_get_qf
                0x00046740      0x16c ../../lib/libdwm.a(dw1000.o)
                0x00046740                dw_get_qf
 *fill*         0x000468ac        0x4 
 .text.dw_get_rssi
                0x000468b0       0xb8 ../../lib/libdwm.a(dw1000.o)
                0x000468b0                dw_get_rssi
 .text.dw_set_ch_cfg
                0x00046968        0xa ../../lib/libdwm.a(dw1000.o)
                0x00046968                dw_set_ch_cfg
 .text.dw_set_tx_cfg
                0x00046972       0x1a ../../lib/libdwm.a(dw1000.o)
                0x00046972                dw_set_tx_cfg
 .text.dw_set_ant_rx_delay
                0x0004698c        0x8 ../../lib/libdwm.a(dw1000.o)
                0x0004698c                dw_set_ant_rx_delay
 .text.dw_set_ant_tx_delay
                0x00046994        0x8 ../../lib/libdwm.a(dw1000.o)
                0x00046994                dw_set_ant_tx_delay
 .text.dw_get_ant_cfg
                0x0004699c       0x22 ../../lib/libdwm.a(dw1000.o)
                0x0004699c                dw_get_ant_cfg
 .text.dw_set_ant_cfg
                0x000469be       0x24 ../../lib/libdwm.a(dw1000.o)
                0x000469be                dw_set_ant_cfg
 .text.dw_set_xtaltrim
                0x000469e2       0x1c ../../lib/libdwm.a(dw1000.o)
                0x000469e2                dw_set_xtaltrim
 *fill*         0x000469fe        0x2 
 .text.dw_get_temp
                0x00046a00       0x44 ../../lib/libdwm.a(dw1000.o)
                0x00046a00                dw_get_temp
 *fill*         0x00046a44        0x4 
 .text.dw_bw_txpwr_comp
                0x00046a48      0x160 ../../lib/libdwm.a(dw1000.o)
                0x00046a48                dw_bw_txpwr_comp
 .text.dw_tx_cb
                0x00046ba8       0x7c ../../lib/libdwm.a(dw1000.o)
                0x00046ba8                dw_tx_cb
 .text.dw_rx_cb
                0x00046c24      0x18a ../../lib/libdwm.a(dw1000.o)
                0x00046c24                dw_rx_cb
 .text.dw_sleep
                0x00046dae       0x1e ../../lib/libdwm.a(dw1000.o)
                0x00046dae                dw_sleep
 .text.dw_init  0x00046dcc       0xa8 ../../lib/libdwm.a(dw1000.o)
                0x00046dcc                dw_init
 .text.dw_set_src_addr
                0x00046e74       0x7a ../../lib/libdwm.a(dw1000.o)
                0x00046e74                dw_set_src_addr
 .text.dw_get_src_addr
                0x00046eee        0xc ../../lib/libdwm.a(dw1000.o)
                0x00046eee                dw_get_src_addr
 .text.dw_get_event
                0x00046efa       0x70 ../../lib/libdwm.a(dw1000.o)
                0x00046efa                dw_get_event
 *fill*         0x00046f6a        0x2 
 .text.uwb_get_if
                0x00046f6c       0x10 ../../lib/libdwm.a(dw1000.o)
                0x00046f6c                uwb_get_if
 .text.dw1000_init
                0x00046f7c       0xd8 ../../lib/libdwm.a(dw1000.o)
                0x00046f7c                dw1000_init
 .text.dw_dump_cfg
                0x00047054      0x260 ../../lib/libdwm.a(dw1000.o)
                0x00047054                dw_dump_cfg
 .text.fact     0x000472b4       0x12 ../../lib/libdwm.a(dwm-math.o)
                0x000472b4                fact
 *fill*         0x000472c6        0x2 
 .text.flog10   0x000472c8       0x28 ../../lib/libdwm.a(dwm-math.o)
                0x000472c8                flog10
 .text.get_dist
                0x000472f0       0xc4 ../../lib/libdwm.a(dwm-math.o)
                0x000472f0                get_dist
 .text.uwbmac_loc_cb
                0x000473b4      0x160 ../../lib/libdwm.a(dwm.o)
 .text.dwm_systime_us_get
                0x00047514        0x8 ../../lib/libdwm.a(dwm.o)
                0x00047514                dwm_systime_us_get
 .text.dwm_thread_create
                0x0004751c       0x60 ../../lib/libdwm.a(dwm.o)
                0x0004751c                dwm_thread_create
 .text.dwm_thread_resume
                0x0004757c       0x10 ../../lib/libdwm.a(dwm.o)
                0x0004757c                dwm_thread_resume
 .text.dwm_reset
                0x0004758c       0x24 ../../lib/libdwm.a(dwm.o)
                0x0004758c                dwm_reset
 .text.dwm_sleep
                0x000475b0       0x20 ../../lib/libdwm.a(dwm.o)
                0x000475b0                dwm_sleep
 .text.dwm_i2c_read
                0x000475d0       0x5a ../../lib/libdwm.a(dwm.o)
                0x000475d0                dwm_i2c_read
 .text.dwm_i2c_write
                0x0004762a       0x5a ../../lib/libdwm.a(dwm.o)
                0x0004762a                dwm_i2c_write
 .text.dwm_cfg_anchor_set
                0x00047684       0x56 ../../lib/libdwm.a(dwm.o)
                0x00047684                dwm_cfg_anchor_set
 .text.dwm_cfg_tag_set
                0x000476da       0x70 ../../lib/libdwm.a(dwm.o)
                0x000476da                dwm_cfg_tag_set
 .text.dwm_cfg_get
                0x0004774a       0x72 ../../lib/libdwm.a(dwm.o)
                0x0004774a                dwm_cfg_get
 .text.dwm_pos_set
                0x000477bc       0x2e ../../lib/libdwm.a(dwm.o)
                0x000477bc                dwm_pos_set
 .text.dwm_pos_get
                0x000477ea       0x36 ../../lib/libdwm.a(dwm.o)
                0x000477ea                dwm_pos_get
 .text.dwm_upd_rate_set
                0x00047820       0x2a ../../lib/libdwm.a(dwm.o)
                0x00047820                dwm_upd_rate_set
 .text.dwm_upd_rate_get
                0x0004784a       0x34 ../../lib/libdwm.a(dwm.o)
                0x0004784a                dwm_upd_rate_get
 *fill*         0x0004787e        0x2 
 .text.dwm_evt_cb_register
                0x00047880       0x34 ../../lib/libdwm.a(dwm.o)
                0x00047880                dwm_evt_cb_register
 .text.dwm_ble_compile
                0x000478b4        0x4 ../../lib/libdwm.a(dwm.o)
                0x000478b4                dwm_ble_compile
 .text.dwm_le_compile
                0x000478b8        0x4 ../../lib/libdwm.a(dwm.o)
                0x000478b8                dwm_le_compile
 .text.env_get_end
                0x000478bc       0x28 ../../lib/libdwm.a(env-tlv.o)
 .text.env_save
                0x000478e4       0x60 ../../lib/libdwm.a(env-tlv.o)
                0x000478e4                env_save
 .text.env_load
                0x00047944       0xe4 ../../lib/libdwm.a(env-tlv.o)
                0x00047944                env_load
 .text.env_get  0x00047a28       0x30 ../../lib/libdwm.a(env-tlv.o)
                0x00047a28                env_get
 .text.env_set  0x00047a58       0xa8 ../../lib/libdwm.a(env-tlv.o)
                0x00047a58                env_set
 .text.fwup_reset
                0x00047b00        0x8 ../../lib/libdwm.a(fwup.o)
                0x00047b00                fwup_reset
 .text.fwup_sndr_in_progress
                0x00047b08       0x1a ../../lib/libdwm.a(fwup.o)
                0x00047b08                fwup_sndr_in_progress
 .text.fwup_sndr_start
                0x00047b22        0x6 ../../lib/libdwm.a(fwup.o)
                0x00047b22                fwup_sndr_start
 .text.fwup_sndr_init
                0x00047b28       0x6a ../../lib/libdwm.a(fwup.o)
                0x00047b28                fwup_sndr_init
 .text.fwup_sndr_stop
                0x00047b92        0x4 ../../lib/libdwm.a(fwup.o)
                0x00047b92                fwup_sndr_stop
 .text.fwup_sndr_data_next
                0x00047b96       0x12 ../../lib/libdwm.a(fwup.o)
                0x00047b96                fwup_sndr_data_next
 .text.fwup_rcvr_in_progress
                0x00047ba8       0x1a ../../lib/libdwm.a(fwup.o)
                0x00047ba8                fwup_rcvr_in_progress
 .text.fwup_rcvr_start
                0x00047bc2       0x4c ../../lib/libdwm.a(fwup.o)
                0x00047bc2                fwup_rcvr_start
 .text.fwup_rcvr_stop
                0x00047c0e       0x16 ../../lib/libdwm.a(fwup.o)
                0x00047c0e                fwup_rcvr_stop
 .text.fwup_rcvr_data_handler
                0x00047c24       0x56 ../../lib/libdwm.a(fwup.o)
                0x00047c24                fwup_rcvr_data_handler
 .text.fwup_rcvr_data_write
                0x00047c7a      0x160 ../../lib/libdwm.a(fwup.o)
                0x00047c7a                fwup_rcvr_data_write
 .text.fwup_rcvr_is_finished
                0x00047dda       0x36 ../../lib/libdwm.a(fwup.o)
                0x00047dda                fwup_rcvr_is_finished
 .text.nrf_gpio_pins_toggle
                0x00047e10       0x18 ../../lib/libdwm.a(hal.o)
 .text.sd_clock_hfclk_request
                0x00047e28        0x4 ../../lib/libdwm.a(hal.o)
 .text.sd_clock_hfclk_release
                0x00047e2c        0x4 ../../lib/libdwm.a(hal.o)
 .text.sd_app_evt_wait
                0x00047e30        0x4 ../../lib/libdwm.a(hal.o)
 .text.sd_temp_get
                0x00047e34        0x4 ../../lib/libdwm.a(hal.o)
 .text._led_dummy
                0x00047e38        0x2 ../../lib/libdwm.a(hal.o)
 .text._led_orange_on
                0x00047e3a        0xe ../../lib/libdwm.a(hal.o)
 .text._led_orange_off
                0x00047e48        0xe ../../lib/libdwm.a(hal.o)
 .text._led_orange_toggle
                0x00047e56        0x8 ../../lib/libdwm.a(hal.o)
 .text._led_red_on
                0x00047e5e        0xe ../../lib/libdwm.a(hal.o)
 .text._led_red_off
                0x00047e6c        0xe ../../lib/libdwm.a(hal.o)
 .text._led_red_toggle
                0x00047e7a        0x8 ../../lib/libdwm.a(hal.o)
 .text._led_green_on
                0x00047e82        0xe ../../lib/libdwm.a(hal.o)
 .text._led_green_off
                0x00047e90        0xe ../../lib/libdwm.a(hal.o)
 .text._led_green_toggle
                0x00047e9e        0x8 ../../lib/libdwm.a(hal.o)
 .text.wdt_handler
                0x00047ea6        0x2 ../../lib/libdwm.a(hal.o)
 .text.is_user_app_pin
                0x00047ea8       0x44 ../../lib/libdwm.a(hal.o)
                0x00047ea8                is_user_app_pin
 .text.hal_flash_erase
                0x00047eec       0x14 ../../lib/libdwm.a(hal.o)
                0x00047eec                hal_flash_erase
 .text.hal_flash_write_page
                0x00047f00        0x6 ../../lib/libdwm.a(hal.o)
                0x00047f00                hal_flash_write_page
 .text.hal_fw_get_chksum
                0x00047f06       0x42 ../../lib/libdwm.a(hal.o)
                0x00047f06                hal_fw_get_chksum
 .text.hal_fw_is_compat
                0x00047f48       0x10 ../../lib/libdwm.a(hal.o)
                0x00047f48                hal_fw_is_compat
 .text.hal_time_hfclk_start
                0x00047f58       0x1a ../../lib/libdwm.a(hal.o)
                0x00047f58                hal_time_hfclk_start
 .text.hal_time_hfclk_stop
                0x00047f72       0x1c ../../lib/libdwm.a(hal.o)
                0x00047f72                hal_time_hfclk_stop
 *fill*         0x00047f8e        0x2 
 .text.hal_wdt_app_init
                0x00047f90       0x10 ../../lib/libdwm.a(hal.o)
                0x00047f90                hal_wdt_app_init
 .text.hal_wdt_app_reset
                0x00047fa0        0x4 ../../lib/libdwm.a(hal.o)
                0x00047fa0                hal_wdt_app_reset
 .text.hal_temp_get
                0x00047fa4       0x60 ../../lib/libdwm.a(hal.o)
                0x00047fa4                hal_temp_get
 .text.hal_sleep
                0x00048004       0xe4 ../../lib/libdwm.a(hal.o)
                0x00048004                hal_sleep
 .text.hal_mem_free
                0x000480e8       0x12 ../../lib/libdwm.a(hal.o)
                0x000480e8                hal_mem_free
 .text.hal_uptime
                0x000480fa       0x20 ../../lib/libdwm.a(hal.o)
                0x000480fa                hal_uptime
 *fill*         0x0004811a        0x2 
 .text.hal_critical_region_enter
                0x0004811c       0x50 ../../lib/libdwm.a(hal.o)
                0x0004811c                hal_critical_region_enter
 .text.hal_critical_region_exit
                0x0004816c       0x34 ../../lib/libdwm.a(hal.o)
                0x0004816c                hal_critical_region_exit
 .text.leds_enable
                0x000481a0       0xbc ../../lib/libdwm.a(hal.o)
                0x000481a0                leds_enable
 .text.leds_disable
                0x0004825c       0x74 ../../lib/libdwm.a(hal.o)
                0x0004825c                leds_disable
 .text._read    0x000482d0        0x8 ../../lib/libdwm.a(hal.o)
                0x000482d0                _read
 .text._write   0x000482d8       0x2a ../../lib/libdwm.a(hal.o)
                0x000482d8                _write
 *fill*         0x00048302        0x2 
 .text._sbrk    0x00048304       0x2c ../../lib/libdwm.a(hal.o)
                0x00048304                _sbrk
 .text.utoa_base16
                0x00048330       0x2c ../../lib/libdwm.a(misc.o)
                0x00048330                utoa_base16
 .text.pm_can_sleep
                0x0004835c       0x44 ../../lib/libdwm.a(pm.o)
                0x0004835c                pm_can_sleep
 .text.pm_task_get_next
                0x000483a0       0x54 ../../lib/libdwm.a(pm.o)
                0x000483a0                pm_task_get_next
 .text.pm_sched_signal
                0x000483f4        0xc ../../lib/libdwm.a(pm.o)
                0x000483f4                pm_sched_signal
 .text.pm_sched_wait
                0x00048400        0xc ../../lib/libdwm.a(pm.o)
                0x00048400                pm_sched_wait
 .text.pm_task_lock
                0x0004840c       0x26 ../../lib/libdwm.a(pm.o)
                0x0004840c                pm_task_lock
 .text.pm_task_unlock
                0x00048432       0x2c ../../lib/libdwm.a(pm.o)
                0x00048432                pm_task_unlock
 *fill*         0x0004845e        0x2 
 .text.pm_task_unlock_set_alarm
                0x00048460       0x98 ../../lib/libdwm.a(pm.o)
                0x00048460                pm_task_unlock_set_alarm
 .text.pm_task_wakeup
                0x000484f8        0x4 ../../lib/libdwm.a(pm.o)
                0x000484f8                pm_task_wakeup
 .text.pm_task_alloc
                0x000484fc       0x64 ../../lib/libdwm.a(pm.o)
                0x000484fc                pm_task_alloc
 .text.pm_task_free
                0x00048560       0x58 ../../lib/libdwm.a(pm.o)
                0x00048560                pm_task_free
 .text.pm_init  0x000485b8       0x54 ../../lib/libdwm.a(pm.o)
                0x000485b8                pm_init
 .text.ble_thread_entry
                0x0004860c       0x3c ../../lib/libdwm.a(process-ble.o)
 .text.ble_server_evt_put
                0x00048648       0x28 ../../lib/libdwm.a(process-ble.o)
                0x00048648                ble_server_evt_put
 .text.ble_server_thread_start
                0x00048670       0x10 ../../lib/libdwm.a(process-ble.o)
                0x00048670                ble_server_thread_start
 .text.ble_server_thread_stop
                0x00048680       0x38 ../../lib/libdwm.a(process-ble.o)
                0x00048680                ble_server_thread_stop
 .text.ble_server_thread_init
                0x000486b8       0x4c ../../lib/libdwm.a(process-ble.o)
                0x000486b8                ble_server_thread_init
 .text.ble_init_ready
                0x00048704        0xc ../../lib/libdwm.a(process-ble.o)
                0x00048704                ble_init_ready
 .text.le_print_disable
                0x00048710       0x10 ../../lib/libdwm.a(process-le.o)
 .text.nole_thread_entry
                0x00048720      0x260 ../../lib/libdwm.a(process-le.o)
 .text.le_thread_entry
                0x00048980      0x478 ../../lib/libdwm.a(process-le.o)
 .text.le_post_loc_data
                0x00048df8       0x64 ../../lib/libdwm.a(process-le.o)
                0x00048df8                le_post_loc_data
 .text.le_init  0x00048e5c       0x7c ../../lib/libdwm.a(process-le.o)
                0x00048e5c                le_init
 .text.le_start
                0x00048ed8       0x18 ../../lib/libdwm.a(process-le.o)
                0x00048ed8                le_start
 .text.le_post_meas
                0x00048ef0       0x78 ../../lib/libdwm.a(process-le.o)
                0x00048ef0                le_post_meas
 .text.le_loc_get
                0x00048f68      0x100 ../../lib/libdwm.a(process-le.o)
                0x00048f68                le_loc_get
 .text.le_pos_get
                0x00049068       0x58 ../../lib/libdwm.a(process-le.o)
                0x00049068                le_pos_get
 .text.le_loc_print_toggle
                0x000490c0       0x28 ../../lib/libdwm.a(process-le.o)
                0x000490c0                le_loc_print_toggle
 .text.le_loc_ts_print_toggle
                0x000490e8       0x24 ../../lib/libdwm.a(process-le.o)
                0x000490e8                le_loc_ts_print_toggle
 .text.le_loc_csv_print_toggle
                0x0004910c       0x28 ../../lib/libdwm.a(process-le.o)
                0x0004910c                le_loc_csv_print_toggle
 .text.le_loc_csv_ts_print_toggle
                0x00049134       0x28 ../../lib/libdwm.a(process-le.o)
                0x00049134                le_loc_csv_ts_print_toggle
 .text.le_pos_csv_print_toggle
                0x0004915c       0x24 ../../lib/libdwm.a(process-le.o)
                0x0004915c                le_pos_csv_print_toggle
 .text.le_compile
                0x00049180       0x18 ../../lib/libdwm.a(process-le.o)
                0x00049180                le_compile
 .text.pm_thread_entry
                0x00049198       0x90 ../../lib/libdwm.a(process-pm.o)
 .text.hal_pm_init
                0x00049228       0x78 ../../lib/libdwm.a(process-pm.o)
                0x00049228                hal_pm_init
 .text.hal_pm_start
                0x000492a0        0xc ../../lib/libdwm.a(process-pm.o)
                0x000492a0                hal_pm_start
 .text.uwb0_recover.part.0
                0x000492ac       0x1c ../../lib/libdwm.a(process-svc.o)
 .text.svc_thread_entry
                0x000492c8      0x370 ../../lib/libdwm.a(process-svc.o)
 .text.svc_init
                0x00049638       0x3c ../../lib/libdwm.a(process-svc.o)
                0x00049638                svc_init
 .text.svc_start
                0x00049674        0xc ../../lib/libdwm.a(process-svc.o)
                0x00049674                svc_start
 .text.svc_post_event
                0x00049680       0x70 ../../lib/libdwm.a(process-svc.o)
                0x00049680                svc_post_event
 .text.svc_suspend
                0x000496f0       0x30 ../../lib/libdwm.a(process-svc.o)
                0x000496f0                svc_suspend
 .text.svc_resume
                0x00049720       0x28 ../../lib/libdwm.a(process-svc.o)
                0x00049720                svc_resume
 .text.dw_intr  0x00049748       0x68 ../../lib/libdwm.a(process-uwb.o)
                0x00049748                dw_intr
 .text.uwb_init_uwb0
                0x000497b0      0x270 ../../lib/libdwm.a(process-uwb.o)
                0x000497b0                uwb_init_uwb0
 .text.uwb_thread_entry
                0x00049a20      0x144 ../../lib/libdwm.a(process-uwb.o)
 .text.uwb_init
                0x00049b64       0x3c ../../lib/libdwm.a(process-uwb.o)
                0x00049b64                uwb_init
 .text.uwb_start
                0x00049ba0        0xc ../../lib/libdwm.a(process-uwb.o)
                0x00049ba0                uwb_start
 .text.uwb_init_ready_await
                0x00049bac       0x18 ../../lib/libdwm.a(process-uwb.o)
                0x00049bac                uwb_init_ready_await
 .text.cmd_pos_get
                0x00049bc4       0x34 ../../lib/libdwm.a(shell-api.o)
 .text.cmd_ur_get
                0x00049bf8       0x28 ../../lib/libdwm.a(shell-api.o)
 .text.cmd_tlv  0x00049c20       0xe0 ../../lib/libdwm.a(shell-api.o)
 .text.cmd_cfg_tn_set
                0x00049d00       0xf0 ../../lib/libdwm.a(shell-api.o)
 .text.cmd_cfg_an_set
                0x00049df0       0xc4 ../../lib/libdwm.a(shell-api.o)
 .text.cmd_pos_set
                0x00049eb4       0x68 ../../lib/libdwm.a(shell-api.o)
 .text.cmd_ur_set
                0x00049f1c       0x58 ../../lib/libdwm.a(shell-api.o)
 .text.cmd_ble_disable
                0x00049f74        0x4 ../../lib/libdwm.a(shell-ble.o)
 .text.cmd_ble_enable
                0x00049f78       0x10 ../../lib/libdwm.a(shell-ble.o)
 .text.cmd_ble_addr_get
                0x00049f88        0x4 ../../lib/libdwm.a(shell-ble.o)
 .text.cmd_ble_addr_set
                0x00049f8c       0x50 ../../lib/libdwm.a(shell-ble.o)
 .text.cmd_le_show_loc
                0x00049fdc       0x2c ../../lib/libdwm.a(shell-le.o)
                0x00049fdc                cmd_le_show_loc
 .text.cmd_le_show_loc_csv
                0x0004a008       0x2c ../../lib/libdwm.a(shell-le.o)
                0x0004a008                cmd_le_show_loc_csv
 .text.cmd_le_show_pos_csv
                0x0004a034        0x4 ../../lib/libdwm.a(shell-le.o)
                0x0004a034                cmd_le_show_pos_csv
 .text.dwm_shell_init
                0x0004a038       0x10 ../../lib/libdwm.a(shell.o)
                0x0004a038                dwm_shell_init
 .text.shell_start
                0x0004a048       0x10 ../../lib/libdwm.a(shell.o)
                0x0004a048                shell_start
 .text.shell_delete_if_unused
                0x0004a058       0x10 ../../lib/libdwm.a(shell.o)
                0x0004a058                shell_delete_if_unused
 .text.shell_add_cmds
                0x0004a068       0x10 ../../lib/libdwm.a(shell.o)
                0x0004a068                shell_add_cmds
 .text.get_argc
                0x0004a078       0x10 ../../lib/libdwm.a(shell.o)
                0x0004a078                get_argc
 .text.shell_get_arg
                0x0004a088       0x10 ../../lib/libdwm.a(shell.o)
                0x0004a088                shell_get_arg
 .text.shell_get_arg_int
                0x0004a098       0x10 ../../lib/libdwm.a(shell.o)
                0x0004a098                shell_get_arg_int
 .text.shell_show_hidden
                0x0004a0a8       0x10 ../../lib/libdwm.a(shell.o)
                0x0004a0a8                shell_show_hidden
 .text.NVIC_SystemReset
                0x0004a0b8       0x24 ../../lib/libdwm.a(shell-uwbmac.o)
 .text.cmd_test_fsl
                0x0004a0dc       0x64 ../../lib/libdwm.a(shell-uwbmac.o)
 .text.cmd_uwbmac_tdoa_send_blink
                0x0004a140       0xb4 ../../lib/libdwm.a(shell-uwbmac.o)
 .text.cmd_test_coll_rep
                0x0004a1f4       0x90 ../../lib/libdwm.a(shell-uwbmac.o)
 .text.cmd_test_tdma_map_dump
                0x0004a284        0xc ../../lib/libdwm.a(shell-uwbmac.o)
 .text.cmd_test_tdma_sl_map_dump
                0x0004a290        0xc ../../lib/libdwm.a(shell-uwbmac.o)
 .text.cmd_uwbmac_stats_clear
                0x0004a29c        0xe ../../lib/libdwm.a(shell-uwbmac.o)
 .text.cmd_uwbmac_stats_get
                0x0004a2aa        0xe ../../lib/libdwm.a(shell-uwbmac.o)
 .text.cmd_uwbmac_la
                0x0004a2b8       0x50 ../../lib/libdwm.a(shell-uwbmac.o)
 .text.cmd_uwbmac_reinit
                0x0004a308       0x74 ../../lib/libdwm.a(shell-uwbmac.o)
 .text.cmd_bpc_toggle
                0x0004a37c       0x58 ../../lib/libdwm.a(shell-uwbmac.o)
 .text.cmd_node_mode_set_tn_lp
                0x0004a3d4        0xe ../../lib/libdwm.a(shell-uwbmac.o)
 .text.cmd_node_mode_set_tn
                0x0004a3e2        0xe ../../lib/libdwm.a(shell-uwbmac.o)
 .text.cmd_node_mode_set_ani
                0x0004a3f0        0xe ../../lib/libdwm.a(shell-uwbmac.o)
 .text.cmd_node_mode_set_an
                0x0004a3fe        0xe ../../lib/libdwm.a(shell-uwbmac.o)
 .text.cmd_node_mode_set_pn_off
                0x0004a40c       0x10 ../../lib/libdwm.a(shell-uwbmac.o)
 .text.cmd_node_mode_set_pn_pasv
                0x0004a41c       0x10 ../../lib/libdwm.a(shell-uwbmac.o)
 .text.cmd_node_mode_get
                0x0004a42c       0x24 ../../lib/libdwm.a(shell-uwbmac.o)
 .text.cmd_autopos_start
                0x0004a450       0x44 ../../lib/libdwm.a(shell-uwbmac.o)
 .text.cmd_uwb_wakeup
                0x0004a494       0x12 ../../lib/libdwm.a(shell-uwb.o)
 *fill*         0x0004a4a6        0x2 
 .text.cmd_uwb_hw_test
                0x0004a4a8       0xe4 ../../lib/libdwm.a(shell-uwb.o)
                0x0004a4a8                cmd_uwb_hw_test
 .text.cmd_uwb_param_get
                0x0004a58c       0x10 ../../lib/libdwm.a(shell-uwb.o)
 .text.uwb_off  0x0004a59c       0x10 ../../lib/libdwm.a(shell-uwb.o)
 .text.cmd_uwb_sleep
                0x0004a5ac       0x20 ../../lib/libdwm.a(shell-uwb.o)
 .text.cmd_uwb_off
                0x0004a5cc        0x4 ../../lib/libdwm.a(shell-uwb.o)
 .text.cmd_uwb_id
                0x0004a5d0       0x54 ../../lib/libdwm.a(shell-uwb.o)
 .text.cmd_uwb_pgcnt
                0x0004a624       0x3c ../../lib/libdwm.a(shell-uwb.o)
 .text.cmd_uwb_utc
                0x0004a660       0x5c ../../lib/libdwm.a(shell-uwb.o)
 .text.cmd_uwb_utcp
                0x0004a6bc       0x10 ../../lib/libdwm.a(shell-uwb.o)
 .text.cmd_uwb_uts
                0x0004a6cc       0x9c ../../lib/libdwm.a(shell-uwb.o)
 .text.cmd_uwb_utg
                0x0004a768       0x40 ../../lib/libdwm.a(shell-uwb.o)
 .text.cmd_uwb_rx_pto
                0x0004a7a8      0x118 ../../lib/libdwm.a(shell-uwb.o)
 .text.cmd_uwb_rx
                0x0004a8c0       0x2a ../../lib/libdwm.a(shell-uwb.o)
 *fill*         0x0004a8ea        0x2 
 .text.uwb_test_fsm_rxpto_entry
                0x0004a8ec       0xd0 ../../lib/libdwm.a(shell-uwb.o)
 .text.cmd_uwb_uod
                0x0004a9bc       0x10 ../../lib/libdwm.a(shell-uwb.o)
 .text.cmd_uwb_uotp
                0x0004a9cc       0xd8 ../../lib/libdwm.a(shell-uwb.o)
 .text.cmd_uwb_uoa
                0x0004aaa4       0x88 ../../lib/libdwm.a(shell-uwb.o)
 .text.cmd_uwb_clock_print
                0x0004ab2c       0x24 ../../lib/libdwm.a(shell-uwb.o)
 .text.cmd_uwb_tx
                0x0004ab50      0x190 ../../lib/libdwm.a(shell-uwb.o)
 .text.cmd_uwb_eventcounter_print
                0x0004ace0       0xbc ../../lib/libdwm.a(shell-uwb.o)
 .text.cmd_uwb_eventcounter_disable
                0x0004ad9c       0x12 ../../lib/libdwm.a(shell-uwb.o)
 .text.cmd_uwb_eventcounter_enable
                0x0004adae       0x12 ../../lib/libdwm.a(shell-uwb.o)
 .text.cmd_uwb_cf_mode
                0x0004adc0       0xf0 ../../lib/libdwm.a(shell-uwb.o)
 .text.cmd_uwb_get_ant_cfg
                0x0004aeb0       0x2c ../../lib/libdwm.a(shell-uwb.o)
 .text.cmd_uwb_set_tx_power
                0x0004aedc       0x80 ../../lib/libdwm.a(shell-uwb.o)
 .text.cmd_uwb_param_set
                0x0004af5c      0x2a4 ../../lib/libdwm.a(shell-uwb.o)
 .text.cmd_uwb_reg_set
                0x0004b200       0x84 ../../lib/libdwm.a(shell-uwb.o)
 .text.cmd_uwb_regs_dump
                0x0004b284       0x34 ../../lib/libdwm.a(shell-uwb.o)
 .text.cmd_uwb_init
                0x0004b2b8       0x74 ../../lib/libdwm.a(shell-uwb.o)
 .text.cmd_uwb_set_xtaltrim
                0x0004b32c       0x54 ../../lib/libdwm.a(shell-uwb.o)
 .text.cmd_uwb_cw_mode
                0x0004b380       0x70 ../../lib/libdwm.a(shell-uwb.o)
 .text.cmd_uwb_set_ant_cfg
                0x0004b3f0       0x60 ../../lib/libdwm.a(shell-uwb.o)
 .text.cmd_uwb_reg_get
                0x0004b450       0x70 ../../lib/libdwm.a(shell-uwb.o)
 .text.sd_evt_get
                0x0004b4c0        0x4 ../../lib/libdwm.a(softdevice_handler.o)
 .text.sd_softdevice_enable
                0x0004b4c4        0x4 ../../lib/libdwm.a(softdevice_handler.o)
 .text.sd_softdevice_disable
                0x0004b4c8        0x4 ../../lib/libdwm.a(softdevice_handler.o)
 .text.sd_ble_enable
                0x0004b4cc        0x4 ../../lib/libdwm.a(softdevice_handler.o)
 .text.sd_ble_evt_get
                0x0004b4d0        0x4 ../../lib/libdwm.a(softdevice_handler.o)
 .text.softdevice_fault_handler
                0x0004b4d4        0x4 ../../lib/libdwm.a(softdevice_handler.o)
                0x0004b4d4                softdevice_fault_handler
 .text.sd_nvic_EnableIRQ.constprop.6
                0x0004b4d8       0x38 ../../lib/libdwm.a(softdevice_handler.o)
 .text.intern_softdevice_events_execute
                0x0004b510       0xc8 ../../lib/libdwm.a(softdevice_handler.o)
                0x0004b510                intern_softdevice_events_execute
 .text.softdevice_handler_is_enabled
                0x0004b5d8        0xc ../../lib/libdwm.a(softdevice_handler.o)
                0x0004b5d8                softdevice_handler_is_enabled
 .text.softdevice_handler_init
                0x0004b5e4       0x64 ../../lib/libdwm.a(softdevice_handler.o)
                0x0004b5e4                softdevice_handler_init
 .text.softdevice_handler_sd_disable
                0x0004b648       0x1c ../../lib/libdwm.a(softdevice_handler.o)
                0x0004b648                softdevice_handler_sd_disable
 .text.softdevice_ble_evt_handler_set
                0x0004b664       0x14 ../../lib/libdwm.a(softdevice_handler.o)
                0x0004b664                softdevice_ble_evt_handler_set
 .text.softdevice_sys_evt_handler_set
                0x0004b678       0x14 ../../lib/libdwm.a(softdevice_handler.o)
                0x0004b678                softdevice_sys_evt_handler_set
 .text.softdevice_enable_get_default_config
                0x0004b68c       0x2e ../../lib/libdwm.a(softdevice_handler.o)
                0x0004b68c                softdevice_enable_get_default_config
 *fill*         0x0004b6ba        0x2 
 .text.softdevice_enable
                0x0004b6bc       0x48 ../../lib/libdwm.a(softdevice_handler.o)
                0x0004b6bc                softdevice_enable
 .text.stats_get_data
                0x0004b704        0x8 ../../lib/libdwm.a(stats.o)
                0x0004b704                stats_get_data
 .text.stats_reset
                0x0004b70c        0x8 ../../lib/libdwm.a(stats.o)
                0x0004b70c                stats_reset
 .text.stats_get_tot_err
                0x0004b714       0x2e ../../lib/libdwm.a(stats.o)
                0x0004b714                stats_get_tot_err
 *fill*         0x0004b742        0x2 
 .text.stats_dump
                0x0004b744      0x1d0 ../../lib/libdwm.a(stats.o)
                0x0004b744                stats_dump
 .text.env_bytes_get
                0x0004b914       0x28 ../../lib/libdwm.a(sys-cfg.o)
 .text.sys_cfg_type_is_valid
                0x0004b93c       0x14 ../../lib/libdwm.a(sys-cfg.o)
 .text.sys_cfg_type_load
                0x0004b950       0x24 ../../lib/libdwm.a(sys-cfg.o)
 .text.sys_cfg_node_save.constprop.8
                0x0004b974       0x1c ../../lib/libdwm.a(sys-cfg.o)
 .text.sys_cfg_uwbmac_save.constprop.2
                0x0004b990       0x1c ../../lib/libdwm.a(sys-cfg.o)
 .text.sys_cfg_uwb0_save.constprop.5
                0x0004b9ac       0x1c ../../lib/libdwm.a(sys-cfg.o)
 .text.sys_cfg_node_get
                0x0004b9c8       0x14 ../../lib/libdwm.a(sys-cfg.o)
                0x0004b9c8                sys_cfg_node_get
 .text.sys_cfg_name_get
                0x0004b9dc        0x8 ../../lib/libdwm.a(sys-cfg.o)
                0x0004b9dc                sys_cfg_name_get
 .text.sys_cfg_name_set
                0x0004b9e4       0x28 ../../lib/libdwm.a(sys-cfg.o)
                0x0004b9e4                sys_cfg_name_set
 .text.sys_cfg_ble_addr_get
                0x0004ba0c        0x8 ../../lib/libdwm.a(sys-cfg.o)
                0x0004ba0c                sys_cfg_ble_addr_get
 .text.sys_cfg_ble_addr_set
                0x0004ba14       0x28 ../../lib/libdwm.a(sys-cfg.o)
                0x0004ba14                sys_cfg_ble_addr_set
 .text.sys_cfg_uwb0_get
                0x0004ba3c       0x18 ../../lib/libdwm.a(sys-cfg.o)
                0x0004ba3c                sys_cfg_uwb0_get
 .text.sys_cfg_uwb0_set
                0x0004ba54       0x34 ../../lib/libdwm.a(sys-cfg.o)
                0x0004ba54                sys_cfg_uwb0_set
 .text.sys_cfg_uwb0_tx_get
                0x0004ba88       0x38 ../../lib/libdwm.a(sys-cfg.o)
                0x0004ba88                sys_cfg_uwb0_tx_get
 .text.sys_cfg_uwb0_tx_set
                0x0004bac0       0x2c ../../lib/libdwm.a(sys-cfg.o)
                0x0004bac0                sys_cfg_uwb0_tx_set
 .text.sys_cfg_uwb0_ant_get
                0x0004baec       0x2c ../../lib/libdwm.a(sys-cfg.o)
                0x0004baec                sys_cfg_uwb0_ant_get
 .text.sys_cfg_uwb0_ant_set
                0x0004bb18       0x24 ../../lib/libdwm.a(sys-cfg.o)
                0x0004bb18                sys_cfg_uwb0_ant_set
 .text.sys_cfg_uwb0_xtaltrim_get
                0x0004bb3c       0x20 ../../lib/libdwm.a(sys-cfg.o)
                0x0004bb3c                sys_cfg_uwb0_xtaltrim_get
 .text.sys_cfg_uwb0_xtaltrim_set
                0x0004bb5c       0x20 ../../lib/libdwm.a(sys-cfg.o)
                0x0004bb5c                sys_cfg_uwb0_xtaltrim_set
 .text.sys_cfg_panid_get
                0x0004bb7c       0x1c ../../lib/libdwm.a(sys-cfg.o)
                0x0004bb7c                sys_cfg_panid_get
 .text.sys_cfg_panid_set
                0x0004bb98       0x20 ../../lib/libdwm.a(sys-cfg.o)
                0x0004bb98                sys_cfg_panid_set
 .text.sys_cfg_uwbmac_get
                0x0004bbb8       0x18 ../../lib/libdwm.a(sys-cfg.o)
                0x0004bbb8                sys_cfg_uwbmac_get
 .text.sys_cfg_opt_get
                0x0004bbd0       0x1c ../../lib/libdwm.a(sys-cfg.o)
                0x0004bbd0                sys_cfg_opt_get
 .text.sys_cfg_opt_set
                0x0004bbec       0x20 ../../lib/libdwm.a(sys-cfg.o)
                0x0004bbec                sys_cfg_opt_set
 .text.sys_cfg_opt_enable
                0x0004bc0c       0x20 ../../lib/libdwm.a(sys-cfg.o)
                0x0004bc0c                sys_cfg_opt_enable
 .text.sys_cfg_intr_get
                0x0004bc2c       0x1c ../../lib/libdwm.a(sys-cfg.o)
                0x0004bc2c                sys_cfg_intr_get
 .text.sys_cfg_intr_set
                0x0004bc48       0x20 ../../lib/libdwm.a(sys-cfg.o)
                0x0004bc48                sys_cfg_intr_set
 .text.sys_cfg_pos_set
                0x0004bc68       0x3c ../../lib/libdwm.a(sys-cfg.o)
                0x0004bc68                sys_cfg_pos_set
 .text.sys_cfg_upd_per_get
                0x0004bca4       0x20 ../../lib/libdwm.a(sys-cfg.o)
                0x0004bca4                sys_cfg_upd_per_get
 .text.sys_cfg_upd_per_set
                0x0004bcc4       0x20 ../../lib/libdwm.a(sys-cfg.o)
                0x0004bcc4                sys_cfg_upd_per_set
 .text.sys_cfg_sync
                0x0004bce4       0x18 ../../lib/libdwm.a(sys-cfg.o)
                0x0004bce4                sys_cfg_sync
 .text.sys_cfg_load
                0x0004bcfc      0x178 ../../lib/libdwm.a(sys-cfg.o)
                0x0004bcfc                sys_cfg_load
 .text.sys_cfg_is_an
                0x0004be74       0x1c ../../lib/libdwm.a(sys-cfg.o)
                0x0004be74                sys_cfg_is_an
 .text.sys_cfg_is_tn
                0x0004be90       0x20 ../../lib/libdwm.a(sys-cfg.o)
                0x0004be90                sys_cfg_is_tn
 .text.sys_cfg_is_tn_lp
                0x0004beb0       0x24 ../../lib/libdwm.a(sys-cfg.o)
                0x0004beb0                sys_cfg_is_tn_lp
 .text.sys_cfg_is_pn
                0x0004bed4       0x20 ../../lib/libdwm.a(sys-cfg.o)
                0x0004bed4                sys_cfg_is_pn
 .text.sys_cfg_is_bridge
                0x0004bef4       0x1c ../../lib/libdwm.a(sys-cfg.o)
                0x0004bef4                sys_cfg_is_bridge
 .text.sys_cfg_is_initiator
                0x0004bf10       0x1c ../../lib/libdwm.a(sys-cfg.o)
                0x0004bf10                sys_cfg_is_initiator
 .text.sys_cfg_has_pasv
                0x0004bf2c       0x1c ../../lib/libdwm.a(sys-cfg.o)
                0x0004bf2c                sys_cfg_has_pasv
 .text.sys_cfg_has_off
                0x0004bf48       0x1c ../../lib/libdwm.a(sys-cfg.o)
                0x0004bf48                sys_cfg_has_off
 .text.sys_cfg_has_lp
                0x0004bf64       0x1c ../../lib/libdwm.a(sys-cfg.o)
                0x0004bf64                sys_cfg_has_lp
 .text.sys_cfg_has_twr
                0x0004bf80       0x1c ../../lib/libdwm.a(sys-cfg.o)
                0x0004bf80                sys_cfg_has_twr
 .text.sys_cfg_has_tdoa
                0x0004bf9c       0x1c ../../lib/libdwm.a(sys-cfg.o)
                0x0004bf9c                sys_cfg_has_tdoa
 .text.sys_cfg_has_le
                0x0004bfb8       0x1c ../../lib/libdwm.a(sys-cfg.o)
                0x0004bfb8                sys_cfg_has_le
 .text.sys_cfg_has_fwup
                0x0004bfd4       0x1c ../../lib/libdwm.a(sys-cfg.o)
                0x0004bfd4                sys_cfg_has_fwup
 .text.sys_cfg_has_ble
                0x0004bff0       0x1c ../../lib/libdwm.a(sys-cfg.o)
                0x0004bff0                sys_cfg_has_ble
 .text.sys_cfg_has_bpc
                0x0004c00c       0x1c ../../lib/libdwm.a(sys-cfg.o)
                0x0004c00c                sys_cfg_has_bpc
 .text.sys_cfg_has_dut
                0x0004c028       0x1c ../../lib/libdwm.a(sys-cfg.o)
                0x0004c028                sys_cfg_has_dut
 .text.sys_cfg_has_acc
                0x0004c044       0x1c ../../lib/libdwm.a(sys-cfg.o)
                0x0004c044                sys_cfg_has_acc
 .text.sys_cfg_has_leds
                0x0004c060       0x1c ../../lib/libdwm.a(sys-cfg.o)
                0x0004c060                sys_cfg_has_leds
 .text.sys_cfg_mode_set_ani
                0x0004c07c       0x22 ../../lib/libdwm.a(sys-cfg.o)
                0x0004c07c                sys_cfg_mode_set_ani
 .text.sys_cfg_mode_set_an
                0x0004c09e       0x26 ../../lib/libdwm.a(sys-cfg.o)
                0x0004c09e                sys_cfg_mode_set_an
 .text.sys_cfg_mode_set_tn
                0x0004c0c4       0x26 ../../lib/libdwm.a(sys-cfg.o)
                0x0004c0c4                sys_cfg_mode_set_tn
 .text.sys_cfg_mode_set_tn_lp
                0x0004c0ea       0x26 ../../lib/libdwm.a(sys-cfg.o)
                0x0004c0ea                sys_cfg_mode_set_tn_lp
 .text.sys_cfg_mode_set_pn
                0x0004c110       0x2e ../../lib/libdwm.a(sys-cfg.o)
                0x0004c110                sys_cfg_mode_set_pn
 .text.uwb_fsm_run
                0x0004c13e       0x22 ../../lib/libdwm.a(uwb-fsm-utils.o)
                0x0004c13e                uwb_fsm_run
 .text.uwbmac_an_fsm_entry
                0x0004c160       0x34 ../../lib/libdwm.a(uwbmac-an.o)
 .text.uwbmac_an_signup_all_seen
                0x0004c194       0x56 ../../lib/libdwm.a(uwbmac-an.o)
 .text.uwbmac_an_signup_join_wait
                0x0004c1ea       0x4c ../../lib/libdwm.a(uwbmac-an.o)
 .text.uwbmac_an_signup_nocoll_set_seat
                0x0004c236       0x60 ../../lib/libdwm.a(uwbmac-an.o)
 .text.uwbmac_an_add_update_an
                0x0004c296       0x76 ../../lib/libdwm.a(uwbmac-an.o)
 .text.uwbmac_an_signup_sched_sf
                0x0004c30c       0x54 ../../lib/libdwm.a(uwbmac-an.o)
 .text.uwbmac_an_signup_sched
                0x0004c360       0x68 ../../lib/libdwm.a(uwbmac-an.o)
 .text.uwbmac_an_tdma_enable
                0x0004c3c8       0x80 ../../lib/libdwm.a(uwbmac-an.o)
 .text.uwbmac_an_signup_fsm_cl_join
                0x0004c448       0x52 ../../lib/libdwm.a(uwbmac-an.o)
 .text.uwbmac_an_sched_sf
                0x0004c49a      0x2a4 ../../lib/libdwm.a(uwbmac-an.o)
 *fill*         0x0004c73e        0x2 
 .text.uwbmac_an_sched
                0x0004c740      0x100 ../../lib/libdwm.a(uwbmac-an.o)
 .text.uwbmac_an_tdma_disable
                0x0004c840       0x7c ../../lib/libdwm.a(uwbmac-an.o)
 .text.uwbmac_an_fsm_autopos
                0x0004c8bc      0x138 ../../lib/libdwm.a(uwbmac-an.o)
 .text.uwbmac_an_fsm_twr_inr_result_handler
                0x0004c9f4       0xa0 ../../lib/libdwm.a(uwbmac-an.o)
 .text.uwbmac_an_fsm_svc
                0x0004ca94       0xc2 ../../lib/libdwm.a(uwbmac-an.o)
 .text.uwbmac_an_fsm_data_dl
                0x0004cb56       0xae ../../lib/libdwm.a(uwbmac-an.o)
 .text.uwbmac_an_fsm_alma
                0x0004cc04       0x3e ../../lib/libdwm.a(uwbmac-an.o)
 *fill*         0x0004cc42        0x2 
 .text.uwbmac_an_fsm_twr_rsp_result_handler
                0x0004cc44       0x68 ../../lib/libdwm.a(uwbmac-an.o)
 .text.uwbmac_an_signup_list_maintain
                0x0004ccac       0x82 ../../lib/libdwm.a(uwbmac-an.o)
 *fill*         0x0004cd2e        0x2 
 .text.uwbmac_an_tdma_init
                0x0004cd30       0x70 ../../lib/libdwm.a(uwbmac-an.o)
 .text.uwbmac_an_signup_fsm_passive_idle
                0x0004cda0      0x2fc ../../lib/libdwm.a(uwbmac-an.o)
 *fill*         0x0004d09c        0x4 
 .text.uwbmac_an_reinit
                0x0004d0a0      0x178 ../../lib/libdwm.a(uwbmac-an.o)
 .text.uwbmac_an_signup_fsm_tdma_run
                0x0004d218      0x61c ../../lib/libdwm.a(uwbmac-an.o)
 .text.uwbmac_an_fsm_bcn_rx_handler
                0x0004d834      0x160 ../../lib/libdwm.a(uwbmac-an.o)
 .text.uwbmac_an_fsm_rx_handler
                0x0004d994      0x4f0 ../../lib/libdwm.a(uwbmac-an.o)
 .text.uwbmac_an_fsm_tdma_run
                0x0004de84      0x43c ../../lib/libdwm.a(uwbmac-an.o)
 .text.uwbmac_an_fsm_bcn
                0x0004e2c0      0x156 ../../lib/libdwm.a(uwbmac-an.o)
 *fill*         0x0004e416        0x2 
 .text.uwbmac_an_signup_fsm_rx_handler
                0x0004e418      0x5a4 ../../lib/libdwm.a(uwbmac-an.o)
 .text.uwbmac_an_init
                0x0004e9bc       0x94 ../../lib/libdwm.a(uwbmac-an.o)
                0x0004e9bc                uwbmac_an_init
 .text.uwbmac_frm_init
                0x0004ea50       0x5c ../../lib/libdwm.a(uwbmac-frm.o)
                0x0004ea50                uwbmac_frm_init
 .text.unlikely.NVIC_SystemReset
                0x0004eaac       0x24 ../../lib/libdwm.a(uwbmac-fwup.o)
 .text.fwup_fsm_rcvr_done
                0x0004ead0       0x46 ../../lib/libdwm.a(uwbmac-fwup.o)
 *fill*         0x0004eb16        0x2 
 .text.fwup_fsm_rcvr
                0x0004eb18      0x2cc ../../lib/libdwm.a(uwbmac-fwup.o)
 .text.uwbmac_fwup_get_peer
                0x0004ede4       0x4e ../../lib/libdwm.a(uwbmac-fwup.o)
                0x0004ede4                uwbmac_fwup_get_peer
 .text.uwbmac_fwup_reset_rx_att
                0x0004ee32       0x1c ../../lib/libdwm.a(uwbmac-fwup.o)
                0x0004ee32                uwbmac_fwup_reset_rx_att
 .text.uwbmac_frm_fwup_data_req
                0x0004ee4e       0xa4 ../../lib/libdwm.a(uwbmac-fwup.o)
                0x0004ee4e                uwbmac_frm_fwup_data_req
 .text.uwbmac_frm_fwup_data
                0x0004eef2       0xba ../../lib/libdwm.a(uwbmac-fwup.o)
                0x0004eef2                uwbmac_frm_fwup_data
 .text.uwbmac_frm_handle_fwup_data_req
                0x0004efac      0x170 ../../lib/libdwm.a(uwbmac-fwup.o)
                0x0004efac                uwbmac_frm_handle_fwup_data_req
 .text.uwbmac_frm_handle_alma_fw
                0x0004f11c      0x454 ../../lib/libdwm.a(uwbmac-fwup.o)
                0x0004f11c                uwbmac_frm_handle_alma_fw
 .text.fwup_fsm_rcvr_entry
                0x0004f570       0x70 ../../lib/libdwm.a(uwbmac-fwup.o)
                0x0004f570                fwup_fsm_rcvr_entry
 .text.uwbmac_node_list_init
                0x0004f5e0        0xe ../../lib/libdwm.a(uwbmac-nodes.o)
                0x0004f5e0                uwbmac_node_list_init
 .text.uwbmac_node_list_free
                0x0004f5ee       0x38 ../../lib/libdwm.a(uwbmac-nodes.o)
                0x0004f5ee                uwbmac_node_list_free
 *fill*         0x0004f626        0x2 
 .text.uwbmac_node_list_add
                0x0004f628      0x10c ../../lib/libdwm.a(uwbmac-nodes.o)
                0x0004f628                uwbmac_node_list_add
 .text.uwbmac_node_list_update_node
                0x0004f734        0xc ../../lib/libdwm.a(uwbmac-nodes.o)
                0x0004f734                uwbmac_node_list_update_node
 .text.uwbmac_node_list_get_node
                0x0004f740       0x68 ../../lib/libdwm.a(uwbmac-nodes.o)
                0x0004f740                uwbmac_node_list_get_node
 .text.uwbmac_node_list_set_flags
                0x0004f7a8        0xc ../../lib/libdwm.a(uwbmac-nodes.o)
                0x0004f7a8                uwbmac_node_list_set_flags
 .text.uwbmac_node_list_clear_flags_all
                0x0004f7b4       0x1e ../../lib/libdwm.a(uwbmac-nodes.o)
                0x0004f7b4                uwbmac_node_list_clear_flags_all
 .text.uwbmac_node_list_remove
                0x0004f7d2       0x70 ../../lib/libdwm.a(uwbmac-nodes.o)
                0x0004f7d2                uwbmac_node_list_remove
 *fill*         0x0004f842        0x2 
 .text.uwbmac_node_list_dump
                0x0004f844      0x1c4 ../../lib/libdwm.a(uwbmac-nodes.o)
                0x0004f844                uwbmac_node_list_dump
 .text.uwbmac_get_autopos
                0x0004fa08       0x30 ../../lib/libdwm.a(uwbmac.o)
 .text.uwbmac_loc_cb_register
                0x0004fa38       0x30 ../../lib/libdwm.a(uwbmac.o)
                0x0004fa38                uwbmac_loc_cb_register
 .text.uwbmac_loc_cb_call
                0x0004fa68       0x40 ../../lib/libdwm.a(uwbmac.o)
                0x0004fa68                uwbmac_loc_cb_call
 .text.uwbmac_an_loc_get
                0x0004faa8       0xf8 ../../lib/libdwm.a(uwbmac.o)
                0x0004faa8                uwbmac_an_loc_get
 .text.uwbmac_loc_get
                0x0004fba0       0x58 ../../lib/libdwm.a(uwbmac.o)
                0x0004fba0                uwbmac_loc_get
 .text.uwbmac_upd_per_set
                0x0004fbf8       0x44 ../../lib/libdwm.a(uwbmac.o)
                0x0004fbf8                uwbmac_upd_per_set
 .text.uwbmac_upd_per_get
                0x0004fc3c        0x4 ../../lib/libdwm.a(uwbmac.o)
                0x0004fc3c                uwbmac_upd_per_get
 .text.uwbmac_upd_per_must_change
                0x0004fc40       0x40 ../../lib/libdwm.a(uwbmac.o)
                0x0004fc40                uwbmac_upd_per_must_change
 .text.uwbmac_is_real_initiator
                0x0004fc80       0x28 ../../lib/libdwm.a(uwbmac.o)
                0x0004fc80                uwbmac_is_real_initiator
 .text.uwbmac_is_joined
                0x0004fca8       0x40 ../../lib/libdwm.a(uwbmac.o)
                0x0004fca8                uwbmac_is_joined
 .text.uwbmac_set_pos
                0x0004fce8       0xc8 ../../lib/libdwm.a(uwbmac.o)
                0x0004fce8                uwbmac_set_pos
 .text.uwbmac_get_pos
                0x0004fdb0       0x50 ../../lib/libdwm.a(uwbmac.o)
                0x0004fdb0                uwbmac_get_pos
 .text.uwbmac_panid_set
                0x0004fe00       0x20 ../../lib/libdwm.a(uwbmac.o)
                0x0004fe00                uwbmac_panid_set
 .text.uwbmac_panid_get
                0x0004fe20       0x1c ../../lib/libdwm.a(uwbmac.o)
                0x0004fe20                uwbmac_panid_get
 .text.uwbmac_reinit
                0x0004fe3c       0x30 ../../lib/libdwm.a(uwbmac.o)
                0x0004fe3c                uwbmac_reinit
 .text.uwbmac_mode_get_desc
                0x0004fe6c      0x13c ../../lib/libdwm.a(uwbmac.o)
                0x0004fe6c                uwbmac_mode_get_desc
 .text.uwbmac_info_get
                0x0004ffa8       0x8c ../../lib/libdwm.a(uwbmac.o)
                0x0004ffa8                uwbmac_info_get
 .text.uwbmac_fwup_get
                0x00050034        0x8 ../../lib/libdwm.a(uwbmac.o)
                0x00050034                uwbmac_fwup_get
 .text.autopos_start
                0x0005003c       0xb0 ../../lib/libdwm.a(uwbmac.o)
                0x0005003c                autopos_start
 .text.tdma_get_off_devt
                0x000500ec        0xe ../../lib/libdwm.a(uwbmac-tdma.o)
                0x000500ec                tdma_get_off_devt
 .text.tdma_get_sl_devt
                0x000500fa       0x12 ../../lib/libdwm.a(uwbmac-tdma.o)
                0x000500fa                tdma_get_sl_devt
 .text.tdma_reset
                0x0005010c        0xa ../../lib/libdwm.a(uwbmac-tdma.o)
                0x0005010c                tdma_reset
 .text.tdma_clear_flags
                0x00050116        0xa ../../lib/libdwm.a(uwbmac-tdma.o)
                0x00050116                tdma_clear_flags
 .text.tdma_set_flags
                0x00050120        0x8 ../../lib/libdwm.a(uwbmac-tdma.o)
                0x00050120                tdma_set_flags
 .text.tdma_is_enabled
                0x00050128        0x8 ../../lib/libdwm.a(uwbmac-tdma.o)
                0x00050128                tdma_is_enabled
 .text.tdma_get_next_slot
                0x00050130       0x5c ../../lib/libdwm.a(uwbmac-tdma.o)
                0x00050130                tdma_get_next_slot
 .text.tdma_set_sl_id
                0x0005018c        0xe ../../lib/libdwm.a(uwbmac-tdma.o)
                0x0005018c                tdma_set_sl_id
 *fill*         0x0005019a        0x2 
 .text.tdma_sl_map_dump
                0x0005019c       0x88 ../../lib/libdwm.a(uwbmac-tdma.o)
                0x0005019c                tdma_sl_map_dump
 .text.tdma_time_reset
                0x00050224        0x8 ../../lib/libdwm.a(uwbmac-tdma.o)
                0x00050224                tdma_time_reset
 *fill*         0x0005022c        0x4 
 .text.tdma_time_update
                0x00050230      0x178 ../../lib/libdwm.a(uwbmac-tdma.o)
                0x00050230                tdma_time_update
 .text.tdma_time_rtc_update
                0x000503a8       0xa4 ../../lib/libdwm.a(uwbmac-tdma.o)
                0x000503a8                tdma_time_rtc_update
 .text.tdma_time_is_ready
                0x0005044c        0xc ../../lib/libdwm.a(uwbmac-tdma.o)
                0x0005044c                tdma_time_is_ready
 .text.tdma_map_init
                0x00050458       0x52 ../../lib/libdwm.a(uwbmac-tdma.o)
                0x00050458                tdma_map_init
 .text.tdma_map_free
                0x000504aa       0x12 ../../lib/libdwm.a(uwbmac-tdma.o)
                0x000504aa                tdma_map_free
 .text.tdma_map_shift
                0x000504bc       0x68 ../../lib/libdwm.a(uwbmac-tdma.o)
                0x000504bc                tdma_map_shift
 .text.tdma_map_alloc_slot
                0x00050524       0x42 ../../lib/libdwm.a(uwbmac-tdma.o)
                0x00050524                tdma_map_alloc_slot
 .text.tdma_map_get_sf_map
                0x00050566       0x6c ../../lib/libdwm.a(uwbmac-tdma.o)
                0x00050566                tdma_map_get_sf_map
 *fill*         0x000505d2        0x2 
 .text.tdma_map_dump
                0x000505d4       0xb8 ../../lib/libdwm.a(uwbmac-tdma.o)
                0x000505d4                tdma_map_dump
 .text.uwbmac_tdoa_send_blink
                0x0005068c       0x86 ../../lib/libdwm.a(uwbmac-tdoa.o)
                0x0005068c                uwbmac_tdoa_send_blink
 *fill*         0x00050712        0x2 
 .text.uwbmac_tn_fsm_twr_entry
                0x00050714       0xbc ../../lib/libdwm.a(uwbmac-tn.o)
 .text.uwbmac_tn_upd_per_reload
                0x000507d0       0x94 ../../lib/libdwm.a(uwbmac-tn.o)
 .text.uwbmac_tn_tdma_resync
                0x00050864       0x88 ../../lib/libdwm.a(uwbmac-tn.o)
 .text.uwbmac_tn_fsm_entry
                0x000508ec       0x34 ../../lib/libdwm.a(uwbmac-tn.o)
 .text.uwbmac_tn_tdma_enable
                0x00050920       0x2e ../../lib/libdwm.a(uwbmac-tn.o)
 .text.uwbmac_tn_uwb_suspend
                0x0005094e       0x4c ../../lib/libdwm.a(uwbmac-tn.o)
 *fill*         0x0005099a        0x2 
 .text.uwbmac_tn_pm_resume
                0x0005099c       0x70 ../../lib/libdwm.a(uwbmac-tn.o)
 *fill*         0x00050a0c        0x4 
 .text.uwbmac_tn_signup_fsm_passive_idle
                0x00050a10      0x238 ../../lib/libdwm.a(uwbmac-tn.o)
 .text.uwbmac_twr_fsm_result_handler
                0x00050c48      0x25c ../../lib/libdwm.a(uwbmac-tn.o)
 .text.uwbmac_tn_fsm_tdoa_entry
                0x00050ea4       0x98 ../../lib/libdwm.a(uwbmac-tn.o)
 .text.uwbmac_tn_upd_per_set.isra.0
                0x00050f3c       0x48 ../../lib/libdwm.a(uwbmac-tn.o)
 .text.uwbmac_tn_fsm_resume
                0x00050f84      0x248 ../../lib/libdwm.a(uwbmac-tn.o)
 .text.uwbmac_tn_add_update_an.isra.4
                0x000511cc       0x74 ../../lib/libdwm.a(uwbmac-tn.o)
 .text.uwbmac_tn_signup_fsm_rx_handler
                0x00051240      0x46c ../../lib/libdwm.a(uwbmac-tn.o)
 .text.uwbmac_tn_sched_sf
                0x000516ac       0xb8 ../../lib/libdwm.a(uwbmac-tn.o)
 .text.uwbmac_tn_sched
                0x00051764      0x158 ../../lib/libdwm.a(uwbmac-tn.o)
 .text.uwbmac_tn_chk_upd_per.isra.6
                0x000518bc       0x70 ../../lib/libdwm.a(uwbmac-tn.o)
 *fill*         0x0005192c        0x4 
 .text.uwbmac_tn_fsm_tdma_run
                0x00051930      0x910 ../../lib/libdwm.a(uwbmac-tn.o)
 .text.uwbmac_tn_fsm_suspend
                0x00052240      0x22c ../../lib/libdwm.a(uwbmac-tn.o)
 *fill*         0x0005246c        0x4 
 .text.uwbmac_tn_reinit
                0x00052470      0x140 ../../lib/libdwm.a(uwbmac-tn.o)
                0x00052470                uwbmac_tn_reinit
 .text.uwbmac_tn_signup_fsm_sync
                0x000525b0      0x100 ../../lib/libdwm.a(uwbmac-tn.o)
 .text.uwbmac_tn_fsm_rx_handler
                0x000526b0      0x320 ../../lib/libdwm.a(uwbmac-tn.o)
 .text.uwbmac_tn_fsm_sync
                0x000529d0      0x154 ../../lib/libdwm.a(uwbmac-tn.o)
 .text.uwbmac_tn_init
                0x00052b24       0xf4 ../../lib/libdwm.a(uwbmac-tn.o)
                0x00052b24                uwbmac_tn_init
 .text.uwbmac_twr_fsm_inr_poll_handler
                0x00052c18      0x11c ../../lib/libdwm.a(uwbmac-twr.o)
 .text.uwbmac_twr_fsm_inr_await_poll_done
                0x00052d34       0x94 ../../lib/libdwm.a(uwbmac-twr.o)
 .text.uwbmac_twr_fsm_inr_final_handler
                0x00052dc8      0x22e ../../lib/libdwm.a(uwbmac-twr.o)
 *fill*         0x00052ff6        0x2 
 .text.uwbmac_twr_fsm_inr_await_final_done
                0x00052ff8       0x58 ../../lib/libdwm.a(uwbmac-twr.o)
 .text.uwbmac_twr_fsm_rsp_resp_handler
                0x00053050       0x98 ../../lib/libdwm.a(uwbmac-twr.o)
 .text.uwbmac_twr_fsm_rsp_poll_handler
                0x000530e8       0x6a ../../lib/libdwm.a(uwbmac-twr.o)
 *fill*         0x00053152        0x2 
 .text.uwbmac_twr_fsm_inr_await_poll
                0x00053154      0x10c ../../lib/libdwm.a(uwbmac-twr.o)
 .text.uwbmac_twr_fsm_inr_await_final
                0x00053260      0x100 ../../lib/libdwm.a(uwbmac-twr.o)
 .text.uwbmac_twr_fsm_inr_send_resp
                0x00053360      0x138 ../../lib/libdwm.a(uwbmac-twr.o)
 .text.uwbmac_twr_fsm_inr_entry
                0x00053498      0x14c ../../lib/libdwm.a(uwbmac-twr.o)
                0x00053498                uwbmac_twr_fsm_inr_entry
 .text.uwbmac_twr_fsm_rsp_entry
                0x000535e4      0x250 ../../lib/libdwm.a(uwbmac-twr.o)
                0x000535e4                uwbmac_twr_fsm_rsp_entry
 .text.uwbmac_twr_rsp_sched_sl_map
                0x00053834       0xca ../../lib/libdwm.a(uwbmac-twr.o)
                0x00053834                uwbmac_twr_rsp_sched_sl_map
 *fill*         0x000538fe        0x2 
 .text.uwbmac_dw_get_dist
                0x00053900       0xd4 ../../lib/libdwm.a(uwbmac-twr.o)
                0x00053900                uwbmac_dw_get_dist
 .text.uwbmac_frm_build_cl_join_cfm
                0x000539d4       0x38 ../../lib/libdwm.a(uwbmac-utils.o)
                0x000539d4                uwbmac_frm_build_cl_join_cfm
 .text.uwbmac_frm_build_pos
                0x00053a0c       0x22 ../../lib/libdwm.a(uwbmac-utils.o)
                0x00053a0c                uwbmac_frm_build_pos
 .text.uwbmac_frm_svc
                0x00053a2e       0xbc ../../lib/libdwm.a(uwbmac-utils.o)
                0x00053a2e                uwbmac_frm_svc
 *fill*         0x00053aea        0x2 
 .text.uwbmac_frm_bcn
                0x00053aec      0x120 ../../lib/libdwm.a(uwbmac-utils.o)
                0x00053aec                uwbmac_frm_bcn
 .text.uwbmac_frm_cl_join
                0x00053c0c      0x114 ../../lib/libdwm.a(uwbmac-utils.o)
                0x00053c0c                uwbmac_frm_cl_join
 .text.uwbmac_frm_alma
                0x00053d20      0x120 ../../lib/libdwm.a(uwbmac-utils.o)
                0x00053d20                uwbmac_frm_alma
 .text.uwbmac_frm_ext_store
                0x00053e40       0x1e ../../lib/libdwm.a(uwbmac-utils.o)
                0x00053e40                uwbmac_frm_ext_store
 .text.write_reg8
                0x00053e5e        0xa ../../lib/libdwm.a(lis2dx.o)
 .text.read_reg16
                0x00053e68        0x8 ../../lib/libdwm.a(lis2dx.o)
 .text.read_reg8
                0x00053e70        0x8 ../../lib/libdwm.a(lis2dx.o)
 .text.acc_intr
                0x00053e78       0x38 ../../lib/libdwm.a(lis2dx.o)
 .text.acc_wakeup_intr
                0x00053eb0       0x36 ../../lib/libdwm.a(lis2dx.o)
 *fill*         0x00053ee6        0x2 
 .text.lis2dx_init
                0x00053ee8      0x100 ../../lib/libdwm.a(lis2dx.o)
                0x00053ee8                lis2dx_init
 .text.lis2dx_get_id
                0x00053fe8        0x6 ../../lib/libdwm.a(lis2dx.o)
                0x00053fe8                lis2dx_get_id
 .text.lis2dx_get_xyz
                0x00053fee       0x24 ../../lib/libdwm.a(lis2dx.o)
                0x00053fee                lis2dx_get_xyz
 *fill*         0x00054012        0x2 
 .text.acc_get_data
                0x00054014        0x8 ../../lib/libdwm.a(lis2dx.o)
                0x00054014                acc_get_data
 .text.acc_init_poll
                0x0005401c       0x44 ../../lib/libdwm.a(lis2dx.o)
                0x0005401c                acc_init_poll
 .text.acc_init_drdy_irq
                0x00054060        0x4 ../../lib/libdwm.a(lis2dx.o)
                0x00054060                acc_init_drdy_irq
 .text.acc_init_wkup
                0x00054064       0x44 ../../lib/libdwm.a(lis2dx.o)
                0x00054064                acc_init_wkup
 .text.acc_is_moving
                0x000540a8       0x3c ../../lib/libdwm.a(lis2dx.o)
                0x000540a8                acc_is_moving
 .text.cmd_twi  0x000540e4       0xc4 ../../lib/libdwm.a(shell-sens.o)
                0x000540e4                cmd_twi
 .text.cmd_acc_shutdown_with_wkup
                0x000541a8       0x38 ../../lib/libdwm.a(shell-sens.o)
                0x000541a8                cmd_acc_shutdown_with_wkup
 .text.cmd_acc_hw_test
                0x000541e0       0x6c ../../lib/libdwm.a(shell-sens.o)
 .text.cmd_acc_id
                0x0005424c       0x24 ../../lib/libdwm.a(shell-sens.o)
 .text.cmd_acc_xyz
                0x00054270       0x48 ../../lib/libdwm.a(shell-sens.o)
 .text.api_thread_start
                0x000542b8       0x10 ../../lib/libdwm.a(process-api.o)
                0x000542b8                api_thread_start
 .text.api_thread_init
                0x000542c8       0x3c ../../lib/libdwm.a(process-api.o)
                0x000542c8                api_thread_init
 .text.serial_sleep
                0x00054304       0x10 ../../lib/libdwm.a(serial.o)
                0x00054304                serial_sleep
 .text.serial_status_change_ntfy
                0x00054314       0x10 ../../lib/libdwm.a(serial.o)
                0x00054314                serial_status_change_ntfy
 .text.serial_start
                0x00054324       0x10 ../../lib/libdwm.a(serial.o)
                0x00054324                serial_start
 .text.serial_is_compiled
                0x00054334        0xc ../../lib/libdwm.a(serial.o)
                0x00054334                serial_is_compiled
 .text.uwbmac_pn_fsm_passive_idle
                0x00054340       0xf0 ../../lib/libdwm.a(uwbmac-pn.o)
 .text.uwbmac_pn_sched_sf
                0x00054430       0x5a ../../lib/libdwm.a(uwbmac-pn.o)
 *fill*         0x0005448a        0x6 
 .text.uwbmac_pn_reinit
                0x00054490      0x13c ../../lib/libdwm.a(uwbmac-pn.o)
 *fill*         0x000545cc        0x4 
 .text.uwbmac_pn_fsm_tdma_run
                0x000545d0      0x1f0 ../../lib/libdwm.a(uwbmac-pn.o)
 .text.uwbmac_pn_fsm_entry
                0x000547c0       0x3c ../../lib/libdwm.a(uwbmac-pn.o)
 *fill*         0x000547fc        0x4 
 .text.uwbmac_pn_fsm_rx_handler
                0x00054800      0x5cc ../../lib/libdwm.a(uwbmac-pn.o)
 .text.uwbmac_pn_init
                0x00054dcc       0x8c ../../lib/libdwm.a(uwbmac-pn.o)
                0x00054dcc                uwbmac_pn_init
 .text.autopos_free
                0x00054e58       0x34 ../../lib/libdwm.a(autopos.o)
                0x00054e58                autopos_free
 .text.autopos_init
                0x00054e8c       0x6e ../../lib/libdwm.a(autopos.o)
                0x00054e8c                autopos_init
 .text.autopos_peer_set
                0x00054efa       0x2c ../../lib/libdwm.a(autopos.o)
                0x00054efa                autopos_peer_set
 .text.autopos_get_peers
                0x00054f26       0x54 ../../lib/libdwm.a(autopos.o)
                0x00054f26                autopos_get_peers
 .text.autopos_meas_add
                0x00054f7a       0x80 ../../lib/libdwm.a(autopos.o)
                0x00054f7a                autopos_meas_add
 .text.autopos_calc_param
                0x00054ffa       0xba ../../lib/libdwm.a(autopos.o)
                0x00054ffa                autopos_calc_param
 .text.autopos_is_enabled
                0x000550b4       0x20 ../../lib/libdwm.a(autopos.o)
                0x000550b4                autopos_is_enabled
 .text.autopos_is_finished
                0x000550d4       0x32 ../../lib/libdwm.a(autopos.o)
                0x000550d4                autopos_is_finished
 .text.autopos_get_result
                0x00055106       0x4e ../../lib/libdwm.a(autopos.o)
                0x00055106                autopos_get_result
 .text.autopos_dump
                0x00055154       0x70 ../../lib/libdwm.a(autopos.o)
                0x00055154                autopos_dump
 .text.sd_ble_gap_addr_get
                0x000551c4        0x4 ../../lib/libdwm.a(ble_advdata.o)
 .text.sd_ble_gap_adv_data_set
                0x000551c8        0x4 ../../lib/libdwm.a(ble_advdata.o)
 .text.sd_ble_gap_appearance_get
                0x000551cc        0x4 ../../lib/libdwm.a(ble_advdata.o)
 .text.sd_ble_gap_device_name_get
                0x000551d0        0x4 ../../lib/libdwm.a(ble_advdata.o)
 .text.sd_ble_uuid_encode
                0x000551d4        0x4 ../../lib/libdwm.a(ble_advdata.o)
 .text.uuid_list_sized_encode
                0x000551d8       0xa6 ../../lib/libdwm.a(ble_advdata.o)
 .text.uuid_list_encode
                0x0005527e       0x34 ../../lib/libdwm.a(ble_advdata.o)
 .text.adv_data_encode
                0x000552b2      0x3d0 ../../lib/libdwm.a(ble_advdata.o)
                0x000552b2                adv_data_encode
 .text.ble_advdata_set
                0x00055682       0x66 ../../lib/libdwm.a(ble_advdata.o)
                0x00055682                ble_advdata_set
 .text.sd_ble_gap_adv_start
                0x000556e8        0x4 ../../lib/libdwm.a(ble_advertising.o)
 .text.ble_advertising_init
                0x000556ec      0x16c ../../lib/libdwm.a(ble_advertising.o)
                0x000556ec                ble_advertising_init
 .text.ble_advertising_start
                0x00055858      0x1f8 ../../lib/libdwm.a(ble_advertising.o)
                0x00055858                ble_advertising_start
 .text.ble_advertising_on_ble_evt
                0x00055a50       0x70 ../../lib/libdwm.a(ble_advertising.o)
                0x00055a50                ble_advertising_on_ble_evt
 .text.ble_advertising_on_sys_evt
                0x00055ac0       0x38 ../../lib/libdwm.a(ble_advertising.o)
                0x00055ac0                ble_advertising_on_sys_evt
 .text.sd_ble_gap_conn_param_update
                0x00055af8        0x4 ../../lib/libdwm.a(ble_conn_params.o)
 .text.sd_ble_gap_disconnect
                0x00055afc        0x4 ../../lib/libdwm.a(ble_conn_params.o)
 .text.sd_ble_gap_ppcp_set
                0x00055b00        0x4 ../../lib/libdwm.a(ble_conn_params.o)
 .text.sd_ble_gap_ppcp_get
                0x00055b04        0x4 ../../lib/libdwm.a(ble_conn_params.o)
 .text.update_timeout_handler
                0x00055b08       0x68 ../../lib/libdwm.a(ble_conn_params.o)
 .text.conn_params_negotiation
                0x00055b70       0x78 ../../lib/libdwm.a(ble_conn_params.o)
 .text.ble_conn_params_init
                0x00055be8       0x6c ../../lib/libdwm.a(ble_conn_params.o)
                0x00055be8                ble_conn_params_init
 .text.ble_conn_params_on_ble_evt
                0x00055c54       0xac ../../lib/libdwm.a(ble_conn_params.o)
                0x00055c54                ble_conn_params_on_ble_evt
 .text.sd_ble_gap_disconnect
                0x00055d00        0x4 ../../lib/libdwm.a(ble-sd.o)
 .text.sd_ble_opt_set
                0x00055d04        0x4 ../../lib/libdwm.a(ble-sd.o)
 .text.fs_evt_handler
                0x00055d08       0x5c ../../lib/libdwm.a(ble-sd.o)
 .text.ble_timeout_handler
                0x00055d64       0x14 ../../lib/libdwm.a(ble-sd.o)
 .text.sd_dsr   0x00055d78       0x18 ../../lib/libdwm.a(ble-sd.o)
 .text.sys_evt_dispatch
                0x00055d90       0x12 ../../lib/libdwm.a(ble-sd.o)
 .text.sd_isr   0x00055da2       0x14 ../../lib/libdwm.a(ble-sd.o)
 *fill*         0x00055db6        0x2 
 .text.lock_flash_init
                0x00055db8       0x3c ../../lib/libdwm.a(ble-sd.o)
 .text.sd_thread_entry
                0x00055df4      0x1c0 ../../lib/libdwm.a(ble-sd.o)
 .text.app_error_fault_handler
                0x00055fb4       0x88 ../../lib/libdwm.a(ble-sd.o)
                0x00055fb4                app_error_fault_handler
 .text.ble_conn_hndl_get
                0x0005603c       0x20 ../../lib/libdwm.a(ble-sd.o)
                0x0005603c                ble_conn_hndl_get
 .text.ble_dis_timeout_start
                0x0005605c       0x24 ../../lib/libdwm.a(ble-sd.o)
                0x0005605c                ble_dis_timeout_start
 .text.ble_dis_timeout_stop
                0x00056080       0x20 ../../lib/libdwm.a(ble-sd.o)
                0x00056080                ble_dis_timeout_stop
 .text.ble_evt_dispatch
                0x000560a0       0x88 ../../lib/libdwm.a(ble-sd.o)
 .text.ble_sd_flash_page_erase
                0x00056128       0x64 ../../lib/libdwm.a(ble-sd.o)
                0x00056128                ble_sd_flash_page_erase
 .text.ble_sd_flash_write
                0x0005618c       0x58 ../../lib/libdwm.a(ble-sd.o)
                0x0005618c                ble_sd_flash_write
 .text.ble_sd_thread_start
                0x000561e4       0x10 ../../lib/libdwm.a(ble-sd.o)
                0x000561e4                ble_sd_thread_start
 .text.ble_sd_thread_stop
                0x000561f4       0x40 ../../lib/libdwm.a(ble-sd.o)
                0x000561f4                ble_sd_thread_stop
 .text.ble_sd_thread_init
                0x00056234       0x4c ../../lib/libdwm.a(ble-sd.o)
                0x00056234                ble_sd_thread_init
 .text.crc32    0x00056280       0x58 ../../lib/libdwm.a(crc32.o)
                0x00056280                crc32
 .text.dwt_getpartid
                0x000562d8        0x6 ../../lib/libdwm.a(deca_device.o)
                0x000562d8                dwt_getpartid
 .text.dwt_getlotid
                0x000562de        0x6 ../../lib/libdwm.a(deca_device.o)
                0x000562de                dwt_getlotid
 .text.dwt_writetodevice
                0x000562e4       0x44 ../../lib/libdwm.a(deca_device.o)
                0x000562e4                dwt_writetodevice
 .text.dwt_writetxdata
                0x00056328       0x24 ../../lib/libdwm.a(deca_device.o)
                0x00056328                dwt_writetxdata
 .text.dwt_readfromdevice
                0x0005634c       0x40 ../../lib/libdwm.a(deca_device.o)
                0x0005634c                dwt_readfromdevice
 .text.dwt_readrxdata
                0x0005638c       0x14 ../../lib/libdwm.a(deca_device.o)
                0x0005638c                dwt_readrxdata
 .text.dwt_readtxtimestamp
                0x000563a0       0x14 ../../lib/libdwm.a(deca_device.o)
                0x000563a0                dwt_readtxtimestamp
 .text.dwt_readrxtimestamp
                0x000563b4       0x14 ../../lib/libdwm.a(deca_device.o)
                0x000563b4                dwt_readrxtimestamp
 .text.dwt_readsystime
                0x000563c8       0x14 ../../lib/libdwm.a(deca_device.o)