Archive member included to satisfy reference by file (symbol)

../../lib/libdwm.a(ble-server.o)
                              ../../lib/dwm.o (ble_add_shell_cmds)
../../lib/libdwm.a(ble_srv_common.o)
                              ../../lib/libdwm.a(ble-server.o) (ble_srv_is_notification_enabled)
../../lib/libdwm.a(dw1000.o)  ../../lib/libdwm.a(ble-server.o) (dw_rand)
../../lib/libdwm.a(dwm-math.o)
                              ../../lib/libdwm.a(dw1000.o) (flog10)
../../lib/libdwm.a(dwm.o)     obj/dwm-simple.o (dwm_systime_us_get)
../../lib/libdwm.a(env-tlv.o)
                              ../../lib/dwm.o (env_load)
../../lib/libdwm.a(fwup.o)    ../../lib/libdwm.a(ble-server.o) (fwup_rcvr_in_progress)
../../lib/libdwm.a(hal.o)     ../../lib/libdwm.a(dwm.o) (is_user_app_pin)
../../lib/libdwm.a(misc.o)    ../../lib/libdwm.a(ble-server.o) (utoa_base16)
../../lib/libdwm.a(pm.o)      ../../lib/libdwm.a(ble-server.o) (pm_task_lock)
../../lib/libdwm.a(process-ble.o)
                              ../../lib/libdwm.a(ble-server.o) (ble_server_thread_start)
../../lib/libdwm.a(process-le.o)
                              ../../lib/dwm.o (le_init)
../../lib/libdwm.a(process-pm.o)
                              ../../lib/dwm.o (hal_pm_init)
../../lib/libdwm.a(process-svc.o)
                              ../../lib/dwm.o (svc_init)
../../lib/libdwm.a(process-uwb.o)
                              ../../lib/libdwm.a(process-svc.o) (uwb_fsm)
../../lib/libdwm.a(shell-api.o)
                              ../../lib/dwm.o (api_commands)
../../lib/libdwm.a(shell-ble.o)
                              ../../lib/libdwm.a(ble-server.o) (ble_commands)
../../lib/libdwm.a(shell-le.o)
                              ../../lib/dwm.o (le_commands)
../../lib/libdwm.a(shell.o)   ../../lib/dwm.o (dwm_shell_init)
../../lib/libdwm.a(shell-sys.o)
                              ../../lib/libdwm.a(shell.o) (sys_commands)
../../lib/libdwm.a(shell-uwbmac.o)
                              ../../lib/dwm.o (uwbmac_commands)
../../lib/libdwm.a(shell-uwb.o)
                              ../../lib/dwm.o (uwb_commands)
../../lib/libdwm.a(softdevice_handler.o)
                              ../../lib/libdwm.a(ble-server.o) (softdevice_handler_is_enabled)
../../lib/libdwm.a(stats.o)   ../../lib/dwm.o (stats_get_data)
../../lib/libdwm.a(sys-cfg.o)
                              ../../lib/libdwm.a(ble-server.o) (sys_cfg_node_get)
../../lib/libdwm.a(uwb-fsm-utils.o)
                              ../../lib/libdwm.a(process-uwb.o) (uwb_fsm_run)
../../lib/libdwm.a(uwbmac-an.o)
                              ../../lib/libdwm.a(process-svc.o) (uwbmac_an_init)
../../lib/libdwm.a(uwbmac-frm.o)
                              ../../lib/libdwm.a(process-uwb.o) (uwbmac_frm_init)
../../lib/libdwm.a(uwbmac-fwup.o)
                              ../../lib/libdwm.a(uwbmac-an.o) (uwbmac_fwup_get_peer)
../../lib/libdwm.a(uwbmac-nodes.o)
                              ../../lib/libdwm.a(uwbmac-an.o) (uwbmac_node_list_init)
../../lib/libdwm.a(uwbmac.o)  ../../lib/libdwm.a(ble-server.o) (uwbmac_loc_cb_register)
../../lib/libdwm.a(uwbmac_priv.o)
                              ../../lib/libdwm.a(process-le.o) (_uwbmac)
../../lib/libdwm.a(uwbmac-tdma.o)
                              ../../lib/libdwm.a(uwbmac-an.o) (tdma_get_off_devt)
../../lib/libdwm.a(uwbmac-tdoa.o)
                              ../../lib/libdwm.a(shell-uwbmac.o) (uwbmac_tdoa_send_blink)
../../lib/libdwm.a(uwbmac-tn.o)
                              ../../lib/libdwm.a(uwbmac.o) (uwbmac_tn_reinit)
../../lib/libdwm.a(uwbmac-twr.o)
                              ../../lib/libdwm.a(uwbmac-an.o) (uwbmac_twr_fsm_inr_entry)
../../lib/libdwm.a(uwbmac-utils.o)
                              ../../lib/libdwm.a(uwbmac-an.o) (uwbmac_frm_build_cl_join_cfm)
../../lib/libdwm.a(lis2dx.o)  ../../lib/libdwm.a(uwbmac.o) (acc_get_data)
../../lib/libdwm.a(shell-sens.o)
                              ../../lib/dwm.o (sens_commands)
../../lib/libdwm.a(process-api.o)
                              ../../lib/dwm.o (api_thread_start)
../../lib/libdwm.a(serial.o)  ../../lib/libdwm.a(shell.o) (serial_sleep)
../../lib/libdwm.a(uwbmac-pn.o)
                              ../../lib/libdwm.a(process-uwb.o) (uwbmac_pn_init)
../../lib/libdwm.a(autopos.o)
                              ../../lib/libdwm.a(uwbmac-an.o) (autopos_free)
../../lib/libdwm.a(ble_advdata.o)
                              ../../lib/libdwm.a(ble-server.o) (ble_advdata_set)
../../lib/libdwm.a(ble_advertising.o)
                              ../../lib/libdwm.a(ble-server.o) (ble_advertising_init)
../../lib/libdwm.a(ble_conn_params.o)
                              ../../lib/libdwm.a(ble-server.o) (ble_conn_params_init)
../../lib/libdwm.a(ble-sd.o)  ../../lib/libdwm.a(softdevice_handler.o) (app_error_fault_handler)
../../lib/libdwm.a(crc32.o)   ../../lib/libdwm.a(env-tlv.o) (crc32)
../../lib/libdwm.a(deca_device.o)
                              ../../lib/libdwm.a(dw1000.o) (dwt_getpartid)
[...]
Memory Configuration

Name             Origin             Length             Attributes
sram             0x200035e0         0x0000ba20
flash            0x00044000         0x0003c000
*default*        0x00000000         0xffffffff

Linker script and memory map

LOAD ../..//lib/vectors.o
LOAD obj/dwm-simple.o
LOAD ../../lib/dwm.o
LOAD ../../lib/libdwm.a
LOAD /data/tools/gcc-arm-none-eabi/bin/../lib/gcc/arm-none-eabi/5.4.1/../../../../arm-none-eabi/lib/armv7e-m/fpu/libm.a
LOAD /data/tools/gcc-arm-none-eabi/bin/../lib/gcc/arm-none-eabi/5.4.1/armv7e-m/fpu/libgcc.a
LOAD /data/tools/gcc-arm-none-eabi/bin/../lib/gcc/arm-none-eabi/5.4.1/../../../../arm-none-eabi/lib/armv7e-m/fpu/libc.a
LOAD /data/tools/gcc-arm-none-eabi/bin/../lib/gcc/arm-none-eabi/5.4.1/../../../../arm-none-eabi/lib/armv7e-m/fpu/libnosys.a
LOAD ../..//lib/extras.o
START GROUP
LOAD ../..//lib/libtarget.a
LOAD /data/tools/gcc-arm-none-eabi/bin/../lib/gcc/arm-none-eabi/5.4.1/armv7e-m/fpu/libgcc.a
LOAD /data/tools/gcc-arm-none-eabi/bin/../lib/gcc/arm-none-eabi/5.4.1/../../../../arm-none-eabi/lib/armv7e-m/fpu/libsupc++.a
END GROUP

.debug_aranges  0x00000000       0x30
 *(.debug_aranges)
 .debug_aranges
                0x00000000       0x30 obj/dwm-simple.o

.debug_pubnames
 *(.debug_pubnames)

.debug_info     0x00000000      0x976
 *(.debug_info)
 .debug_info    0x00000000      0x976 obj/dwm-simple.o

.debug_abbrev   0x00000000      0x1e6
 *(.debug_abbrev)
 .debug_abbrev  0x00000000      0x1e6 obj/dwm-simple.o

.debug_line     0x00000000      0x1f3
 *(.debug_line)
 .debug_line    0x00000000      0x1f3 obj/dwm-simple.o

.debug_frame    0x00000000     0x17bc
 *(.debug_frame)
 .debug_frame   0x00000000       0x74 obj/dwm-simple.o
 .debug_frame   0x00000074       0x30 /data/tools/gcc-arm-none-eabi/bin/../lib/gcc/arm-none-eabi/5.4.1/../../../../arm-none-eabi/lib/armv7e-m/fpu/libm.a(lib_a-s_ceil.o)
 .debug_frame   0x000000a4       0x30 /data/tools/gcc-arm-none-eabi/bin/../lib/gcc/arm-none-eabi/5.4.1/../../../../arm-none-eabi/lib/armv7e-m/fpu/libm.a(lib_a-s_floor.o)
 .debug_frame   0x000000d4       0x58 /data/tools/gcc-arm-none-eabi/bin/../lib/gcc/arm-none-eabi/5.4.1/../../../../arm-none-eabi/lib/armv7e-m/fpu/libm.a(lib_a-w_sqrt.o)
 .debug_frame   0x0000012c       0x30 /data/tools/gcc-arm-none-eabi/bin/../lib/gcc/arm-none-eabi/5.4.1/../../../../arm-none-eabi/lib/armv7e-m/fpu/libm.a(lib_a-e_sqrt.o)
 .debug_frame   0x0000015c       0x20 /data/tools/gcc-arm-none-eabi/bin/../lib/gcc/arm-none-eabi/5.4.1/../../../../arm-none-eabi/lib/armv7e-m/fpu/libm.a(lib_a-s_matherr.o)
 .debug_frame   0x0000017c       0x44 /data/tools/gcc-arm-none-eabi/bin/../lib/gcc/arm-none-eabi/5.4.1/armv7e-m/fpu/libgcc.a(_aeabi_ldivmod.o)
 .debug_frame   0x000001c0       0x2c /data/tools/gcc-arm-none-eabi/bin/../lib/gcc/arm-none-eabi/5.4.1/armv7e-m/fpu/libgcc.a(_aeabi_uldivmod.o)
 .debug_frame   0x000001ec       0x28 /data/tools/gcc-arm-none-eabi/bin/../lib/gcc/arm-none-eabi/5.4.1/armv7e-m/fpu/libgcc.a(_fixsfdi.o)
 .debug_frame   0x00000214       0x2c /data/tools/gcc-arm-none-eabi/bin/../lib/gcc/arm-none-eabi/5.4.1/armv7e-m/fpu/libgcc.a(_fixunssfdi.o)
 .debug_frame   0x00000240       0x2c /data/tools/gcc-arm-none-eabi/bin/../lib/gcc/arm-none-eabi/5.4.1/armv7e-m/fpu/libgcc.a(_fixunsdfdi.o)
 .debug_frame   0x0000026c       0x34 /data/tools/gcc-arm-none-eabi/bin/../lib/gcc/arm-none-eabi/5.4.1/armv7e-m/fpu/libgcc.a(_udivmoddi4.o)
 .debug_frame   0x000002a0       0x30 /data/tools/gcc-arm-none-eabi/bin/../lib/gcc/arm-none-eabi/5.4.1/../../../../arm-none-eabi/lib/armv7e-m/fpu/libc.a(lib_a-atoi.o)
 .debug_frame   0x000002d0       0x20 /data/tools/gcc-arm-none-eabi/bin/../lib/gcc/arm-none-eabi/5.4.1/../../../../arm-none-eabi/lib/armv7e-m/fpu/libc.a(lib_a-errno.o)
 .debug_frame   0x000002f0       0x6c /data/tools/gcc-arm-none-eabi/bin/../lib/gcc/arm-none-eabi/5.4.1/../../../../arm-none-eabi/lib/armv7e-m/fpu/libc.a(lib_a-fflush.o)
 .debug_frame   0x0000035c      0x124 /data/tools/gcc-arm-none-eabi/bin/../lib/gcc/arm-none-eabi/5.4.1/../../../../arm-none-eabi/lib/armv7e-m/fpu/libc.a(lib_a-findfp.o)
 .debug_frame   0x00000480       0x74 /data/tools/gcc-arm-none-eabi/bin/../lib/gcc/arm-none-eabi/5.4.1/../../../../arm-none-eabi/lib/armv7e-m/fpu/libc.a(lib_a-freer.o)
 .debug_frame   0x000004f4       0x54 /data/tools/gcc-arm-none-eabi/bin/../lib/gcc/arm-none-eabi/5.4.1/../../../../arm-none-eabi/lib/armv7e-m/fpu/libc.a(lib_a-fwalk.o)
 .debug_frame   0x00000548       0x30 /data/tools/gcc-arm-none-eabi/bin/../lib/gcc/arm-none-eabi/5.4.1/../../../../arm-none-eabi/lib/armv7e-m/fpu/libc.a(lib_a-malloc.o)
 .debug_frame   0x00000578       0x58 /data/tools/gcc-arm-none-eabi/bin/../lib/gcc/arm-none-eabi/5.4.1/../../../../arm-none-eabi/lib/armv7e-m/fpu/libc.a(lib_a-mallocr.o)
 .debug_frame   0x000005d0       0x38 /data/tools/gcc-arm-none-eabi/bin/../lib/gcc/arm-none-eabi/5.4.1/../../../../arm-none-eabi/lib/armv7e-m/fpu/libc.a(lib_a-memcmp.o)
 .debug_frame   0x00000608       0x34 /data/tools/gcc-arm-none-eabi/bin/../lib/gcc/arm-none-eabi/5.4.1/../../../../arm-none-eabi/lib/armv7e-m/fpu/libc.a(lib_a-memset.o)
 .debug_frame   0x0000063c       0x30 /data/tools/gcc-arm-none-eabi/bin/../lib/gcc/arm-none-eabi/5.4.1/../../../../arm-none-eabi/lib/armv7e-m/fpu/libc.a(lib_a-mlock.o)
 .debug_frame   0x0000066c       0x80 /data/tools/gcc-arm-none-eabi/bin/../lib/gcc/arm-none-eabi/5.4.1/../../../../arm-none-eabi/lib/armv7e-m/fpu/libc.a(lib_a-mstats.o)
 .debug_frame   0x000006ec       0x74 /data/tools/gcc-arm-none-eabi/bin/../lib/gcc/arm-none-eabi/5.4.1/../../../../arm-none-eabi/lib/armv7e-m/fpu/libc.a(lib_a-printf.o)
 .debug_frame   0x00000760       0x30 /data/tools/gcc-arm-none-eabi/bin/../lib/gcc/arm-none-eabi/5.4.1/../../../../arm-none-eabi/lib/armv7e-m/fpu/libc.a(lib_a-putchar.o)
 .debug_frame   0x00000790       0x48 /data/tools/gcc-arm-none-eabi/bin/../lib/gcc/arm-none-eabi/5.4.1/../../../../arm-none-eabi/lib/armv7e-m/fpu/libc.a(lib_a-puts.o)
 .debug_frame   0x000007d8       0x2c /data/tools/gcc-arm-none-eabi/bin/../lib/gcc/arm-none-eabi/5.4.1/../../../../arm-none-eabi/lib/armv7e-m/fpu/libc.a(lib_a-sbrkr.o)
 .debug_frame   0x00000804       0xd0 /data/tools/gcc-arm-none-eabi/bin/../lib/gcc/arm-none-eabi/5.4.1/../../../../arm-none-eabi/lib/armv7e-m/fpu/libc.a(lib_a-snprintf.o)
 .debug_frame   0x000008d4       0x88 /data/tools/gcc-arm-none-eabi/bin/../lib/gcc/arm-none-eabi/5.4.1/../../../../arm-none-eabi/lib/armv7e-m/fpu/libc.a(lib_a-stdio.o)
 .debug_frame   0x0000095c       0x68 /data/tools/gcc-arm-none-eabi/bin/../lib/gcc/arm-none-eabi/5.4.1/../../../../arm-none-eabi/lib/armv7e-m/fpu/libc.a(lib_a-strcmp.o)
 .debug_frame   0x000009c4       0x54 /data/tools/gcc-arm-none-eabi/bin/../lib/gcc/arm-none-eabi/5.4.1/../../../../arm-none-eabi/lib/armv7e-m/fpu/libc.a(lib_a-strncmp.o)
 .debug_frame   0x00000a18       0x20 /data/tools/gcc-arm-none-eabi/bin/../lib/gcc/arm-none-eabi/5.4.1/../../../../arm-none-eabi/lib/armv7e-m/fpu/libc.a(lib_a-strtok.o)
 .debug_frame   0x00000a38       0x48 /data/tools/gcc-arm-none-eabi/bin/../lib/gcc/arm-none-eabi/5.4.1/../../../../arm-none-eabi/lib/armv7e-m/fpu/libc.a(lib_a-strtok_r.o)
 .debug_frame   0x00000a80       0x98 /data/tools/gcc-arm-none-eabi/bin/../lib/gcc/arm-none-eabi/5.4.1/../../../../arm-none-eabi/lib/armv7e-m/fpu/libc.a(lib_a-strtol.o)
 .debug_frame   0x00000b18       0x98 /data/tools/gcc-arm-none-eabi/bin/../lib/gcc/arm-none-eabi/5.4.1/../../../../arm-none-eabi/lib/armv7e-m/fpu/libc.a(lib_a-strtoul.o)
 .debug_frame   0x00000bb0       0x44 /data/tools/gcc-arm-none-eabi/bin/../lib/gcc/arm-none-eabi/5.4.1/../../../../arm-none-eabi/lib/armv7e-m/fpu/libc.a(lib_a-svfprintf.o)
 .debug_frame   0x00000bf4       0x88 /data/tools/gcc-arm-none-eabi/bin/../lib/gcc/arm-none-eabi/5.4.1/../../../../arm-none-eabi/lib/armv7e-m/fpu/libc.a(lib_a-vfprintf.o)
 .debug_frame   0x00000c7c       0x2c /data/tools/gcc-arm-none-eabi/bin/../lib/gcc/arm-none-eabi/5.4.1/../../../../arm-none-eabi/lib/armv7e-m/fpu/libc.a(lib_a-writer.o)
 .debug_frame   0x00000ca8       0x2c /data/tools/gcc-arm-none-eabi/bin/../lib/gcc/arm-none-eabi/5.4.1/../../../../arm-none-eabi/lib/armv7e-m/fpu/libc.a(lib_a-wsetup.o)
 .debug_frame   0x00000cd4       0x2c /data/tools/gcc-arm-none-eabi/bin/../lib/gcc/arm-none-eabi/5.4.1/../../../../arm-none-eabi/lib/armv7e-m/fpu/libc.a(lib_a-closer.o)
 .debug_frame   0x00000d00       0x88 /data/tools/gcc-arm-none-eabi/bin/../lib/gcc/arm-none-eabi/5.4.1/../../../../arm-none-eabi/lib/armv7e-m/fpu/libc.a(lib_a-dtoa.o)
 .debug_frame   0x00000d88       0x44 /data/tools/gcc-arm-none-eabi/bin/../lib/gcc/arm-none-eabi/5.4.1/../../../../arm-none-eabi/lib/armv7e-m/fpu/libc.a(lib_a-fclose.o)
 .debug_frame   0x00000dcc       0x68 /data/tools/gcc-arm-none-eabi/bin/../lib/gcc/arm-none-eabi/5.4.1/../../../../arm-none-eabi/lib/armv7e-m/fpu/libc.a(lib_a-fvwrite.o)
 .debug_frame   0x00000e34       0x84 /data/tools/gcc-arm-none-eabi/bin/../lib/gcc/arm-none-eabi/5.4.1/../../../../arm-none-eabi/lib/armv7e-m/fpu/libc.a(lib_a-locale.o)
 .debug_frame   0x00000eb8       0x40 /data/tools/gcc-arm-none-eabi/bin/../lib/gcc/arm-none-eabi/5.4.1/../../../../arm-none-eabi/lib/armv7e-m/fpu/libc.a(lib_a-localeconv.o)
 .debug_frame   0x00000ef8       0x2c /data/tools/gcc-arm-none-eabi/bin/../lib/gcc/arm-none-eabi/5.4.1/../../../../arm-none-eabi/lib/armv7e-m/fpu/libc.a(lib_a-lseekr.o)
 .debug_frame   0x00000f24       0x68 /data/tools/gcc-arm-none-eabi/bin/../lib/gcc/arm-none-eabi/5.4.1/../../../../arm-none-eabi/lib/armv7e-m/fpu/libc.a(lib_a-makebuf.o)
 .debug_frame   0x00000f8c       0x50 /data/tools/gcc-arm-none-eabi/bin/../lib/gcc/arm-none-eabi/5.4.1/../../../../arm-none-eabi/lib/armv7e-m/fpu/libc.a(lib_a-mallinfor.o)
 .debug_frame   0x00000fdc       0x4c /data/tools/gcc-arm-none-eabi/bin/../lib/gcc/arm-none-eabi/5.4.1/../../../../arm-none-eabi/lib/armv7e-m/fpu/libc.a(lib_a-mbtowc_r.o)
 .debug_frame   0x00001028       0x30 /data/tools/gcc-arm-none-eabi/bin/../lib/gcc/arm-none-eabi/5.4.1/../../../../arm-none-eabi/lib/armv7e-m/fpu/libc.a(lib_a-memmove.o)
 .debug_frame   0x00001058      0x264 /data/tools/gcc-arm-none-eabi/bin/../lib/gcc/arm-none-eabi/5.4.1/../../../../arm-none-eabi/lib/armv7e-m/fpu/libc.a(lib_a-mprec.o)
 .debug_frame   0x000012bc       0x58 /data/tools/gcc-arm-none-eabi/bin/../lib/gcc/arm-none-eabi/5.4.1/../../../../arm-none-eabi/lib/armv7e-m/fpu/libc.a(lib_a-putc.o)
 .debug_frame   0x00001314       0x2c /data/tools/gcc-arm-none-eabi/bin/../lib/gcc/arm-none-eabi/5.4.1/../../../../arm-none-eabi/lib/armv7e-m/fpu/libc.a(lib_a-readr.o)
 .debug_frame   0x00001340       0x60 /data/tools/gcc-arm-none-eabi/bin/../lib/gcc/arm-none-eabi/5.4.1/../../../../arm-none-eabi/lib/armv7e-m/fpu/libc.a(lib_a-reallocr.o)
 .debug_frame   0x000013a0       0x58 /data/tools/gcc-arm-none-eabi/bin/../lib/gcc/arm-none-eabi/5.4.1/../../../../arm-none-eabi/lib/armv7e-m/fpu/libc.a(lib_a-reent.o)
 .debug_frame   0x000013f8       0x78 /data/tools/gcc-arm-none-eabi/bin/../lib/gcc/arm-none-eabi/5.4.1/../../../../arm-none-eabi/lib/armv7e-m/fpu/libc.a(lib_a-svfiprintf.o)
 .debug_frame   0x00001470       0xc8 /data/tools/gcc-arm-none-eabi/bin/../lib/gcc/arm-none-eabi/5.4.1/../../../../arm-none-eabi/lib/armv7e-m/fpu/libc.a(lib_a-vfiprintf.o)
 .debug_frame   0x00001538       0x40 /data/tools/gcc-arm-none-eabi/bin/../lib/gcc/arm-none-eabi/5.4.1/../../../../arm-none-eabi/lib/armv7e-m/fpu/libc.a(lib_a-wbuf.o)
 .debug_frame   0x00001578       0x3c /data/tools/gcc-arm-none-eabi/bin/../lib/gcc/arm-none-eabi/5.4.1/../../../../arm-none-eabi/lib/armv7e-m/fpu/libc.a(lib_a-wctomb_r.o)
 .debug_frame   0x000015b4       0x28 /data/tools/gcc-arm-none-eabi/bin/../lib/gcc/arm-none-eabi/5.4.1/../../../../arm-none-eabi/lib/armv7e-m/fpu/libc.a(lib_a-callocr.o)
 .debug_frame   0x000015dc       0x8c /data/tools/gcc-arm-none-eabi/bin/../lib/gcc/arm-none-eabi/5.4.1/../../../../arm-none-eabi/lib/armv7e-m/fpu/libc.a(lib_a-fputwc.o)
 .debug_frame   0x00001668       0x2c /data/tools/gcc-arm-none-eabi/bin/../lib/gcc/arm-none-eabi/5.4.1/../../../../arm-none-eabi/lib/armv7e-m/fpu/libc.a(lib_a-fstatr.o)
 .debug_frame   0x00001694       0x2c /data/tools/gcc-arm-none-eabi/bin/../lib/gcc/arm-none-eabi/5.4.1/../../../../arm-none-eabi/lib/armv7e-m/fpu/libc.a(lib_a-isattyr.o)
 .debug_frame   0x000016c0       0x5c /data/tools/gcc-arm-none-eabi/bin/../lib/gcc/arm-none-eabi/5.4.1/../../../../arm-none-eabi/lib/armv7e-m/fpu/libc.a(lib_a-wcrtomb.o)
 .debug_frame   0x0000171c       0x20 /data/tools/gcc-arm-none-eabi/bin/../lib/gcc/arm-none-eabi/5.4.1/../../../../arm-none-eabi/lib/armv7e-m/fpu/libnosys.a(close.o)
 .debug_frame   0x0000173c       0x20 /data/tools/gcc-arm-none-eabi/bin/../lib/gcc/arm-none-eabi/5.4.1/../../../../arm-none-eabi/lib/armv7e-m/fpu/libnosys.a(fstat.o)
 .debug_frame   0x0000175c       0x20 /data/tools/gcc-arm-none-eabi/bin/../lib/gcc/arm-none-eabi/5.4.1/../../../../arm-none-eabi/lib/armv7e-m/fpu/libnosys.a(isatty.o)
 .debug_frame   0x0000177c       0x20 /data/tools/gcc-arm-none-eabi/bin/../lib/gcc/arm-none-eabi/5.4.1/../../../../arm-none-eabi/lib/armv7e-m/fpu/libnosys.a(lseek.o)
 .debug_frame   0x0000179c       0x20 /data/tools/gcc-arm-none-eabi/bin/../lib/gcc/arm-none-eabi/5.4.1/../../../../arm-none-eabi/lib/armv7e-m/fpu/libsupc++.a(atexit_arm.o)

.debug_str      0x00000000      0x51d
 *(.debug_str)
 .debug_str     0x00000000      0x51d obj/dwm-simple.o
                                0x5a7 (size before relaxing)

.debug_loc      0x00000000       0xde
 *(.debug_loc)
 .debug_loc     0x00000000       0xde obj/dwm-simple.o

.debug_macinfo
 *(.debug_macinfo)

.note.arm.ident
 *(.note.arm.ident)

/DISCARD/
 *(.fini_array*)

.rom_vectors    0x00044000        0x8
                0x00044000                __rom_vectors_vma = ABSOLUTE (.)
                0x00044000                . = .
 *(.vectors)
 .vectors       0x00044000        0x8 ../..//lib/vectors.o
                0x00044000                __rom_vectors_lma = LOADADDR (.rom_vectors)

.rel.text
 *(.rel.text)
 *(.rel.text.*)
 *(.rel.gnu.linkonce.t*)

.rela.text
 *(.rela.text)
 *(.rela.text.*)
 *(.rela.gnu.linkonce.t*)

.rel.data
 *(.rel.data)
 *(.rel.data.*)
 *(.rel.gnu.linkonce.d*)

.rela.data
 *(.rela.data)
 *(.rela.data.*)
 *(.rela.gnu.linkonce.d*)

.rel.rodata
 *(.rel.rodata)
 *(.rel.rodata.*)
 *(.rel.gnu.linkonce.r*)

.rela.rodata
 *(.rela.rodata)
 *(.rela.rodata.*)
 *(.rela.gnu.linkonce.r*)

.rel.got
 *(.rel.got)

.rela.got
 *(.rela.got)

.rel.ctors
 *(.rel.ctors)

.rela.ctors
 *(.rela.ctors)

.rel.dtors
 *(.rel.dtors)

.rela.dtors
 *(.rela.dtors)

.rel.init
 *(.rel.init)

.rela.init
 *(.rela.init)

.rel.fini
 *(.rel.fini)

.rela.fini
 *(.rela.fini)

.rel.bss
 *(.rel.bss)

.rela.bss
 *(.rela.bss)

.rel.plt
 *(.rel.plt)

.rela.plt
 *(.rela.plt)

.rel.dyn        0x00044008        0x0
 *(.rel.dyn)
 .rel.iplt      0x00044008        0x0 ../..//lib/vectors.o

.ARM.extab      0x00044008        0x0
                [!provide]                PROVIDE (__stext, ABSOLUTE (.))
                0x00044008                _stext = ABSOLUTE (.)
                0x00044008                . = .
 *(.ARM.extab* .gnu.linkonce.armextab.*)
                0x00044008                . = ALIGN (0x8)
                0x00044008                __exidx_start = ABSOLUTE (.)

.ARM.exidx      0x00044008        0x8
 *(.ARM.exidx* .gnu.linkonce.armexidx.*)
 .ARM.exidx     0x00044008        0x8 /data/tools/gcc-arm-none-eabi/bin/../lib/gcc/arm-none-eabi/5.4.1/armv7e-m/fpu/libgcc.a(_udivmoddi4.o)
 .ARM.exidx.text.__aeabi_atexit
                0x00044010        0x0 /data/tools/gcc-arm-none-eabi/bin/../lib/gcc/arm-none-eabi/5.4.1/../../../../arm-none-eabi/lib/armv7e-m/fpu/libsupc++.a(atexit_arm.o)
                                  0x8 (size before relaxing)
                0x00044010                . = .
                0x00044010                __exidx_end = ABSOLUTE (.)

.text           0x00044010    0x26ee8
 *(.text*)
 .text          0x00044010       0xec ../..//lib/vectors.o
                0x00044010                reset_vector
                0x0004401c                hal_switch_state_vsr
                0x0004403c                hal_default_exception_vsr
                0x0004406e                hal_default_interrupt_vsr
                0x00044082                hal_pendable_svc_vsr
                0x000440a8                hal_interrupt_end_done
                0x000440ac                hal_interrupt_end_vsr
                0x000440ba                hal_call_dsrs_vsr
                0x000440be                hal_default_svc_vsr
                0x000440cc                hal_usagefault_exception_vsr
                0x000440f4                hal_boot_jump_asm
 .text.on_dwm_evt
                0x000440fc       0xa0 obj/dwm-simple.o
                0x000440fc                on_dwm_evt
 .text.app_thread_entry
                0x0004419c      0x158 obj/dwm-simple.o
                0x0004419c                app_thread_entry
 .text.dwm_user_start
                0x000442f4       0x50 obj/dwm-simple.o
                0x000442f4                dwm_user_start
 .text.user_thread_create
                0x00044344       0x84 ../../lib/dwm.o
                0x00044344                user_thread_create
 .text.user_thread_resume
                0x000443c8       0x38 ../../lib/dwm.o
                0x000443c8                user_thread_resume
 .text.dwm_shell_add_commands
                0x00044400       0x5c ../../lib/dwm.o
                0x00044400                dwm_shell_add_commands
 .text.cyg_user_start
                0x0004445c      0x108 ../../lib/dwm.o
                0x0004445c                cyg_user_start
 .text.sd_ble_gap_addr_set
                0x00044564        0x4 ../../lib/libdwm.a(ble-server.o)
 .text.sd_ble_gap_addr_get
                0x00044568        0x4 ../../lib/libdwm.a(ble-server.o)
 .text.sd_ble_gap_disconnect
                0x0004456c        0x4 ../../lib/libdwm.a(ble-server.o)
 .text.sd_ble_gap_device_name_set
                0x00044570        0x4 ../../lib/libdwm.a(ble-server.o)
 .text.sd_ble_gatts_service_add
                0x00044574        0x4 ../../lib/libdwm.a(ble-server.o)
 .text.sd_ble_gatts_characteristic_add
                0x00044578        0x4 ../../lib/libdwm.a(ble-server.o)
 .text.sd_ble_gatts_value_set
                0x0004457c        0x4 ../../lib/libdwm.a(ble-server.o)
 .text.sd_ble_gatts_value_get
                0x00044580        0x4 ../../lib/libdwm.a(ble-server.o)
 .text.sd_ble_gatts_hvx
                0x00044584        0x4 ../../lib/libdwm.a(ble-server.o)
 .text.sd_ble_gatts_exchange_mtu_reply
                0x00044588        0x4 ../../lib/libdwm.a(ble-server.o)
 .text.sd_ble_tx_packet_count_get
                0x0004458c        0x4 ../../lib/libdwm.a(ble-server.o)
 .text.sd_ble_uuid_vs_add
                0x00044590        0x4 ../../lib/libdwm.a(ble-server.o)
 .text.NVIC_SystemReset
                0x00044594       0x24 ../../lib/libdwm.a(ble-server.o)
 .text.sd_clock_hfclk_release
                0x000445b8        0x4 ../../lib/libdwm.a(ble-server.o)
 .text.sd_clock_hfclk_is_running
                0x000445bc        0x4 ../../lib/libdwm.a(ble-server.o)
 .text.sd_softdevice_disable
                0x000445c0        0x4 ../../lib/libdwm.a(ble-server.o)
 .text.opt_flag_set
                0x000445c4       0x18 ../../lib/libdwm.a(ble-server.o)
 .text.opt_flag_clear
                0x000445dc       0x18 ../../lib/libdwm.a(ble-server.o)
 .text.ch_read  0x000445f4       0x34 ../../lib/libdwm.a(ble-server.o)
 .text.ch_write
                0x00044628       0x16 ../../lib/libdwm.a(ble-server.o)
 *fill*         0x0004463e        0x2 
 .text._ble_mac_stat_set
                0x00044640       0x50 ../../lib/libdwm.a(ble-server.o)
 .text.advertising_counter_inc
                0x00044690       0x40 ../../lib/libdwm.a(ble-server.o)
 .text.ble_pm_suspend
                0x000446d0       0x48 ../../lib/libdwm.a(ble-server.o)
 .text.on_advertising_evt
                0x00044718        0x8 ../../lib/libdwm.a(ble-server.o)
 .text._ble_addr_set
                0x00044720       0x18 ../../lib/libdwm.a(ble-server.o)
 .text._add_shell_cmds
                0x00044738       0x10 ../../lib/libdwm.a(ble-server.o)
 .text.on_advertising_error
                0x00044748       0x14 ../../lib/libdwm.a(ble-server.o)
 .text.conn_params_error_handler
                0x0004475c       0x14 ../../lib/libdwm.a(ble-server.o)
 .text.ch_notify
                0x00044770       0x58 ../../lib/libdwm.a(ble-server.o)
 .text.fwup_resp_notify
                0x000447c8       0x60 ../../lib/libdwm.a(ble-server.o)
 .text.encode_dist.part.3
                0x00044828       0x62 ../../lib/libdwm.a(ble-server.o)
 *fill*         0x0004488a        0x2 
 .text._ble_proxy_set
                0x0004488c       0xa0 ../../lib/libdwm.a(ble-server.o)
                0x0004488c                _ble_proxy_set
 .text._ble_ur_set
                0x0004492c       0x60 ../../lib/libdwm.a(ble-server.o)
 .text.on_conn_params_evt
                0x0004498c       0x78 ../../lib/libdwm.a(ble-server.o)
 .text._ble_an_list_set
                0x00044a04       0x68 ../../lib/libdwm.a(ble-server.o)
 .text._ble_mac_cl_info_set
                0x00044a6c       0x58 ../../lib/libdwm.a(ble-server.o)
 .text._ble_addr_get
                0x00044ac4       0x54 ../../lib/libdwm.a(ble-server.o)
 .text._ble_stop
                0x00044b18       0x1a ../../lib/libdwm.a(ble-server.o)
 *fill*         0x00044b32        0x2 
 .text._ble_start
                0x00044b34       0x5c ../../lib/libdwm.a(ble-server.o)
 .text.ch_uuid_vs_add.isra.22
                0x00044b90      0x108 ../../lib/libdwm.a(ble-server.o)
 .text.gpio_ble_wakeup_intr
                0x00044c98       0x1e ../../lib/libdwm.a(ble-server.o)
 *fill*         0x00044cb6        0x2 
 .text.ble_adv_is_enabled
                0x00044cb8        0xc ../../lib/libdwm.a(ble-server.o)
                0x00044cb8                ble_adv_is_enabled
 .text.ble_add_shell_cmds
                0x00044cc4       0x10 ../../lib/libdwm.a(ble-server.o)
                0x00044cc4                ble_add_shell_cmds
 .text.ble_start
                0x00044cd4       0x10 ../../lib/libdwm.a(ble-server.o)
                0x00044cd4                ble_start
 .text.ble_stop
                0x00044ce4       0x10 ../../lib/libdwm.a(ble-server.o)
                0x00044ce4                ble_stop
 .text.ble_pos_dist_set
                0x00044cf4      0x15c ../../lib/libdwm.a(ble-server.o)
                0x00044cf4                ble_pos_dist_set
 .text.loc_data_cb
                0x00044e50       0x90 ../../lib/libdwm.a(ble-server.o)
 .text.ble_ur_set
                0x00044ee0       0x10 ../../lib/libdwm.a(ble-server.o)
                0x00044ee0                ble_ur_set
 .text.ble_addr_set
                0x00044ef0       0x14 ../../lib/libdwm.a(ble-server.o)
                0x00044ef0                ble_addr_set
 .text.ble_addr_get
                0x00044f04       0x14 ../../lib/libdwm.a(ble-server.o)
                0x00044f04                ble_addr_get
 .text._ble_sys_info
                0x00044f18       0x90 ../../lib/libdwm.a(ble-server.o)
 .text.ble_an_list_set
                0x00044fa8       0x10 ../../lib/libdwm.a(ble-server.o)
                0x00044fa8                ble_an_list_set
 .text.ble_mac_cl_info_set
                0x00044fb8       0x10 ../../lib/libdwm.a(ble-server.o)
                0x00044fb8                ble_mac_cl_info_set
 .text.ble_mac_stat_set
                0x00044fc8       0x10 ../../lib/libdwm.a(ble-server.o)
                0x00044fc8                ble_mac_stat_set
 .text.ble_proxy_set
                0x00044fd8       0x14 ../../lib/libdwm.a(ble-server.o)
                0x00044fd8                ble_proxy_set
 .text.ble_advertising_enable
                0x00044fec       0x70 ../../lib/libdwm.a(ble-server.o)
                0x00044fec                ble_advertising_enable
 .text.ble_server_on_ble_evt
                0x0004505c      0x9dc ../../lib/libdwm.a(ble-server.o)
                0x0004505c                ble_server_on_ble_evt
 .text.ble_sys_info
                0x00045a38       0x10 ../../lib/libdwm.a(ble-server.o)
                0x00045a38                ble_sys_info
 .text.ble_compile
                0x00045a48       0xa4 ../../lib/libdwm.a(ble-server.o)
                0x00045a48                ble_compile
 .text.ble_server_init
                0x00045aec      0x714 ../../lib/libdwm.a(ble-server.o)
                0x00045aec                ble_server_init
 .text.ble_server_uninit
                0x00046200       0x18 ../../lib/libdwm.a(ble-server.o)
                0x00046200                ble_server_uninit
 .text.ble_srv_is_notification_enabled
                0x00046218        0x8 ../../lib/libdwm.a(ble_srv_common.o)
                0x00046218                ble_srv_is_notification_enabled
 .text.dw_usec_to_devt
                0x00046220       0x20 ../../lib/libdwm.a(dw1000.o)
                0x00046220                dw_usec_to_devt
 .text.dw_read_sys_time
                0x00046240       0x40 ../../lib/libdwm.a(dw1000.o)
                0x00046240                dw_read_sys_time
 .text.dw_rand  0x00046280       0x18 ../../lib/libdwm.a(dw1000.o)
                0x00046280                dw_rand
 .text.dw_near_timeout
                0x00046298       0x50 ../../lib/libdwm.a(dw1000.o)
                0x00046298                dw_near_timeout
 .text.dw_tx_reset
                0x000462e8       0x3a ../../lib/libdwm.a(dw1000.o)
                0x000462e8                dw_tx_reset
 .text.dw_buf_write
                0x00046322       0xd4 ../../lib/libdwm.a(dw1000.o)
                0x00046322                dw_buf_write
 .text.dw_buf_start
                0x000463f6       0x90 ../../lib/libdwm.a(dw1000.o)
                0x000463f6                dw_buf_start
 .text.dw_buf_await_send
                0x00046486       0x5c ../../lib/libdwm.a(dw1000.o)
                0x00046486                dw_buf_await_send
 .text.dw_buf_send
                0x000464e2       0x1e ../../lib/libdwm.a(dw1000.o)
                0x000464e2                dw_buf_send
 .text.dw_rx_on
                0x00046500       0x20 ../../lib/libdwm.a(dw1000.o)
                0x00046500                dw_rx_on
 .text.dw_rxto_on
                0x00046520       0x40 ../../lib/libdwm.a(dw1000.o)
                0x00046520                dw_rxto_on
 .text.dw_get_preamble_len
                0x00046560       0x18 ../../lib/libdwm.a(dw1000.o)
                0x00046560                dw_get_preamble_len
 .text.dw_get_frame_len
                0x00046578      0x124 ../../lib/libdwm.a(dw1000.o)
                0x00046578                dw_get_frame_len
 *fill*         0x0004669c        0x4 
 .text.dw_get_qf
                0x000466a0      0x16c ../../lib/libdwm.a(dw1000.o)
                0x000466a0                dw_get_qf
 *fill*         0x0004680c        0x4 
 .text.dw_get_rssi
                0x00046810       0xb8 ../../lib/libdwm.a(dw1000.o)
                0x00046810                dw_get_rssi
 .text.dw_set_ch_cfg
                0x000468c8        0xa ../../lib/libdwm.a(dw1000.o)
                0x000468c8                dw_set_ch_cfg
 .text.dw_set_tx_cfg
                0x000468d2       0x1a ../../lib/libdwm.a(dw1000.o)
                0x000468d2                dw_set_tx_cfg
 .text.dw_set_ant_rx_delay
                0x000468ec        0x8 ../../lib/libdwm.a(dw1000.o)
                0x000468ec                dw_set_ant_rx_delay
 .text.dw_set_ant_tx_delay
                0x000468f4        0x8 ../../lib/libdwm.a(dw1000.o)
                0x000468f4                dw_set_ant_tx_delay
 .text.dw_get_ant_cfg
                0x000468fc       0x22 ../../lib/libdwm.a(dw1000.o)
                0x000468fc                dw_get_ant_cfg
 .text.dw_set_ant_cfg
                0x0004691e       0x24 ../../lib/libdwm.a(dw1000.o)
                0x0004691e                dw_set_ant_cfg
 .text.dw_set_xtaltrim
                0x00046942       0x1c ../../lib/libdwm.a(dw1000.o)
                0x00046942                dw_set_xtaltrim
 *fill*         0x0004695e        0x2 
 .text.dw_get_temp
                0x00046960       0x44 ../../lib/libdwm.a(dw1000.o)
                0x00046960                dw_get_temp
 *fill*         0x000469a4        0x4 
 .text.dw_bw_txpwr_comp
                0x000469a8      0x160 ../../lib/libdwm.a(dw1000.o)
                0x000469a8                dw_bw_txpwr_comp
 .text.dw_tx_cb
                0x00046b08       0x7c ../../lib/libdwm.a(dw1000.o)
                0x00046b08                dw_tx_cb
 .text.dw_rx_cb
                0x00046b84      0x18a ../../lib/libdwm.a(dw1000.o)
                0x00046b84                dw_rx_cb
 .text.dw_sleep
                0x00046d0e       0x1e ../../lib/libdwm.a(dw1000.o)
                0x00046d0e                dw_sleep
 .text.dw_init  0x00046d2c       0xa8 ../../lib/libdwm.a(dw1000.o)
                0x00046d2c                dw_init
 .text.dw_set_src_addr
                0x00046dd4       0x7a ../../lib/libdwm.a(dw1000.o)
                0x00046dd4                dw_set_src_addr
 .text.dw_get_src_addr
                0x00046e4e        0xc ../../lib/libdwm.a(dw1000.o)
                0x00046e4e                dw_get_src_addr
 .text.dw_get_event
                0x00046e5a       0x70 ../../lib/libdwm.a(dw1000.o)
                0x00046e5a                dw_get_event
 *fill*         0x00046eca        0x2 
 .text.uwb_get_if
                0x00046ecc       0x10 ../../lib/libdwm.a(dw1000.o)
                0x00046ecc                uwb_get_if
 .text.dw1000_init
                0x00046edc       0xd8 ../../lib/libdwm.a(dw1000.o)
                0x00046edc                dw1000_init
 .text.dw_dump_cfg
                0x00046fb4      0x260 ../../lib/libdwm.a(dw1000.o)
                0x00046fb4                dw_dump_cfg
 .text.uwb_sys_info
                0x00047214       0xfc ../../lib/libdwm.a(dw1000.o)
                0x00047214                uwb_sys_info
 .text.fact     0x00047310       0x12 ../../lib/libdwm.a(dwm-math.o)
                0x00047310                fact
 *fill*         0x00047322        0x2 
 .text.flog10   0x00047324       0x28 ../../lib/libdwm.a(dwm-math.o)
                0x00047324                flog10
 .text.get_dist
                0x0004734c       0xc4 ../../lib/libdwm.a(dwm-math.o)
                0x0004734c                get_dist
 .text.uwbmac_loc_cb
                0x00047410      0x160 ../../lib/libdwm.a(dwm.o)
 .text.dwm_systime_us_get
                0x00047570        0x8 ../../lib/libdwm.a(dwm.o)
                0x00047570                dwm_systime_us_get
 .text.dwm_thread_create
                0x00047578       0x60 ../../lib/libdwm.a(dwm.o)
                0x00047578                dwm_thread_create
 .text.dwm_thread_resume
                0x000475d8       0x10 ../../lib/libdwm.a(dwm.o)
                0x000475d8                dwm_thread_resume
 .text.dwm_thread_delay
                0x000475e8        0x4 ../../lib/libdwm.a(dwm.o)
                0x000475e8                dwm_thread_delay
 .text.dwm_reset
                0x000475ec       0x24 ../../lib/libdwm.a(dwm.o)
                0x000475ec                dwm_reset
 .text.dwm_sleep
                0x00047610       0x20 ../../lib/libdwm.a(dwm.o)
                0x00047610                dwm_sleep
 .text.dwm_i2c_read
                0x00047630       0x5a ../../lib/libdwm.a(dwm.o)
                0x00047630                dwm_i2c_read
 .text.dwm_i2c_write
                0x0004768a       0x5a ../../lib/libdwm.a(dwm.o)
                0x0004768a                dwm_i2c_write
 .text.dwm_cfg_anchor_set
                0x000476e4       0x56 ../../lib/libdwm.a(dwm.o)
                0x000476e4                dwm_cfg_anchor_set
 .text.dwm_cfg_tag_set
                0x0004773a       0x70 ../../lib/libdwm.a(dwm.o)
                0x0004773a                dwm_cfg_tag_set
 .text.dwm_cfg_get
                0x000477aa       0x72 ../../lib/libdwm.a(dwm.o)
                0x000477aa                dwm_cfg_get
 .text.dwm_pos_set
                0x0004781c       0x2e ../../lib/libdwm.a(dwm.o)
                0x0004781c                dwm_pos_set
 .text.dwm_pos_get
                0x0004784a       0x36 ../../lib/libdwm.a(dwm.o)
                0x0004784a                dwm_pos_get
 .text.dwm_upd_rate_set
                0x00047880       0x2a ../../lib/libdwm.a(dwm.o)
                0x00047880                dwm_upd_rate_set
 .text.dwm_upd_rate_get
                0x000478aa       0x34 ../../lib/libdwm.a(dwm.o)
                0x000478aa                dwm_upd_rate_get
 *fill*         0x000478de        0x2 
 .text.dwm_evt_cb_register
                0x000478e0       0x34 ../../lib/libdwm.a(dwm.o)
                0x000478e0                dwm_evt_cb_register
 .text.dwm_ble_compile
                0x00047914        0x4 ../../lib/libdwm.a(dwm.o)
                0x00047914                dwm_ble_compile
 .text.dwm_le_compile
                0x00047918        0x4 ../../lib/libdwm.a(dwm.o)
                0x00047918                dwm_le_compile
 .text.dwm_serial_compile
                0x0004791c        0x4 ../../lib/libdwm.a(dwm.o)
                0x0004791c                dwm_serial_compile
 .text.dwm_shell_compile
                0x00047920        0x4 ../../lib/libdwm.a(dwm.o)
                0x00047920                dwm_shell_compile
 .text.env_get_end
                0x00047924       0x28 ../../lib/libdwm.a(env-tlv.o)
 .text.env_save
                0x0004794c       0x60 ../../lib/libdwm.a(env-tlv.o)
                0x0004794c                env_save
 .text.env_load
                0x000479ac       0xe4 ../../lib/libdwm.a(env-tlv.o)
                0x000479ac                env_load
 .text.env_clear
                0x00047a90       0x48 ../../lib/libdwm.a(env-tlv.o)
                0x00047a90                env_clear
 .text.env_get  0x00047ad8       0x30 ../../lib/libdwm.a(env-tlv.o)
                0x00047ad8                env_get
 .text.env_set  0x00047b08       0xa8 ../../lib/libdwm.a(env-tlv.o)
                0x00047b08                env_set
 .text.env_print
                0x00047bb0       0x74 ../../lib/libdwm.a(env-tlv.o)
                0x00047bb0                env_print
 .text.env_show
                0x00047c24       0x34 ../../lib/libdwm.a(env-tlv.o)
                0x00047c24                env_show
 .text.fwup_reset
                0x00047c58        0x8 ../../lib/libdwm.a(fwup.o)
                0x00047c58                fwup_reset
 .text.fwup_sndr_in_progress
                0x00047c60       0x1a ../../lib/libdwm.a(fwup.o)
                0x00047c60                fwup_sndr_in_progress
 .text.fwup_sndr_start
                0x00047c7a        0x6 ../../lib/libdwm.a(fwup.o)
                0x00047c7a                fwup_sndr_start
 .text.fwup_sndr_init
                0x00047c80       0x6a ../../lib/libdwm.a(fwup.o)
                0x00047c80                fwup_sndr_init
 .text.fwup_sndr_stop
                0x00047cea        0x4 ../../lib/libdwm.a(fwup.o)
                0x00047cea                fwup_sndr_stop
 .text.fwup_sndr_data_next
                0x00047cee       0x12 ../../lib/libdwm.a(fwup.o)
                0x00047cee                fwup_sndr_data_next
 .text.fwup_rcvr_in_progress
                0x00047d00       0x1a ../../lib/libdwm.a(fwup.o)
                0x00047d00                fwup_rcvr_in_progress
 .text.fwup_rcvr_start
                0x00047d1a       0x4c ../../lib/libdwm.a(fwup.o)
                0x00047d1a                fwup_rcvr_start
 .text.fwup_rcvr_stop
                0x00047d66       0x16 ../../lib/libdwm.a(fwup.o)
                0x00047d66                fwup_rcvr_stop
 .text.fwup_rcvr_data_handler
                0x00047d7c       0x56 ../../lib/libdwm.a(fwup.o)
                0x00047d7c                fwup_rcvr_data_handler
 .text.fwup_rcvr_data_write
                0x00047dd2      0x160 ../../lib/libdwm.a(fwup.o)
                0x00047dd2                fwup_rcvr_data_write
 .text.fwup_rcvr_is_finished
                0x00047f32       0x36 ../../lib/libdwm.a(fwup.o)
                0x00047f32                fwup_rcvr_is_finished
 .text.nrf_gpio_pins_toggle
                0x00047f68       0x18 ../../lib/libdwm.a(hal.o)
 .text.sd_clock_hfclk_request
                0x00047f80        0x4 ../../lib/libdwm.a(hal.o)
 .text.sd_clock_hfclk_release
                0x00047f84        0x4 ../../lib/libdwm.a(hal.o)
 .text.sd_app_evt_wait
                0x00047f88        0x4 ../../lib/libdwm.a(hal.o)
 .text.sd_temp_get
                0x00047f8c        0x4 ../../lib/libdwm.a(hal.o)
 .text._led_dummy
                0x00047f90        0x2 ../../lib/libdwm.a(hal.o)
 .text._led_orange_on
                0x00047f92        0xe ../../lib/libdwm.a(hal.o)
 .text._led_orange_off
                0x00047fa0        0xe ../../lib/libdwm.a(hal.o)
 .text._led_orange_toggle
                0x00047fae        0x8 ../../lib/libdwm.a(hal.o)
 .text._led_red_on
                0x00047fb6        0xe ../../lib/libdwm.a(hal.o)
 .text._led_red_off
                0x00047fc4        0xe ../../lib/libdwm.a(hal.o)
 .text._led_red_toggle
                0x00047fd2        0x8 ../../lib/libdwm.a(hal.o)
 .text._led_green_on
                0x00047fda        0xe ../../lib/libdwm.a(hal.o)
 .text._led_green_off
                0x00047fe8        0xe ../../lib/libdwm.a(hal.o)
 .text._led_green_toggle
                0x00047ff6        0x8 ../../lib/libdwm.a(hal.o)
 .text.wdt_handler
                0x00047ffe        0x2 ../../lib/libdwm.a(hal.o)
 .text.is_user_app_pin
                0x00048000       0x44 ../../lib/libdwm.a(hal.o)
                0x00048000                is_user_app_pin
 .text.hal_flash_erase
                0x00048044       0x14 ../../lib/libdwm.a(hal.o)
                0x00048044                hal_flash_erase
 .text.hal_flash_write_page
                0x00048058        0x6 ../../lib/libdwm.a(hal.o)
                0x00048058                hal_flash_write_page
 .text.hal_flash_write
                0x0004805e        0x4 ../../lib/libdwm.a(hal.o)
                0x0004805e                hal_flash_write
 .text.hal_fw_get_chksum
                0x00048062       0x42 ../../lib/libdwm.a(hal.o)
                0x00048062                hal_fw_get_chksum
 .text.hal_fw_is_compat
                0x000480a4       0x10 ../../lib/libdwm.a(hal.o)
                0x000480a4                hal_fw_is_compat
 .text.hal_time_hfclk_start
                0x000480b4       0x1a ../../lib/libdwm.a(hal.o)
                0x000480b4                hal_time_hfclk_start
 .text.hal_time_hfclk_stop
                0x000480ce       0x1c ../../lib/libdwm.a(hal.o)
                0x000480ce                hal_time_hfclk_stop
 *fill*         0x000480ea        0x2 
 .text.hal_wdt_app_init
                0x000480ec       0x10 ../../lib/libdwm.a(hal.o)
                0x000480ec                hal_wdt_app_init
 .text.hal_wdt_app_reset
                0x000480fc        0x4 ../../lib/libdwm.a(hal.o)
                0x000480fc                hal_wdt_app_reset
 .text.hal_temp_get
                0x00048100       0x60 ../../lib/libdwm.a(hal.o)
                0x00048100                hal_temp_get
 .text.hal_sleep
                0x00048160       0xe4 ../../lib/libdwm.a(hal.o)
                0x00048160                hal_sleep
 .text.hal_mem_free
                0x00048244       0x12 ../../lib/libdwm.a(hal.o)
                0x00048244                hal_mem_free
 .text.hal_uptime
                0x00048256       0x20 ../../lib/libdwm.a(hal.o)
                0x00048256                hal_uptime
 *fill*         0x00048276        0x2 
 .text.hal_print_ps
                0x00048278       0x80 ../../lib/libdwm.a(hal.o)
                0x00048278                hal_print_ps
 .text.hal_print_free
                0x000482f8       0x50 ../../lib/libdwm.a(hal.o)
                0x000482f8                hal_print_free
 .text.hal_print_uptime
                0x00048348       0xbc ../../lib/libdwm.a(hal.o)
                0x00048348                hal_print_uptime
 .text.hal_print_sys_info
                0x00048404       0xd0 ../../lib/libdwm.a(hal.o)
                0x00048404                hal_print_sys_info
 .text.hal_critical_region_enter
                0x000484d4       0x50 ../../lib/libdwm.a(hal.o)
                0x000484d4                hal_critical_region_enter
 .text.hal_critical_region_exit
                0x00048524       0x34 ../../lib/libdwm.a(hal.o)
                0x00048524                hal_critical_region_exit
 .text.leds_enable
                0x00048558       0xbc ../../lib/libdwm.a(hal.o)
                0x00048558                leds_enable
 .text.leds_disable
                0x00048614       0x74 ../../lib/libdwm.a(hal.o)
                0x00048614                leds_disable
 .text._read    0x00048688        0x8 ../../lib/libdwm.a(hal.o)
                0x00048688                _read
 .text._write   0x00048690       0x2a ../../lib/libdwm.a(hal.o)
                0x00048690                _write
 *fill*         0x000486ba        0x2 
 .text._sbrk    0x000486bc       0x2c ../../lib/libdwm.a(hal.o)
                0x000486bc                _sbrk
 .text.utoa_base16
                0x000486e8       0x2c ../../lib/libdwm.a(misc.o)
                0x000486e8                utoa_base16
 .text.pm_can_sleep
                0x00048714       0x44 ../../lib/libdwm.a(pm.o)
                0x00048714                pm_can_sleep
 .text.pm_task_get_next
                0x00048758       0x54 ../../lib/libdwm.a(pm.o)
                0x00048758                pm_task_get_next
 .text.pm_sched_signal
                0x000487ac        0xc ../../lib/libdwm.a(pm.o)
                0x000487ac                pm_sched_signal
 .text.pm_sched_wait
                0x000487b8        0xc ../../lib/libdwm.a(pm.o)
                0x000487b8                pm_sched_wait
 .text.pm_task_lock
                0x000487c4       0x26 ../../lib/libdwm.a(pm.o)
                0x000487c4                pm_task_lock
 .text.pm_task_unlock
                0x000487ea       0x2c ../../lib/libdwm.a(pm.o)
                0x000487ea                pm_task_unlock
 *fill*         0x00048816        0x2 
 .text.pm_task_unlock_set_alarm
                0x00048818       0x98 ../../lib/libdwm.a(pm.o)
                0x00048818                pm_task_unlock_set_alarm
 .text.pm_task_wakeup
                0x000488b0        0x4 ../../lib/libdwm.a(pm.o)
                0x000488b0                pm_task_wakeup
 .text.pm_task_alloc
                0x000488b4       0x64 ../../lib/libdwm.a(pm.o)
                0x000488b4                pm_task_alloc
 .text.pm_task_free
                0x00048918       0x58 ../../lib/libdwm.a(pm.o)
                0x00048918                pm_task_free
 .text.pm_init  0x00048970       0x54 ../../lib/libdwm.a(pm.o)
                0x00048970                pm_init
 .text.pm_dump  0x000489c4       0x84 ../../lib/libdwm.a(pm.o)
                0x000489c4                pm_dump
 .text.ble_thread_entry
                0x00048a48       0x3c ../../lib/libdwm.a(process-ble.o)
 .text.ble_server_evt_put
                0x00048a84       0x28 ../../lib/libdwm.a(process-ble.o)
                0x00048a84                ble_server_evt_put
 .text.ble_server_thread_start
                0x00048aac       0x10 ../../lib/libdwm.a(process-ble.o)
                0x00048aac                ble_server_thread_start
 .text.ble_server_thread_stop
                0x00048abc       0x38 ../../lib/libdwm.a(process-ble.o)
                0x00048abc                ble_server_thread_stop
 .text.ble_server_thread_init
                0x00048af4       0x4c ../../lib/libdwm.a(process-ble.o)
                0x00048af4                ble_server_thread_init
 .text.ble_init_ready
                0x00048b40        0xc ../../lib/libdwm.a(process-ble.o)
                0x00048b40                ble_init_ready
 .text.le_print_disable
                0x00048b4c       0x10 ../../lib/libdwm.a(process-le.o)
 .text.nole_thread_entry
                0x00048b5c      0x260 ../../lib/libdwm.a(process-le.o)
 *fill*         0x00048dbc        0x4 
 .text.le_thread_entry
                0x00048dc0      0x478 ../../lib/libdwm.a(process-le.o)
 .text.le_post_loc_data
                0x00049238       0x64 ../../lib/libdwm.a(process-le.o)
                0x00049238                le_post_loc_data
 .text.le_init  0x0004929c       0x7c ../../lib/libdwm.a(process-le.o)
                0x0004929c                le_init
 .text.le_start
                0x00049318       0x18 ../../lib/libdwm.a(process-le.o)
                0x00049318                le_start
 .text.le_post_meas
                0x00049330       0x78 ../../lib/libdwm.a(process-le.o)
                0x00049330                le_post_meas
 .text.le_loc_get
                0x000493a8      0x100 ../../lib/libdwm.a(process-le.o)
                0x000493a8                le_loc_get
 .text.le_pos_get
                0x000494a8       0x58 ../../lib/libdwm.a(process-le.o)
                0x000494a8                le_pos_get
 .text.le_loc_print_toggle
                0x00049500       0x28 ../../lib/libdwm.a(process-le.o)
                0x00049500                le_loc_print_toggle
 .text.le_loc_ts_print_toggle
                0x00049528       0x24 ../../lib/libdwm.a(process-le.o)
                0x00049528                le_loc_ts_print_toggle
 .text.le_loc_csv_print_toggle
                0x0004954c       0x28 ../../lib/libdwm.a(process-le.o)
                0x0004954c                le_loc_csv_print_toggle
 .text.le_loc_csv_ts_print_toggle
                0x00049574       0x28 ../../lib/libdwm.a(process-le.o)
                0x00049574                le_loc_csv_ts_print_toggle
 .text.le_pos_csv_print_toggle
                0x0004959c       0x24 ../../lib/libdwm.a(process-le.o)
                0x0004959c                le_pos_csv_print_toggle
 .text.le_compile
                0x000495c0       0x18 ../../lib/libdwm.a(process-le.o)
                0x000495c0                le_compile
 .text.pm_thread_entry
                0x000495d8       0x90 ../../lib/libdwm.a(process-pm.o)
 .text.hal_pm_init
                0x00049668       0x78 ../../lib/libdwm.a(process-pm.o)
                0x00049668                hal_pm_init
 .text.hal_pm_start
                0x000496e0        0xc ../../lib/libdwm.a(process-pm.o)
                0x000496e0                hal_pm_start
 .text.uwb0_recover.part.0
                0x000496ec       0x1c ../../lib/libdwm.a(process-svc.o)
 .text.svc_thread_entry
                0x00049708      0x370 ../../lib/libdwm.a(process-svc.o)
 .text.svc_init
                0x00049a78       0x3c ../../lib/libdwm.a(process-svc.o)
                0x00049a78                svc_init
 .text.svc_start
                0x00049ab4        0xc ../../lib/libdwm.a(process-svc.o)
                0x00049ab4                svc_start
 .text.svc_post_event
                0x00049ac0       0x70 ../../lib/libdwm.a(process-svc.o)
                0x00049ac0                svc_post_event
 .text.svc_suspend
                0x00049b30       0x30 ../../lib/libdwm.a(process-svc.o)
                0x00049b30                svc_suspend
 .text.svc_resume
                0x00049b60       0x28 ../../lib/libdwm.a(process-svc.o)
                0x00049b60                svc_resume
 .text.dw_intr  0x00049b88       0x68 ../../lib/libdwm.a(process-uwb.o)
                0x00049b88                dw_intr
 .text.uwb_init_uwb0
                0x00049bf0      0x270 ../../lib/libdwm.a(process-uwb.o)
                0x00049bf0                uwb_init_uwb0
 .text.uwb_thread_entry
                0x00049e60      0x144 ../../lib/libdwm.a(process-uwb.o)
 .text.uwb_init
                0x00049fa4       0x3c ../../lib/libdwm.a(process-uwb.o)
                0x00049fa4                uwb_init
 .text.uwb_start
                0x00049fe0        0xc ../../lib/libdwm.a(process-uwb.o)
                0x00049fe0                uwb_start
 .text.uwb_init_ready_await
                0x00049fec       0x18 ../../lib/libdwm.a(process-uwb.o)
                0x00049fec                uwb_init_ready_await
 .text.cmd_pos_get
                0x0004a004       0x34 ../../lib/libdwm.a(shell-api.o)
 .text.cmd_ur_get
                0x0004a038       0x28 ../../lib/libdwm.a(shell-api.o)
 .text.cmd_tlv  0x0004a060       0xe0 ../../lib/libdwm.a(shell-api.o)
 .text.cmd_cfg_tn_set
                0x0004a140       0xf0 ../../lib/libdwm.a(shell-api.o)
 .text.cmd_cfg_an_set
                0x0004a230       0xc4 ../../lib/libdwm.a(shell-api.o)
 .text.cmd_pos_set
                0x0004a2f4       0x68 ../../lib/libdwm.a(shell-api.o)
 .text.cmd_ur_set
                0x0004a35c       0x58 ../../lib/libdwm.a(shell-api.o)
 .text.cmd_ble_disable
                0x0004a3b4        0x4 ../../lib/libdwm.a(shell-ble.o)
 .text.cmd_ble_enable
                0x0004a3b8       0x10 ../../lib/libdwm.a(shell-ble.o)
 .text.cmd_ble_addr_get
                0x0004a3c8        0x4 ../../lib/libdwm.a(shell-ble.o)
 .text.cmd_ble_addr_set
                0x0004a3cc       0x50 ../../lib/libdwm.a(shell-ble.o)
 .text.cmd_le_show_loc
                0x0004a41c       0x2c ../../lib/libdwm.a(shell-le.o)
                0x0004a41c                cmd_le_show_loc
 .text.cmd_le_show_loc_csv
                0x0004a448       0x2c ../../lib/libdwm.a(shell-le.o)
                0x0004a448                cmd_le_show_loc_csv
 .text.cmd_le_show_pos_csv
                0x0004a474        0x4 ../../lib/libdwm.a(shell-le.o)
                0x0004a474                cmd_le_show_pos_csv
 .text._shell_stop
                0x0004a478        0xc ../../lib/libdwm.a(shell.o)
 .text._shell_add_cmds
                0x0004a484       0x28 ../../lib/libdwm.a(shell.o)
 .text._get_argc
                0x0004a4ac       0x1c ../../lib/libdwm.a(shell.o)
 .text._shell_get_arg
                0x0004a4c8       0x14 ../../lib/libdwm.a(shell.o)
 .text._shell_set_init_print
                0x0004a4dc        0xc ../../lib/libdwm.a(shell.o)
 .text._shell_show_hidden
                0x0004a4e8        0xc ../../lib/libdwm.a(shell.o)
 .text._shell_init_ready_await
                0x0004a4f4       0x18 ../../lib/libdwm.a(shell.o)
 .text.shell_init_print_fnc
                0x0004a50c        0xc ../../lib/libdwm.a(shell.o)
 .text._shell_print_hex
                0x0004a518       0x48 ../../lib/libdwm.a(shell.o)
 .text._shell_get_arg_int
                0x0004a560       0x4c ../../lib/libdwm.a(shell.o)
 .text._shell_start
                0x0004a5ac        0x4 ../../lib/libdwm.a(shell.o)
 .text._shell_uninit
                0x0004a5b0       0x3c ../../lib/libdwm.a(shell.o)
 .text.shell_fsm_entry
                0x0004a5ec      0x29c ../../lib/libdwm.a(shell.o)
 .text._shell_init
                0x0004a888       0x58 ../../lib/libdwm.a(shell.o)
 .text.shell_thread_entry
                0x0004a8e0       0x88 ../../lib/libdwm.a(shell.o)
                0x0004a8e0                shell_thread_entry
 .text.dwm_shell_init
                0x0004a968       0x10 ../../lib/libdwm.a(shell.o)
                0x0004a968                dwm_shell_init
 .text.shell_init
                0x0004a978       0x10 ../../lib/libdwm.a(shell.o)
                0x0004a978                shell_init
 .text.shell_uninit
                0x0004a988       0x10 ../../lib/libdwm.a(shell.o)
                0x0004a988                shell_uninit
 .text._shell_delete_if_unused
                0x0004a998       0x10 ../../lib/libdwm.a(shell.o)
 .text.shell_start
                0x0004a9a8       0x10 ../../lib/libdwm.a(shell.o)
                0x0004a9a8                shell_start
 .text.shell_stop
                0x0004a9b8       0x10 ../../lib/libdwm.a(shell.o)
                0x0004a9b8                shell_stop
 .text.shell_quit
                0x0004a9c8       0x14 ../../lib/libdwm.a(shell.o)
 .text.shell_delete_if_unused
                0x0004a9dc       0x10 ../../lib/libdwm.a(shell.o)
                0x0004a9dc                shell_delete_if_unused
 .text.shell_add_cmds
                0x0004a9ec       0x10 ../../lib/libdwm.a(shell.o)
                0x0004a9ec                shell_add_cmds
 .text.get_argc
                0x0004a9fc       0x10 ../../lib/libdwm.a(shell.o)
                0x0004a9fc                get_argc
 .text.shell_get_arg
                0x0004aa0c       0x10 ../../lib/libdwm.a(shell.o)
                0x0004aa0c                shell_get_arg
 .text._get_argv
                0x0004aa1c        0x4 ../../lib/libdwm.a(shell.o)
 .text.shell_get_arg_int
                0x0004aa20       0x10 ../../lib/libdwm.a(shell.o)
                0x0004aa20                shell_get_arg_int
 .text.shell_set_init_print
                0x0004aa30       0x10 ../../lib/libdwm.a(shell.o)
                0x0004aa30                shell_set_init_print
 .text._dwm_shell_init
                0x0004aa40       0x70 ../../lib/libdwm.a(shell.o)
                0x0004aa40                _dwm_shell_init
 .text.shell_show_hidden
                0x0004aab0       0x10 ../../lib/libdwm.a(shell.o)
                0x0004aab0                shell_show_hidden
 .text.shell_help
                0x0004aac0       0xa8 ../../lib/libdwm.a(shell.o)
 .text.shell_is_compiled
                0x0004ab68        0xc ../../lib/libdwm.a(shell.o)
                0x0004ab68                shell_is_compiled
 .text.shell_compile
                0x0004ab74       0xe0 ../../lib/libdwm.a(shell.o)
                0x0004ab74                shell_compile
 .text.NVIC_SystemReset
                0x0004ac54       0x24 ../../lib/libdwm.a(shell-sys.o)
 .text.cmd_reset
                0x0004ac78        0x6 ../../lib/libdwm.a(shell-sys.o)
                0x0004ac78                cmd_reset
 .text.cmd_free
                0x0004ac7e        0x4 ../../lib/libdwm.a(shell-sys.o)
                0x0004ac7e                cmd_free
 .text.cmd_ps   0x0004ac82        0x4 ../../lib/libdwm.a(shell-sys.o)
                0x0004ac82                cmd_ps
 .text.cmd_pm_show
                0x0004ac86        0x4 ../../lib/libdwm.a(shell-sys.o)
                0x0004ac86                cmd_pm_show
 .text.cmd_uptime
                0x0004ac8a        0x4 ../../lib/libdwm.a(shell-sys.o)
                0x0004ac8a                cmd_uptime
 *fill*         0x0004ac8e        0x2 
 .text.cmd_boot_addr_toggle
                0x0004ac90       0x38 ../../lib/libdwm.a(shell-sys.o)
                0x0004ac90                cmd_boot_addr_toggle
 .text.cmd_shutdown_uwb
                0x0004acc8       0x54 ../../lib/libdwm.a(shell-sys.o)
                0x0004acc8                cmd_shutdown_uwb
 .text.cmd_shutdown_ble
                0x0004ad1c        0xe ../../lib/libdwm.a(shell-sys.o)
                0x0004ad1c                cmd_shutdown_ble
 *fill*         0x0004ad2a        0x2 
 .text.cmd_shutdown_misc
                0x0004ad2c       0x50 ../../lib/libdwm.a(shell-sys.o)
                0x0004ad2c                cmd_shutdown_misc
 .text.cmd_shutdown_all
                0x0004ad7c        0xe ../../lib/libdwm.a(shell-sys.o)
                0x0004ad7c                cmd_shutdown_all
 .text.cmd_factory_reset
                0x0004ad8a       0x12 ../../lib/libdwm.a(shell-sys.o)
                0x0004ad8a                cmd_factory_reset
 .text.cmd_sys_info
                0x0004ad9c       0x2e ../../lib/libdwm.a(shell-sys.o)
 *fill*         0x0004adca        0x2 
 .text.NVIC_SystemReset
                0x0004adcc       0x24 ../../lib/libdwm.a(shell-uwbmac.o)
 .text.cmd_test_fsl
                0x0004adf0       0x64 ../../lib/libdwm.a(shell-uwbmac.o)
 .text.cmd_uwbmac_tdoa_send_blink
                0x0004ae54       0xb4 ../../lib/libdwm.a(shell-uwbmac.o)
 .text.cmd_test_coll_rep
                0x0004af08       0x90 ../../lib/libdwm.a(shell-uwbmac.o)
 .text.cmd_test_tdma_map_dump
                0x0004af98        0xc ../../lib/libdwm.a(shell-uwbmac.o)
 .text.cmd_test_tdma_sl_map_dump
                0x0004afa4        0xc ../../lib/libdwm.a(shell-uwbmac.o)
 .text.cmd_uwbmac_stats_clear
                0x0004afb0        0xe ../../lib/libdwm.a(shell-uwbmac.o)
 .text.cmd_uwbmac_stats_get
                0x0004afbe        0xe ../../lib/libdwm.a(shell-uwbmac.o)
 .text.cmd_uwbmac_la
                0x0004afcc       0x50 ../../lib/libdwm.a(shell-uwbmac.o)
 .text.cmd_uwbmac_reinit
                0x0004b01c       0x74 ../../lib/libdwm.a(shell-uwbmac.o)
 .text.cmd_bpc_toggle
                0x0004b090       0x58 ../../lib/libdwm.a(shell-uwbmac.o)
 .text.cmd_node_mode_set_tn_lp
                0x0004b0e8        0xe ../../lib/libdwm.a(shell-uwbmac.o)
 .text.cmd_node_mode_set_tn
                0x0004b0f6        0xe ../../lib/libdwm.a(shell-uwbmac.o)
 .text.cmd_node_mode_set_ani
                0x0004b104        0xe ../../lib/libdwm.a(shell-uwbmac.o)
 .text.cmd_node_mode_set_an
                0x0004b112        0xe ../../lib/libdwm.a(shell-uwbmac.o)
 .text.cmd_node_mode_set_pn_off
                0x0004b120       0x10 ../../lib/libdwm.a(shell-uwbmac.o)
 .text.cmd_node_mode_set_pn_pasv
                0x0004b130       0x10 ../../lib/libdwm.a(shell-uwbmac.o)
 .text.cmd_node_mode_get
                0x0004b140       0x24 ../../lib/libdwm.a(shell-uwbmac.o)
 .text.cmd_autopos_start
                0x0004b164       0x44 ../../lib/libdwm.a(shell-uwbmac.o)
 .text.cmd_uwb_wakeup
                0x0004b1a8       0x12 ../../lib/libdwm.a(shell-uwb.o)
 *fill*         0x0004b1ba        0x6 
 .text.cmd_uwb_hw_test
                0x0004b1c0       0xe4 ../../lib/libdwm.a(shell-uwb.o)
                0x0004b1c0                cmd_uwb_hw_test
 .text.cmd_uwb_param_get
                0x0004b2a4       0x10 ../../lib/libdwm.a(shell-uwb.o)
 .text.uwb_off  0x0004b2b4       0x10 ../../lib/libdwm.a(shell-uwb.o)
 .text.cmd_uwb_sleep
                0x0004b2c4       0x20 ../../lib/libdwm.a(shell-uwb.o)
 .text.cmd_uwb_off
                0x0004b2e4        0x4 ../../lib/libdwm.a(shell-uwb.o)
 .text.cmd_uwb_id
                0x0004b2e8       0x54 ../../lib/libdwm.a(shell-uwb.o)
 .text.cmd_uwb_pgcnt
                0x0004b33c       0x3c ../../lib/libdwm.a(shell-uwb.o)
 .text.cmd_uwb_utc
                0x0004b378       0x5c ../../lib/libdwm.a(shell-uwb.o)
 .text.cmd_uwb_utcp
                0x0004b3d4       0x10 ../../lib/libdwm.a(shell-uwb.o)
 .text.cmd_uwb_uts
                0x0004b3e4       0x9c ../../lib/libdwm.a(shell-uwb.o)
 .text.cmd_uwb_utg
                0x0004b480       0x40 ../../lib/libdwm.a(shell-uwb.o)
 .text.cmd_uwb_rx_pto
                0x0004b4c0      0x118 ../../lib/libdwm.a(shell-uwb.o)
 .text.cmd_uwb_rx
                0x0004b5d8       0x2a ../../lib/libdwm.a(shell-uwb.o)
 *fill*         0x0004b602        0x2 
 .text.uwb_test_fsm_rxpto_entry
                0x0004b604       0xd0 ../../lib/libdwm.a(shell-uwb.o)
 .text.cmd_uwb_uod
                0x0004b6d4       0x10 ../../lib/libdwm.a(shell-uwb.o)
 .text.cmd_uwb_uotp
                0x0004b6e4       0xd8 ../../lib/libdwm.a(shell-uwb.o)
 .text.cmd_uwb_uoa
                0x0004b7bc       0x88 ../../lib/libdwm.a(shell-uwb.o)
 .text.cmd_uwb_clock_print
                0x0004b844       0x24 ../../lib/libdwm.a(shell-uwb.o)
 .text.cmd_uwb_tx
                0x0004b868      0x190 ../../lib/libdwm.a(shell-uwb.o)
 .text.cmd_uwb_eventcounter_print
                0x0004b9f8       0xbc ../../lib/libdwm.a(shell-uwb.o)
 .text.cmd_uwb_eventcounter_disable
                0x0004bab4       0x12 ../../lib/libdwm.a(shell-uwb.o)
 .text.cmd_uwb_eventcounter_enable
                0x0004bac6       0x12 ../../lib/libdwm.a(shell-uwb.o)
 .text.cmd_uwb_cf_mode
                0x0004bad8       0xf0 ../../lib/libdwm.a(shell-uwb.o)
 .text.cmd_uwb_get_ant_cfg
                0x0004bbc8       0x2c ../../lib/libdwm.a(shell-uwb.o)
 .text.cmd_uwb_set_tx_power
                0x0004bbf4       0x80 ../../lib/libdwm.a(shell-uwb.o)
 .text.cmd_uwb_param_set
                0x0004bc74      0x2a4 ../../lib/libdwm.a(shell-uwb.o)
 .text.cmd_uwb_reg_set
                0x0004bf18       0x84 ../../lib/libdwm.a(shell-uwb.o)
 .text.cmd_uwb_regs_dump
                0x0004bf9c       0x34 ../../lib/libdwm.a(shell-uwb.o)
 .text.cmd_uwb_init
                0x0004bfd0       0x74 ../../lib/libdwm.a(shell-uwb.o)
 .text.cmd_uwb_set_xtaltrim
                0x0004c044       0x54 ../../lib/libdwm.a(shell-uwb.o)
 .text.cmd_uwb_cw_mode
                0x0004c098       0x70 ../../lib/libdwm.a(shell-uwb.o)
 .text.cmd_uwb_set_ant_cfg
                0x0004c108       0x60 ../../lib/libdwm.a(shell-uwb.o)
 .text.cmd_uwb_reg_get
                0x0004c168       0x70 ../../lib/libdwm.a(shell-uwb.o)
 .text.sd_evt_get
                0x0004c1d8        0x4 ../../lib/libdwm.a(softdevice_handler.o)
 .text.sd_softdevice_enable
                0x0004c1dc        0x4 ../../lib/libdwm.a(softdevice_handler.o)
 .text.sd_softdevice_disable
                0x0004c1e0        0x4 ../../lib/libdwm.a(softdevice_handler.o)
 .text.sd_ble_enable
                0x0004c1e4        0x4 ../../lib/libdwm.a(softdevice_handler.o)
 .text.sd_ble_evt_get
                0x0004c1e8        0x4 ../../lib/libdwm.a(softdevice_handler.o)
 .text.softdevice_fault_handler
                0x0004c1ec        0x4 ../../lib/libdwm.a(softdevice_handler.o)
                0x0004c1ec                softdevice_fault_handler
 .text.sd_nvic_EnableIRQ.constprop.6
                0x0004c1f0       0x38 ../../lib/libdwm.a(softdevice_handler.o)
 .text.intern_softdevice_events_execute
                0x0004c228       0xc8 ../../lib/libdwm.a(softdevice_handler.o)
                0x0004c228                intern_softdevice_events_execute
 .text.softdevice_handler_is_enabled
                0x0004c2f0        0xc ../../lib/libdwm.a(softdevice_handler.o)
                0x0004c2f0                softdevice_handler_is_enabled
 .text.softdevice_handler_init
                0x0004c2fc       0x64 ../../lib/libdwm.a(softdevice_handler.o)
                0x0004c2fc                softdevice_handler_init
 .text.softdevice_handler_sd_disable
                0x0004c360       0x1c ../../lib/libdwm.a(softdevice_handler.o)
                0x0004c360                softdevice_handler_sd_disable
 .text.softdevice_ble_evt_handler_set
                0x0004c37c       0x14 ../../lib/libdwm.a(softdevice_handler.o)
                0x0004c37c                softdevice_ble_evt_handler_set
 .text.softdevice_sys_evt_handler_set
                0x0004c390       0x14 ../../lib/libdwm.a(softdevice_handler.o)
                0x0004c390                softdevice_sys_evt_handler_set
 .text.softdevice_enable_get_default_config
                0x0004c3a4       0x2e ../../lib/libdwm.a(softdevice_handler.o)
                0x0004c3a4                softdevice_enable_get_default_config
 *fill*         0x0004c3d2        0x2 
 .text.softdevice_enable
                0x0004c3d4       0x48 ../../lib/libdwm.a(softdevice_handler.o)
                0x0004c3d4                softdevice_enable
 .text.stats_get_data
                0x0004c41c        0x8 ../../lib/libdwm.a(stats.o)
                0x0004c41c                stats_get_data
 .text.stats_reset
                0x0004c424        0x8 ../../lib/libdwm.a(stats.o)
                0x0004c424                stats_reset
 .text.stats_get_tot_err
                0x0004c42c       0x2e ../../lib/libdwm.a(stats.o)
                0x0004c42c                stats_get_tot_err
 *fill*         0x0004c45a        0x2 
 .text.stats_dump
                0x0004c45c      0x1d0 ../../lib/libdwm.a(stats.o)
                0x0004c45c                stats_dump
 .text.env_bytes_get
                0x0004c62c       0x28 ../../lib/libdwm.a(sys-cfg.o)
 .text.sys_cfg_type_is_valid
                0x0004c654       0x14 ../../lib/libdwm.a(sys-cfg.o)
 .text.sys_cfg_type_load
                0x0004c668       0x24 ../../lib/libdwm.a(sys-cfg.o)
 .text.sys_cfg_node_save.constprop.8
                0x0004c68c       0x1c ../../lib/libdwm.a(sys-cfg.o)
 .text.sys_cfg_uwbmac_save.constprop.2
                0x0004c6a8       0x1c ../../lib/libdwm.a(sys-cfg.o)
 .text.sys_cfg_uwb0_save.constprop.5
                0x0004c6c4       0x1c ../../lib/libdwm.a(sys-cfg.o)
 .text.sys_cfg_node_get
                0x0004c6e0       0x14 ../../lib/libdwm.a(sys-cfg.o)
                0x0004c6e0                sys_cfg_node_get
 .text.sys_cfg_name_get
                0x0004c6f4        0x8 ../../lib/libdwm.a(sys-cfg.o)
                0x0004c6f4                sys_cfg_name_get
 .text.sys_cfg_name_set
                0x0004c6fc       0x28 ../../lib/libdwm.a(sys-cfg.o)
                0x0004c6fc                sys_cfg_name_set
 .text.sys_cfg_ble_addr_get
                0x0004c724        0x8 ../../lib/libdwm.a(sys-cfg.o)
                0x0004c724                sys_cfg_ble_addr_get
 .text.sys_cfg_ble_addr_set
                0x0004c72c       0x28 ../../lib/libdwm.a(sys-cfg.o)
                0x0004c72c                sys_cfg_ble_addr_set
 .text.sys_cfg_uwb0_get
                0x0004c754       0x18 ../../lib/libdwm.a(sys-cfg.o)
                0x0004c754                sys_cfg_uwb0_get
 .text.sys_cfg_uwb0_set
                0x0004c76c       0x34 ../../lib/libdwm.a(sys-cfg.o)
                0x0004c76c                sys_cfg_uwb0_set
 .text.sys_cfg_uwb0_tx_get
                0x0004c7a0       0x38 ../../lib/libdwm.a(sys-cfg.o)
                0x0004c7a0                sys_cfg_uwb0_tx_get
 .text.sys_cfg_uwb0_tx_set
                0x0004c7d8       0x2c ../../lib/libdwm.a(sys-cfg.o)
                0x0004c7d8                sys_cfg_uwb0_tx_set
 .text.sys_cfg_uwb0_ant_get
                0x0004c804       0x2c ../../lib/libdwm.a(sys-cfg.o)
                0x0004c804                sys_cfg_uwb0_ant_get
 .text.sys_cfg_uwb0_ant_set
                0x0004c830       0x24 ../../lib/libdwm.a(sys-cfg.o)
                0x0004c830                sys_cfg_uwb0_ant_set
 .text.sys_cfg_uwb0_xtaltrim_get
                0x0004c854       0x20 ../../lib/libdwm.a(sys-cfg.o)
                0x0004c854                sys_cfg_uwb0_xtaltrim_get
 .text.sys_cfg_uwb0_xtaltrim_set
                0x0004c874       0x20 ../../lib/libdwm.a(sys-cfg.o)
                0x0004c874                sys_cfg_uwb0_xtaltrim_set
 .text.sys_cfg_panid_get
                0x0004c894       0x1c ../../lib/libdwm.a(sys-cfg.o)
                0x0004c894                sys_cfg_panid_get
 .text.sys_cfg_panid_set
                0x0004c8b0       0x20 ../../lib/libdwm.a(sys-cfg.o)
                0x0004c8b0                sys_cfg_panid_set
 .text.sys_cfg_uwbmac_get
                0x0004c8d0       0x18 ../../lib/libdwm.a(sys-cfg.o)
                0x0004c8d0                sys_cfg_uwbmac_get
 .text.sys_cfg_opt_get
                0x0004c8e8       0x1c ../../lib/libdwm.a(sys-cfg.o)
                0x0004c8e8                sys_cfg_opt_get
 .text.sys_cfg_opt_set
                0x0004c904       0x20 ../../lib/libdwm.a(sys-cfg.o)
                0x0004c904                sys_cfg_opt_set
 .text.sys_cfg_opt_enable
                0x0004c924       0x20 ../../lib/libdwm.a(sys-cfg.o)
                0x0004c924                sys_cfg_opt_enable
 .text.sys_cfg_intr_get
                0x0004c944       0x1c ../../lib/libdwm.a(sys-cfg.o)
                0x0004c944                sys_cfg_intr_get
 .text.sys_cfg_intr_set
                0x0004c960       0x20 ../../lib/libdwm.a(sys-cfg.o)
                0x0004c960                sys_cfg_intr_set
 .text.sys_cfg_pos_set
                0x0004c980       0x3c ../../lib/libdwm.a(sys-cfg.o)
                0x0004c980                sys_cfg_pos_set
 .text.sys_cfg_upd_per_get
                0x0004c9bc       0x20 ../../lib/libdwm.a(sys-cfg.o)
                0x0004c9bc                sys_cfg_upd_per_get
 .text.sys_cfg_upd_per_set
                0x0004c9dc       0x20 ../../lib/libdwm.a(sys-cfg.o)
                0x0004c9dc                sys_cfg_upd_per_set
 .text.sys_cfg_sync
                0x0004c9fc       0x18 ../../lib/libdwm.a(sys-cfg.o)
                0x0004c9fc                sys_cfg_sync
 .text.sys_cfg_load
                0x0004ca14      0x178 ../../lib/libdwm.a(sys-cfg.o)
                0x0004ca14                sys_cfg_load
 .text.sys_cfg_dump
                0x0004cb8c      0x1f4 ../../lib/libdwm.a(sys-cfg.o)
                0x0004cb8c                sys_cfg_dump
 .text.sys_cfg_opt_dump
                0x0004cd80      0x1bc ../../lib/libdwm.a(sys-cfg.o)
                0x0004cd80                sys_cfg_opt_dump
 .text.sys_cfg_is_an
                0x0004cf3c       0x1c ../../lib/libdwm.a(sys-cfg.o)
                0x0004cf3c                sys_cfg_is_an
 .text.sys_cfg_is_tn
                0x0004cf58       0x20 ../../lib/libdwm.a(sys-cfg.o)
                0x0004cf58                sys_cfg_is_tn
 .text.sys_cfg_is_tn_lp
                0x0004cf78       0x24 ../../lib/libdwm.a(sys-cfg.o)
                0x0004cf78                sys_cfg_is_tn_lp
 .text.sys_cfg_is_pn
                0x0004cf9c       0x20 ../../lib/libdwm.a(sys-cfg.o)
                0x0004cf9c                sys_cfg_is_pn
 .text.sys_cfg_is_bridge
                0x0004cfbc       0x1c ../../lib/libdwm.a(sys-cfg.o)
                0x0004cfbc                sys_cfg_is_bridge
 .text.sys_cfg_is_initiator
                0x0004cfd8       0x1c ../../lib/libdwm.a(sys-cfg.o)
                0x0004cfd8                sys_cfg_is_initiator
 .text.sys_cfg_has_pasv
                0x0004cff4       0x1c ../../lib/libdwm.a(sys-cfg.o)
                0x0004cff4                sys_cfg_has_pasv
 .text.sys_cfg_has_off
                0x0004d010       0x1c ../../lib/libdwm.a(sys-cfg.o)
                0x0004d010                sys_cfg_has_off
 .text.sys_cfg_has_lp
                0x0004d02c       0x1c ../../lib/libdwm.a(sys-cfg.o)
                0x0004d02c                sys_cfg_has_lp
 .text.sys_cfg_has_twr
                0x0004d048       0x1c ../../lib/libdwm.a(sys-cfg.o)
                0x0004d048                sys_cfg_has_twr
 .text.sys_cfg_has_tdoa
                0x0004d064       0x1c ../../lib/libdwm.a(sys-cfg.o)
                0x0004d064                sys_cfg_has_tdoa
 .text.sys_cfg_has_le
                0x0004d080       0x1c ../../lib/libdwm.a(sys-cfg.o)
                0x0004d080                sys_cfg_has_le
 .text.sys_cfg_has_fwup
                0x0004d09c       0x1c ../../lib/libdwm.a(sys-cfg.o)
                0x0004d09c                sys_cfg_has_fwup
 .text.sys_cfg_has_ble
                0x0004d0b8       0x1c ../../lib/libdwm.a(sys-cfg.o)
                0x0004d0b8                sys_cfg_has_ble
 .text.sys_cfg_has_bpc
                0x0004d0d4       0x1c ../../lib/libdwm.a(sys-cfg.o)
                0x0004d0d4                sys_cfg_has_bpc
 .text.sys_cfg_has_dut
                0x0004d0f0       0x1c ../../lib/libdwm.a(sys-cfg.o)
                0x0004d0f0                sys_cfg_has_dut
 .text.sys_cfg_has_lna
                0x0004d10c       0x1c ../../lib/libdwm.a(sys-cfg.o)
                0x0004d10c                sys_cfg_has_lna
 .text.sys_cfg_has_acc
                0x0004d128       0x1c ../../lib/libdwm.a(sys-cfg.o)
                0x0004d128                sys_cfg_has_acc
 .text.sys_cfg_has_leds
                0x0004d144       0x1c ../../lib/libdwm.a(sys-cfg.o)
                0x0004d144                sys_cfg_has_leds
 .text.sys_cfg_mode_set_ani
                0x0004d160       0x22 ../../lib/libdwm.a(sys-cfg.o)
                0x0004d160                sys_cfg_mode_set_ani
 .text.sys_cfg_mode_set_an
                0x0004d182       0x26 ../../lib/libdwm.a(sys-cfg.o)
                0x0004d182                sys_cfg_mode_set_an
 .text.sys_cfg_mode_set_tn
                0x0004d1a8       0x26 ../../lib/libdwm.a(sys-cfg.o)
                0x0004d1a8                sys_cfg_mode_set_tn
 .text.sys_cfg_mode_set_tn_lp
                0x0004d1ce       0x26 ../../lib/libdwm.a(sys-cfg.o)
                0x0004d1ce                sys_cfg_mode_set_tn_lp
 .text.sys_cfg_mode_set_pn
                0x0004d1f4       0x2e ../../lib/libdwm.a(sys-cfg.o)
                0x0004d1f4                sys_cfg_mode_set_pn
 .text.uwb_fsm_run
                0x0004d222       0x22 ../../lib/libdwm.a(uwb-fsm-utils.o)
                0x0004d222                uwb_fsm_run
 .text.uwbmac_an_fsm_entry
                0x0004d244       0x34 ../../lib/libdwm.a(uwbmac-an.o)
 .text.uwbmac_an_signup_all_seen
                0x0004d278       0x56 ../../lib/libdwm.a(uwbmac-an.o)
 .text.uwbmac_an_signup_join_wait
                0x0004d2ce       0x4c ../../lib/libdwm.a(uwbmac-an.o)
 .text.uwbmac_an_signup_nocoll_set_seat
                0x0004d31a       0x60 ../../lib/libdwm.a(uwbmac-an.o)
 .text.uwbmac_an_add_update_an
                0x0004d37a       0x76 ../../lib/libdwm.a(uwbmac-an.o)
 .text.uwbmac_an_signup_sched_sf
                0x0004d3f0       0x54 ../../lib/libdwm.a(uwbmac-an.o)
 .text.uwbmac_an_signup_sched
                0x0004d444       0x68 ../../lib/libdwm.a(uwbmac-an.o)
 .text.uwbmac_an_tdma_enable
                0x0004d4ac       0x80 ../../lib/libdwm.a(uwbmac-an.o)
 .text.uwbmac_an_signup_fsm_cl_join
                0x0004d52c       0x52 ../../lib/libdwm.a(uwbmac-an.o)
 .text.uwbmac_an_sched_sf
                0x0004d57e      0x2a4 ../../lib/libdwm.a(uwbmac-an.o)
 *fill*         0x0004d822        0x6 
 .text.uwbmac_an_sched
                0x0004d828      0x100 ../../lib/libdwm.a(uwbmac-an.o)
 .text.uwbmac_an_tdma_disable
                0x0004d928       0x7c ../../lib/libdwm.a(uwbmac-an.o)
 .text.uwbmac_an_fsm_autopos
                0x0004d9a4      0x138 ../../lib/libdwm.a(uwbmac-an.o)
 .text.uwbmac_an_fsm_twr_inr_result_handler
                0x0004dadc       0xa0 ../../lib/libdwm.a(uwbmac-an.o)
 .text.uwbmac_an_fsm_svc
                0x0004db7c       0xc2 ../../lib/libdwm.a(uwbmac-an.o)
 .text.uwbmac_an_fsm_data_dl
                0x0004dc3e       0xae ../../lib/libdwm.a(uwbmac-an.o)
 .text.uwbmac_an_fsm_alma
                0x0004dcec       0x3e ../../lib/libdwm.a(uwbmac-an.o)
 *fill*         0x0004dd2a        0x2 
 .text.uwbmac_an_fsm_twr_rsp_result_handler
                0x0004dd2c       0x68 ../../lib/libdwm.a(uwbmac-an.o)
 .text.uwbmac_an_signup_list_maintain
                0x0004dd94       0x82 ../../lib/libdwm.a(uwbmac-an.o)
 *fill*         0x0004de16        0x2 
 .text.uwbmac_an_tdma_init
                0x0004de18       0x70 ../../lib/libdwm.a(uwbmac-an.o)
 .text.uwbmac_an_signup_fsm_passive_idle
                0x0004de88      0x2fc ../../lib/libdwm.a(uwbmac-an.o)
 *fill*         0x0004e184        0x4 
 .text.uwbmac_an_reinit
                0x0004e188      0x178 ../../lib/libdwm.a(uwbmac-an.o)
 .text.uwbmac_an_signup_fsm_tdma_run
                0x0004e300      0x61c ../../lib/libdwm.a(uwbmac-an.o)
 .text.uwbmac_an_fsm_bcn_rx_handler
                0x0004e91c      0x160 ../../lib/libdwm.a(uwbmac-an.o)
 .text.uwbmac_an_fsm_rx_handler
                0x0004ea7c      0x4f0 ../../lib/libdwm.a(uwbmac-an.o)
 .text.uwbmac_an_fsm_tdma_run
                0x0004ef6c      0x43c ../../lib/libdwm.a(uwbmac-an.o)
 .text.uwbmac_an_fsm_bcn
                0x0004f3a8      0x156 ../../lib/libdwm.a(uwbmac-an.o)
 *fill*         0x0004f4fe        0x2 
 .text.uwbmac_an_signup_fsm_rx_handler
                0x0004f500      0x5a4 ../../lib/libdwm.a(uwbmac-an.o)
 .text.uwbmac_an_init
                0x0004faa4       0x94 ../../lib/libdwm.a(uwbmac-an.o)
                0x0004faa4                uwbmac_an_init
 .text.uwbmac_frm_init
                0x0004fb38       0x5c ../../lib/libdwm.a(uwbmac-frm.o)
                0x0004fb38                uwbmac_frm_init
 .text.unlikely.NVIC_SystemReset
                0x0004fb94       0x24 ../../lib/libdwm.a(uwbmac-fwup.o)
 .text.fwup_fsm_rcvr_done
                0x0004fbb8       0x46 ../../lib/libdwm.a(uwbmac-fwup.o)
 *fill*         0x0004fbfe        0x2 
 .text.fwup_fsm_rcvr
                0x0004fc00      0x2cc ../../lib/libdwm.a(uwbmac-fwup.o)
 .text.uwbmac_fwup_get_peer
                0x0004fecc       0x4e ../../lib/libdwm.a(uwbmac-fwup.o)
                0x0004fecc                uwbmac_fwup_get_peer
 .text.uwbmac_fwup_reset_rx_att
                0x0004ff1a       0x1c ../../lib/libdwm.a(uwbmac-fwup.o)
                0x0004ff1a                uwbmac_fwup_reset_rx_att
 .text.uwbmac_frm_fwup_data_req
                0x0004ff36       0xa4 ../../lib/libdwm.a(uwbmac-fwup.o)
                0x0004ff36                uwbmac_frm_fwup_data_req
 .text.uwbmac_frm_fwup_data
                0x0004ffda       0xba ../../lib/libdwm.a(uwbmac-fwup.o)
                0x0004ffda                uwbmac_frm_fwup_data
 .text.uwbmac_frm_handle_fwup_data_req
                0x00050094      0x170 ../../lib/libdwm.a(uwbmac-fwup.o)
                0x00050094                uwbmac_frm_handle_fwup_data_req
 .text.uwbmac_frm_handle_alma_fw
                0x00050204      0x454 ../../lib/libdwm.a(uwbmac-fwup.o)
                0x00050204                uwbmac_frm_handle_alma_fw
 .text.fwup_fsm_rcvr_entry
                0x00050658       0x70 ../../lib/libdwm.a(uwbmac-fwup.o)
                0x00050658                fwup_fsm_rcvr_entry
 .text.uwbmac_node_list_init
                0x000506c8        0xe ../../lib/libdwm.a(uwbmac-nodes.o)
                0x000506c8                uwbmac_node_list_init
 .text.uwbmac_node_list_free
                0x000506d6       0x38 ../../lib/libdwm.a(uwbmac-nodes.o)
                0x000506d6                uwbmac_node_list_free
 *fill*         0x0005070e        0x2 
 .text.uwbmac_node_list_add
                0x00050710      0x10c ../../lib/libdwm.a(uwbmac-nodes.o)
                0x00050710                uwbmac_node_list_add
 .text.uwbmac_node_list_update_node
                0x0005081c        0xc ../../lib/libdwm.a(uwbmac-nodes.o)
                0x0005081c                uwbmac_node_list_update_node
 .text.uwbmac_node_list_get_node
                0x00050828       0x68 ../../lib/libdwm.a(uwbmac-nodes.o)
                0x00050828                uwbmac_node_list_get_node
 .text.uwbmac_node_list_set_flags
                0x00050890        0xc ../../lib/libdwm.a(uwbmac-nodes.o)
                0x00050890                uwbmac_node_list_set_flags
 .text.uwbmac_node_list_clear_flags_all
                0x0005089c       0x1e ../../lib/libdwm.a(uwbmac-nodes.o)
                0x0005089c                uwbmac_node_list_clear_flags_all
 .text.uwbmac_node_list_remove
                0x000508ba       0x70 ../../lib/libdwm.a(uwbmac-nodes.o)
                0x000508ba                uwbmac_node_list_remove
 *fill*         0x0005092a        0x2 
 .text.uwbmac_node_list_dump
                0x0005092c      0x1c4 ../../lib/libdwm.a(uwbmac-nodes.o)
                0x0005092c                uwbmac_node_list_dump
 .text.uwbmac_get_autopos
                0x00050af0       0x30 ../../lib/libdwm.a(uwbmac.o)
 .text.uwbmac_loc_cb_register
                0x00050b20       0x30 ../../lib/libdwm.a(uwbmac.o)
                0x00050b20                uwbmac_loc_cb_register
 .text.uwbmac_loc_cb_call
                0x00050b50       0x40 ../../lib/libdwm.a(uwbmac.o)
                0x00050b50                uwbmac_loc_cb_call
 .text.uwbmac_an_loc_get
                0x00050b90       0xf8 ../../lib/libdwm.a(uwbmac.o)
                0x00050b90                uwbmac_an_loc_get
 .text.uwbmac_loc_get
                0x00050c88       0x58 ../../lib/libdwm.a(uwbmac.o)
                0x00050c88                uwbmac_loc_get
 .text.uwbmac_upd_per_set
                0x00050ce0       0x44 ../../lib/libdwm.a(uwbmac.o)
                0x00050ce0                uwbmac_upd_per_set
 .text.uwbmac_upd_per_get
                0x00050d24        0x4 ../../lib/libdwm.a(uwbmac.o)
                0x00050d24                uwbmac_upd_per_get
 .text.uwbmac_upd_per_must_change
                0x00050d28       0x40 ../../lib/libdwm.a(uwbmac.o)
                0x00050d28                uwbmac_upd_per_must_change
 .text.uwbmac_is_real_initiator
                0x00050d68       0x28 ../../lib/libdwm.a(uwbmac.o)
                0x00050d68                uwbmac_is_real_initiator
 .text.uwbmac_is_joined
                0x00050d90       0x40 ../../lib/libdwm.a(uwbmac.o)
                0x00050d90                uwbmac_is_joined
 .text.uwbmac_set_pos
                0x00050dd0       0xc8 ../../lib/libdwm.a(uwbmac.o)
                0x00050dd0                uwbmac_set_pos
 .text.uwbmac_get_pos
                0x00050e98       0x50 ../../lib/libdwm.a(uwbmac.o)
                0x00050e98                uwbmac_get_pos
 .text.uwbmac_panid_set
                0x00050ee8       0x20 ../../lib/libdwm.a(uwbmac.o)
                0x00050ee8                uwbmac_panid_set
 .text.uwbmac_panid_get
                0x00050f08       0x1c ../../lib/libdwm.a(uwbmac.o)
                0x00050f08                uwbmac_panid_get
 .text.uwbmac_reinit
                0x00050f24       0x30 ../../lib/libdwm.a(uwbmac.o)
                0x00050f24                uwbmac_reinit
 .text.uwbmac_mode_get_desc
                0x00050f54      0x13c ../../lib/libdwm.a(uwbmac.o)
                0x00050f54                uwbmac_mode_get_desc
 .text.uwbmac_info_get
                0x00051090       0x8c ../../lib/libdwm.a(uwbmac.o)
                0x00051090                uwbmac_info_get
 .text.uwbmac_sys_info
                0x0005111c      0x270 ../../lib/libdwm.a(uwbmac.o)
                0x0005111c                uwbmac_sys_info
 .text.uwbmac_fwup_get
                0x0005138c        0x8 ../../lib/libdwm.a(uwbmac.o)
                0x0005138c                uwbmac_fwup_get
 .text.autopos_start
                0x00051394       0xb0 ../../lib/libdwm.a(uwbmac.o)
                0x00051394                autopos_start
 .text.tdma_get_off_devt
                0x00051444        0xe ../../lib/libdwm.a(uwbmac-tdma.o)
                0x00051444                tdma_get_off_devt
 .text.tdma_get_sl_devt
                0x00051452       0x12 ../../lib/libdwm.a(uwbmac-tdma.o)
                0x00051452                tdma_get_sl_devt
 .text.tdma_reset
                0x00051464        0xa ../../lib/libdwm.a(uwbmac-tdma.o)
                0x00051464                tdma_reset
 .text.tdma_clear_flags
                0x0005146e        0xa ../../lib/libdwm.a(uwbmac-tdma.o)
                0x0005146e                tdma_clear_flags
 .text.tdma_set_flags
                0x00051478        0x8 ../../lib/libdwm.a(uwbmac-tdma.o)
                0x00051478                tdma_set_flags
 .text.tdma_is_enabled
                0x00051480        0x8 ../../lib/libdwm.a(uwbmac-tdma.o)
                0x00051480                tdma_is_enabled
 .text.tdma_get_next_slot
                0x00051488       0x5c ../../lib/libdwm.a(uwbmac-tdma.o)
                0x00051488                tdma_get_next_slot
 .text.tdma_set_sl_id
                0x000514e4        0xe ../../lib/libdwm.a(uwbmac-tdma.o)
                0x000514e4                tdma_set_sl_id
 *fill*         0x000514f2        0x2 
 .text.tdma_sl_map_dump
                0x000514f4       0x88 ../../lib/libdwm.a(uwbmac-tdma.o)
                0x000514f4                tdma_sl_map_dump
 .text.tdma_time_reset
                0x0005157c        0x8 ../../lib/libdwm.a(uwbmac-tdma.o)
                0x0005157c                tdma_time_reset
 *fill*         0x00051584        0x4 
 .text.tdma_time_update
                0x00051588      0x178 ../../lib/libdwm.a(uwbmac-tdma.o)
                0x00051588                tdma_time_update
 .text.tdma_time_rtc_update
                0x00051700       0xa4 ../../lib/libdwm.a(uwbmac-tdma.o)
                0x00051700                tdma_time_rtc_update
 .text.tdma_time_is_ready
                0x000517a4        0xc ../../lib/libdwm.a(uwbmac-tdma.o)
                0x000517a4                tdma_time_is_ready
 .text.tdma_map_init
                0x000517b0       0x52 ../../lib/libdwm.a(uwbmac-tdma.o)
                0x000517b0                tdma_map_init
 .text.tdma_map_free
                0x00051802       0x12 ../../lib/libdwm.a(uwbmac-tdma.o)
                0x00051802                tdma_map_free
 .text.tdma_map_shift
                0x00051814       0x68 ../../lib/libdwm.a(uwbmac-tdma.o)
                0x00051814                tdma_map_shift
 .text.tdma_map_alloc_slot
                0x0005187c       0x42 ../../lib/libdwm.a(uwbmac-tdma.o)
                0x0005187c                tdma_map_alloc_slot
 .text.tdma_map_get_sf_map
                0x000518be       0x6c ../../lib/libdwm.a(uwbmac-tdma.o)
                0x000518be                tdma_map_get_sf_map
 *fill*         0x0005192a        0x2 
 .text.tdma_map_dump
                0x0005192c       0xb8 ../../lib/libdwm.a(uwbmac-tdma.o)
                0x0005192c                tdma_map_dump
 .text.uwbmac_tdoa_send_blink
                0x000519e4       0x86 ../../lib/libdwm.a(uwbmac-tdoa.o)
                0x000519e4                uwbmac_tdoa_send_blink
 *fill*         0x00051a6a        0x2 
 .text.uwbmac_tn_fsm_twr_entry
                0x00051a6c       0xbc ../../lib/libdwm.a(uwbmac-tn.o)
 .text.uwbmac_tn_upd_per_reload
                0x00051b28       0x94 ../../lib/libdwm.a(uwbmac-tn.o)
 .text.uwbmac_tn_tdma_resync
                0x00051bbc       0x88 ../../lib/libdwm.a(uwbmac-tn.o)
 .text.uwbmac_tn_fsm_entry
                0x00051c44       0x34 ../../lib/libdwm.a(uwbmac-tn.o)
 .text.uwbmac_tn_tdma_enable
                0x00051c78       0x2e ../../lib/libdwm.a(uwbmac-tn.o)
 .text.uwbmac_tn_uwb_suspend
                0x00051ca6       0x4c ../../lib/libdwm.a(uwbmac-tn.o)
 *fill*         0x00051cf2        0x2 
 .text.uwbmac_tn_pm_resume
                0x00051cf4       0x70 ../../lib/libdwm.a(uwbmac-tn.o)
 *fill*         0x00051d64        0x4 
 .text.uwbmac_tn_signup_fsm_passive_idle
                0x00051d68      0x238 ../../lib/libdwm.a(uwbmac-tn.o)
 .text.uwbmac_twr_fsm_result_handler
                0x00051fa0      0x25c ../../lib/libdwm.a(uwbmac-tn.o)
 .text.uwbmac_tn_fsm_tdoa_entry
                0x000521fc       0x98 ../../lib/libdwm.a(uwbmac-tn.o)
 .text.uwbmac_tn_upd_per_set.isra.0
                0x00052294       0x48 ../../lib/libdwm.a(uwbmac-tn.o)
 .text.uwbmac_tn_fsm_resume
                0x000522dc      0x248 ../../lib/libdwm.a(uwbmac-tn.o)
 .text.uwbmac_tn_add_update_an.isra.4
                0x00052524       0x74 ../../lib/libdwm.a(uwbmac-tn.o)
 .text.uwbmac_tn_signup_fsm_rx_handler
                0x00052598      0x46c ../../lib/libdwm.a(uwbmac-tn.o)
 .text.uwbmac_tn_sched_sf
                0x00052a04       0xb8 ../../lib/libdwm.a(uwbmac-tn.o)
 .text.uwbmac_tn_sched
                0x00052abc      0x158 ../../lib/libdwm.a(uwbmac-tn.o)
 .text.uwbmac_tn_chk_upd_per.isra.6
                0x00052c14       0x70 ../../lib/libdwm.a(uwbmac-tn.o)
 *fill*         0x00052c84        0x4 
 .text.uwbmac_tn_fsm_tdma_run
                0x00052c88      0x910 ../../lib/libdwm.a(uwbmac-tn.o)
 .text.uwbmac_tn_fsm_suspend
                0x00053598      0x22c ../../lib/libdwm.a(uwbmac-tn.o)
 *fill*         0x000537c4        0x4 
 .text.uwbmac_tn_reinit
                0x000537c8      0x140 ../../lib/libdwm.a(uwbmac-tn.o)
                0x000537c8                uwbmac_tn_reinit
 .text.uwbmac_tn_signup_fsm_sync
                0x00053908      0x100 ../../lib/libdwm.a(uwbmac-tn.o)
 .text.uwbmac_tn_fsm_rx_handler
                0x00053a08      0x320 ../../lib/libdwm.a(uwbmac-tn.o)
 .text.uwbmac_tn_fsm_sync
                0x00053d28      0x154 ../../lib/libdwm.a(uwbmac-tn.o)
 .text.uwbmac_tn_init
                0x00053e7c       0xf4 ../../lib/libdwm.a(uwbmac-tn.o)
                0x00053e7c                uwbmac_tn_init
 .text.uwbmac_twr_fsm_inr_poll_handler
                0x00053f70      0x11c ../../lib/libdwm.a(uwbmac-twr.o)
 .text.uwbmac_twr_fsm_inr_await_poll_done
                0x0005408c       0x94 ../../lib/libdwm.a(uwbmac-twr.o)
 .text.uwbmac_twr_fsm_inr_final_handler
                0x00054120      0x22e ../../lib/libdwm.a(uwbmac-twr.o)
 *fill*         0x0005434e        0x2 
 .text.uwbmac_twr_fsm_inr_await_final_done
                0x00054350       0x58 ../../lib/libdwm.a(uwbmac-twr.o)
 .text.uwbmac_twr_fsm_rsp_resp_handler
                0x000543a8       0x98 ../../lib/libdwm.a(uwbmac-twr.o)
 .text.uwbmac_twr_fsm_rsp_poll_handler
                0x00054440       0x6a ../../lib/libdwm.a(uwbmac-twr.o)
 *fill*         0x000544aa        0x2 
 .text.uwbmac_twr_fsm_inr_await_poll
                0x000544ac      0x10c ../../lib/libdwm.a(uwbmac-twr.o)
 .text.uwbmac_twr_fsm_inr_await_final
                0x000545b8      0x100 ../../lib/libdwm.a(uwbmac-twr.o)
 .text.uwbmac_twr_fsm_inr_send_resp
                0x000546b8      0x138 ../../lib/libdwm.a(uwbmac-twr.o)
 .text.uwbmac_twr_fsm_inr_entry
                0x000547f0      0x14c ../../lib/libdwm.a(uwbmac-twr.o)
                0x000547f0                uwbmac_twr_fsm_inr_entry
 .text.uwbmac_twr_fsm_rsp_entry
                0x0005493c      0x250 ../../lib/libdwm.a(uwbmac-twr.o)
                0x0005493c                uwbmac_twr_fsm_rsp_entry
 .text.uwbmac_twr_rsp_sched_sl_map
                0x00054b8c       0xca ../../lib/libdwm.a(uwbmac-twr.o)
                0x00054b8c                uwbmac_twr_rsp_sched_sl_map
 *fill*         0x00054c56        0x2 
 .text.uwbmac_dw_get_dist
                0x00054c58       0xd4 ../../lib/libdwm.a(uwbmac-twr.o)
                0x00054c58                uwbmac_dw_get_dist
 .text.uwbmac_frm_build_cl_join_cfm
                0x00054d2c       0x38 ../../lib/libdwm.a(uwbmac-utils.o)
                0x00054d2c                uwbmac_frm_build_cl_join_cfm
 .text.uwbmac_frm_build_pos
                0x00054d64       0x22 ../../lib/libdwm.a(uwbmac-utils.o)
                0x00054d64                uwbmac_frm_build_pos
 .text.uwbmac_frm_svc
                0x00054d86       0xbc ../../lib/libdwm.a(uwbmac-utils.o)
                0x00054d86                uwbmac_frm_svc
 *fill*         0x00054e42        0x2 
 .text.uwbmac_frm_bcn
                0x00054e44      0x120 ../../lib/libdwm.a(uwbmac-utils.o)
                0x00054e44                uwbmac_frm_bcn
 .text.uwbmac_frm_cl_join
                0x00054f64      0x114 ../../lib/libdwm.a(uwbmac-utils.o)
                0x00054f64                uwbmac_frm_cl_join
 .text.uwbmac_frm_alma
                0x00055078      0x120 ../../lib/libdwm.a(uwbmac-utils.o)
                0x00055078                uwbmac_frm_alma
 .text.uwbmac_frm_ext_store
                0x00055198       0x1e ../../lib/libdwm.a(uwbmac-utils.o)
                0x00055198                uwbmac_frm_ext_store
 .text.write_reg8
                0x000551b6        0xa ../../lib/libdwm.a(lis2dx.o)
 .text.read_reg16
                0x000551c0        0x8 ../../lib/libdwm.a(lis2dx.o)
 .text.read_reg8
                0x000551c8        0x8 ../../lib/libdwm.a(lis2dx.o)
 .text.acc_intr
                0x000551d0       0x38 ../../lib/libdwm.a(lis2dx.o)
 .text.acc_wakeup_intr
                0x00055208       0x36 ../../lib/libdwm.a(lis2dx.o)
 *fill*         0x0005523e        0x2 
 .text.lis2dx_init
                0x00055240      0x100 ../../lib/libdwm.a(lis2dx.o)
                0x00055240                lis2dx_init
 .text.lis2dx_uninit
                0x00055340       0x20 ../../lib/libdwm.a(lis2dx.o)
                0x00055340                lis2dx_uninit
 .text.lis2dx_get_id
                0x00055360        0x6 ../../lib/libdwm.a(lis2dx.o)
                0x00055360                lis2dx_get_id
 .text.lis2dx_get_xyz
                0x00055366       0x24 ../../lib/libdwm.a(lis2dx.o)
                0x00055366                lis2dx_get_xyz
 *fill*         0x0005538a        0x2 
 .text.acc_get_data
                0x0005538c        0x8 ../../lib/libdwm.a(lis2dx.o)
                0x0005538c                acc_get_data
 .text.acc_init_poll
                0x00055394       0x44 ../../lib/libdwm.a(lis2dx.o)
                0x00055394                acc_init_poll
 .text.acc_init_drdy_irq
                0x000553d8        0x4 ../../lib/libdwm.a(lis2dx.o)
                0x000553d8                acc_init_drdy_irq
 .text.acc_init_wkup
                0x000553dc       0x44 ../../lib/libdwm.a(lis2dx.o)
                0x000553dc                acc_init_wkup
 .text.acc_uninit
                0x00055420       0x18 ../../lib/libdwm.a(lis2dx.o)
                0x00055420                acc_uninit
 .text.acc_is_moving
                0x00055438       0x3c ../../lib/libdwm.a(lis2dx.o)
                0x00055438                acc_is_moving
 .text.cmd_twi  0x00055474       0xc4 ../../lib/libdwm.a(shell-sens.o)
                0x00055474                cmd_twi
 .text.cmd_acc_shutdown_with_wkup
                0x00055538       0x38 ../../lib/libdwm.a(shell-sens.o)
                0x00055538                cmd_acc_shutdown_with_wkup
 .text.cmd_acc_hw_test
                0x00055570       0x6c ../../lib/libdwm.a(shell-sens.o)
 .text.cmd_acc_id
                0x000555dc       0x24 ../../lib/libdwm.a(shell-sens.o)
 .text.cmd_acc_xyz
                0x00055600       0x48 ../../lib/libdwm.a(shell-sens.o)
 .text.api_thread_start
                0x00055648       0x10 ../../lib/libdwm.a(process-api.o)
                0x00055648                api_thread_start
 .text.api_thread_init
                0x00055658       0x3c ../../lib/libdwm.a(process-api.o)
                0x00055658                api_thread_init
 .text.spis_gpio_set
                0x00055694       0x20 ../../lib/libdwm.a(serial.o)
 .text.gpio_wakeup_intr
                0x000556b4        0xc ../../lib/libdwm.a(serial.o)
 .text.spis_init
                0x000556c0       0x4c ../../lib/libdwm.a(serial.o)
 .text.uart_init
                0x0005570c       0x44 ../../lib/libdwm.a(serial.o)
 .text.pm_serial_suspend
                0x00055750       0x50 ../../lib/libdwm.a(serial.o)
 .text.uart_api_cb
                0x000557a0       0x30 ../../lib/libdwm.a(serial.o)
 .text._serial_uart_reinit
                0x000557d0       0x5c ../../lib/libdwm.a(serial.o)
 .text.spis_api_cb
                0x0005582c       0x74 ../../lib/libdwm.a(serial.o)
 .text._serial_status_change_ntfy
                0x000558a0       0x40 ../../lib/libdwm.a(serial.o)
 .text._serial_start
                0x000558e0        0xe ../../lib/libdwm.a(serial.o)
 *fill*         0x000558ee        0x2 
 .text.uart_timeout_handler
                0x000558f0       0x2c ../../lib/libdwm.a(serial.o)
 .text._serial_sleep
                0x0005591c       0x1c ../../lib/libdwm.a(serial.o)
 .text.uart_event_handler
                0x00055938       0x88 ../../lib/libdwm.a(serial.o)
 .text.spis_event_handler
                0x000559c0      0x1f4 ../../lib/libdwm.a(serial.o)
 .text.serial_sleep